c[?7l[2J[0mSeaBIOS (version rel-1.11.1-0-g0551a4be2c-prebuilt.qemu-project.org)


iPXE (http://ipxe.org) 00:03.0 C980 PCI2.10 PnP PMM+BFF914D0+BFEF14D0 C980
Press Ctrl-B to configure iPXE (PCI 00:03.0)...                                                                               


Booting from ROM..c[?7l[2J[0m.[    0.000000] Linux version 4.18.20-linux-cosmic-cosmic-base (root@80a77f26ef0f) (gcc version 7.5.0 (Ubuntu 7.5.0-3ubuntu1~18.04)) #1 SMP Tue Jan 9 11:20:01 UTC 2024 (Ubuntu 4.18.0-15.16-generic 4.18.20)
[    0.000000] Command line: panic=-1 console=ttyS0 root=/dev/sda rw init=/benchmark-scripts/install-mysql.sh
[    0.000000] KERNEL supported cpus:
[    0.000000]   Intel GenuineIntel
[    0.000000]   AMD AuthenticAMD
[    0.000000]   Centaur CentaurHauls
[    0.000000] x86/fpu: x87 FPU will use FXSAVE
[    0.000000] BIOS-provided physical RAM map:
[    0.000000] BIOS-e820: [mem 0x0000000000000000-0x000000000009fbff] usable
[    0.000000] BIOS-e820: [mem 0x000000000009fc00-0x000000000009ffff] reserved
[    0.000000] BIOS-e820: [mem 0x00000000000f0000-0x00000000000fffff] reserved
[    0.000000] BIOS-e820: [mem 0x0000000000100000-0x00000000bffdefff] usable
[    0.000000] BIOS-e820: [mem 0x00000000bffdf000-0x00000000bfffffff] reserved
[    0.000000] BIOS-e820: [mem 0x00000000feffc000-0x00000000feffffff] reserved
[    0.000000] BIOS-e820: [mem 0x00000000fffc0000-0x00000000ffffffff] reserved
[    0.000000] BIOS-e820: [mem 0x0000000100000000-0x000000023fffffff] usable
[    0.000000] NX (Execute Disable) protection: active
[    0.000000] SMBIOS 2.8 present.
[    0.000000] DMI: QEMU Standard PC (i440FX + PIIX, 1996), BIOS rel-1.11.1-0-g0551a4be2c-prebuilt.qemu-project.org 04/01/2014
[    0.000000] Hypervisor detected: KVM
[    0.000000] AGP: No AGP bridge found
[    0.000000] last_pfn = 0x240000 max_arch_pfn = 0x400000000
[    0.000000] x86/PAT: Configuration [0-7]: WB  WC  UC- UC  WB  WC  UC- UC  
[    0.000000] last_pfn = 0xbffdf max_arch_pfn = 0x400000000
[    0.000000] found SMP MP-table at [mem 0x000f5b40-0x000f5b4f] mapped at [(____ptrval____)]
[    0.000000] Scanning 1 areas for low memory corruption
[    0.000000] ACPI: Early table checksum verification disabled
[    0.000000] ACPI: RSDP 0x00000000000F5AF0 000014 (v00 BOCHS )
[    0.000000] ACPI: RSDT 0x00000000BFFE13D2 000030 (v01 BOCHS  BXPCRSDT 00000001 BXPC 00000001)
[    0.000000] ACPI: FACP 0x00000000BFFE1296 000074 (v01 BOCHS  BXPCFACP 00000001 BXPC 00000001)
[    0.000000] ACPI: DSDT 0x00000000BFFDFD80 001516 (v01 BOCHS  BXPCDSDT 00000001 BXPC 00000001)
[    0.000000] ACPI: FACS 0x00000000BFFDFD40 000040
[    0.000000] ACPI: APIC 0x00000000BFFE130A 000090 (v01 BOCHS  BXPCAPIC 00000001 BXPC 00000001)
[    0.000000] ACPI: HPET 0x00000000BFFE139A 000038 (v01 BOCHS  BXPCHPET 00000001 BXPC 00000001)
[    0.000000] No NUMA configuration found
[    0.000000] Faking a node at [mem 0x0000000000000000-0x000000023fffffff]
[    0.000000] NODE_DATA(0) allocated [mem 0x23ffd1000-0x23fffbfff]
[    0.000000] kvm-clock: cpu 0, msr 2:3ff50001, primary cpu clock
[    0.000000] kvm-clock: Using msrs 4b564d01 and 4b564d00
[    0.000000] kvm-clock: using sched offset of 419886079 cycles
[    0.000000] clocksource: kvm-clock: mask: 0xffffffffffffffff max_cycles: 0x1cd42e4dffb, max_idle_ns: 881590591483 ns
[    0.000000] Zone ranges:
[    0.000000]   DMA      [mem 0x0000000000001000-0x0000000000ffffff]
[    0.000000]   DMA32    [mem 0x0000000001000000-0x00000000ffffffff]
[    0.000000]   Normal   [mem 0x0000000100000000-0x000000023fffffff]
[    0.000000]   Device   empty
[    0.000000] Movable zone start for each node
[    0.000000] Early memory node ranges
[    0.000000]   node   0: [mem 0x0000000000001000-0x000000000009efff]
[    0.000000]   node   0: [mem 0x0000000000100000-0x00000000bffdefff]
[    0.000000]   node   0: [mem 0x0000000100000000-0x000000023fffffff]
[    0.000000] Reserved but unavailable: 131 pages
[    0.000000] Initmem setup node 0 [mem 0x0000000000001000-0x000000023fffffff]
[    0.000000] ACPI: PM-Timer IO Port: 0x608
[    0.000000] ACPI: LAPIC_NMI (acpi_id[0xff] dfl dfl lint[0x1])
[    0.000000] IOAPIC[0]: apic_id 0, version 17, address 0xfec00000, GSI 0-23
[    0.000000] ACPI: INT_SRC_OVR (bus 0 bus_irq 0 global_irq 2 dfl dfl)
[    0.000000] ACPI: INT_SRC_OVR (bus 0 bus_irq 5 global_irq 5 high level)
[    0.000000] ACPI: INT_SRC_OVR (bus 0 bus_irq 9 global_irq 9 high level)
[    0.000000] ACPI: INT_SRC_OVR (bus 0 bus_irq 10 global_irq 10 high level)
[    0.000000] ACPI: INT_SRC_OVR (bus 0 bus_irq 11 global_irq 11 high level)
[    0.000000] Using ACPI (MADT) for SMP configuration information
[    0.000000] ACPI: HPET id: 0x8086a201 base: 0xfed00000
[    0.000000] smpboot: Allowing 4 CPUs, 0 hotplug CPUs
[    0.000000] PM: Registered nosave memory: [mem 0x00000000-0x00000fff]
[    0.000000] PM: Registered nosave memory: [mem 0x0009f000-0x0009ffff]
[    0.000000] PM: Registered nosave memory: [mem 0x000a0000-0x000effff]
[    0.000000] PM: Registered nosave memory: [mem 0x000f0000-0x000fffff]
[    0.000000] PM: Registered nosave memory: [mem 0xbffdf000-0xbfffffff]
[    0.000000] PM: Registered nosave memory: [mem 0xc0000000-0xfeffbfff]
[    0.000000] PM: Registered nosave memory: [mem 0xfeffc000-0xfeffffff]
[    0.000000] PM: Registered nosave memory: [mem 0xff000000-0xfffbffff]
[    0.000000] PM: Registered nosave memory: [mem 0xfffc0000-0xffffffff]
[    0.000000] [mem 0xc0000000-0xfeffbfff] available for PCI devices
[    0.000000] Booting paravirtualized kernel on KVM
[    0.000000] clocksource: refined-jiffies: mask: 0xffffffff max_cycles: 0xffffffff, max_idle_ns: 7645519600211568 ns
[    0.000000] random: get_random_bytes called from start_kernel+0x99/0x55a with crng_init=0
[    0.000000] setup_percpu: NR_CPUS:8192 nr_cpumask_bits:4 nr_cpu_ids:4 nr_node_ids:1
[    0.000000] percpu: Embedded 46 pages/cpu @(____ptrval____) s151552 r8192 d28672 u524288
[    0.000000] KVM setup async PF for cpu 0
[    0.000000] kvm-stealtime: cpu 0, msr 23fc24040
[    0.000000] Built 1 zonelists, mobility grouping on.  Total pages: 2064232
[    0.000000] Policy zone: Normal
[    0.000000] Kernel command line: panic=-1 console=ttyS0 root=/dev/sda rw init=/benchmark-scripts/install-mysql.sh
[    0.000000] AGP: Checking aperture...
[    0.000000] AGP: No AGP bridge found
[    0.000000] Memory: 8159340K/8388084K available (14348K kernel code, 2634K rwdata, 4184K rodata, 2464K init, 2340K bss, 228744K reserved, 0K cma-reserved)
[    0.000000] SLUB: HWalign=64, Order=0-3, MinObjects=0, CPUs=4, Nodes=1
[    0.000000] Kernel/User page tables isolation: enabled
[    0.000000] ftrace: allocating 40752 entries in 160 pages
[    0.004000] Hierarchical RCU implementation.
[    0.004000] 	RCU restricting CPUs from NR_CPUS=8192 to nr_cpu_ids=4.
[    0.004000] 	Tasks RCU enabled.
[    0.004000] RCU: Adjusting geometry for rcu_fanout_leaf=16, nr_cpu_ids=4
[    0.004000] NR_IRQS: 524544, nr_irqs: 456, preallocated irqs: 16
[    0.004000] Console: colour VGA+ 80x25
[    0.004000] console [ttyS0] enabled
[    0.004000] ACPI: Core revision 20180531
[    0.004000] clocksource: hpet: mask: 0xffffffff max_cycles: 0xffffffff, max_idle_ns: 19112604467 ns
[    0.004008] APIC: Switch to symmetric I/O mode setup
[    0.005407] x2apic enabled
[    0.006362] Switched APIC routing to physical x2apic.
[    0.008919] ..TIMER: vector=0x30 apic1=0 pin1=2 apic2=-1 pin2=-1
[    0.010163] tsc: Detected 2095.078 MHz processor
[    0.011102] clocksource: tsc-early: mask: 0xffffffffffffffff max_cycles: 0x1e3306b9ada, max_idle_ns: 440795224413 ns
[    0.012004] Calibrating delay loop (skipped) preset value.. 4190.15 BogoMIPS (lpj=8380312)
[    0.013659] pid_max: default: 32768 minimum: 301
[    0.014623] Security Framework initialized
[    0.016002] Yama: becoming mindful.
[    0.016731] AppArmor: AppArmor initialized
[    0.021678] Dentry cache hash table entries: 1048576 (order: 11, 8388608 bytes)
[    0.024863] Inode-cache hash table entries: 524288 (order: 10, 4194304 bytes)
[    0.026346] Mount-cache hash table entries: 16384 (order: 5, 131072 bytes)
[    0.027741] Mountpoint-cache hash table entries: 16384 (order: 5, 131072 bytes)
[    0.028322] mce: CPU supports 10 MCE banks
[    0.029234] Last level iTLB entries: 4KB 0, 2MB 0, 4MB 0
[    0.030302] Last level dTLB entries: 4KB 0, 2MB 0, 4MB 0, 1GB 0
[    0.032004] Spectre V2 : Mitigation: Full generic retpoline
[    0.033124] Spectre V2 : Spectre v2 / SpectreRSB mitigation: Filling RSB on context switch
[    0.034778] Speculative Store Bypass: Vulnerable
[    0.036069] MDS: Vulnerable: Clear CPU buffers attempted, no microcode
[    0.037566] Freeing SMP alternatives memory: 36K
[    0.044000] smpboot: CPU0: Intel Common KVM processor (family: 0xf, model: 0x6, stepping: 0x1)
[    0.044000] Performance Events: unsupported Netburst CPU model 6 no PMU driver, software events only.
[    0.044024] Hierarchical SRCU implementation.
[    0.046002] NMI watchdog: Perf event create on CPU 0 failed with -2
[    0.047270] NMI watchdog: Perf NMI watchdog permanently disabled
[    0.048077] smp: Bringing up secondary CPUs ...
[    0.049097] x86: Booting SMP configuration:
[    0.049955] .... node  #0, CPUs:      #1
[    0.004000] kvm-clock: cpu 1, msr 2:3ff50041, secondary cpu clock
[    0.068046] KVM setup async PF for cpu 1
[    0.069052] kvm-stealtime: cpu 1, msr 23fca4040
[    0.070221]  #2
[    0.004000] kvm-clock: cpu 2, msr 2:3ff50081, secondary cpu clock
[    0.088028] KVM setup async PF for cpu 2
[    0.088982] kvm-stealtime: cpu 2, msr 23fd24040
[    0.090094]  #3
[    0.004000] kvm-clock: cpu 3, msr 2:3ff500c1, secondary cpu clock
[    0.108086] KVM setup async PF for cpu 3
[    0.110452] kvm-stealtime: cpu 3, msr 23fda4040
[    0.116023] smp: Brought up 1 node, 4 CPUs
[    0.116850] smpboot: Max logical packages: 4
[    0.117721] smpboot: Total of 4 processors activated (16760.62 BogoMIPS)
[    0.120334] devtmpfs: initialized
[    0.120750] x86/mm: Memory block size: 128MB
[    0.122446] clocksource: jiffies: mask: 0xffffffff max_cycles: 0xffffffff, max_idle_ns: 7645041785100000 ns
[    0.124010] futex hash table entries: 1024 (order: 4, 65536 bytes)
[    0.125335] pinctrl core: initialized pinctrl subsystem
[    0.126573] RTC time: 11:44:50, date: 01/09/24
[    0.128196] NET: Registered protocol family 16
[    0.129199] audit: initializing netlink subsys (disabled)
[    0.130322] audit: type=2000 audit(1704800690.067:1): state=initialized audit_enabled=0 res=1
[    0.132017] cpuidle: using governor ladder
[    0.132854] cpuidle: using governor menu
[    0.136159] ACPI: bus type PCI registered
[    0.136973] acpiphp: ACPI Hot Plug PCI Controller Driver version: 0.5
[    0.138429] PCI: Using configuration type 1 for base access
[    0.141544] HugeTLB registered 2.00 MiB page size, pre-allocated 0 pages
[    0.141544] ACPI: Added _OSI(Module Device)
[    0.144008] ACPI: Added _OSI(Processor Device)
[    0.144912] ACPI: Added _OSI(3.0 _SCP Extensions)
[    0.145873] ACPI: Added _OSI(Processor Aggregator Device)
[    0.146965] ACPI: Added _OSI(Linux-Dell-Video)
[    0.148002] ACPI: Added _OSI(Linux-Lenovo-NV-HDMI-Audio)
[    0.150764] ACPI: 1 ACPI AML tables successfully acquired and loaded
[    0.153950] ACPI: Interpreter enabled
[    0.154727] ACPI: (supports S0 S3 S4 S5)
[    0.155523] ACPI: Using IOAPIC for interrupt routing
[    0.156017] PCI: Using host bridge windows from ACPI; if necessary, use "pci=nocrs" and report a bug
[    0.158025] ACPI: Enabled 2 GPEs in block 00 to 0F
[    0.164127] ACPI: PCI Root Bridge [PCI0] (domain 0000 [bus 00-ff])
[    0.165390] acpi PNP0A03:00: _OSC: OS supports [ASPM ClockPM Segments MSI]
[    0.166789] acpi PNP0A03:00: _OSC failed (AE_NOT_FOUND); disabling ASPM
[    0.168012] acpi PNP0A03:00: fail to add MMCONFIG information, can't access extended PCI configuration space under this bridge.
[    0.170800] acpiphp: Slot [3] registered
[    0.171640] acpiphp: Slot [4] registered
[    0.172049] acpiphp: Slot [5] registered
[    0.172888] acpiphp: Slot [6] registered
[    0.173737] acpiphp: Slot [7] registered
[    0.174584] acpiphp: Slot [8] registered
[    0.175422] acpiphp: Slot [9] registered
[    0.176048] acpiphp: Slot [10] registered
[    0.176901] acpiphp: Slot [11] registered
[    0.177768] acpiphp: Slot [12] registered
[    0.178621] acpiphp: Slot [13] registered
[    0.180049] acpiphp: Slot [14] registered
[    0.180905] acpiphp: Slot [15] registered
[    0.181756] acpiphp: Slot [16] registered
[    0.182617] acpiphp: Slot [17] registered
[    0.183471] acpiphp: Slot [18] registered
[    0.184048] acpiphp: Slot [19] registered
[    0.184904] acpiphp: Slot [20] registered
[    0.185766] acpiphp: Slot [21] registered
[    0.186619] acpiphp: Slot [22] registered
[    0.187471] acpiphp: Slot [23] registered
[    0.188047] acpiphp: Slot [24] registered
[    0.188900] acpiphp: Slot [25] registered
[    0.189761] acpiphp: Slot [26] registered
[    0.190614] acpiphp: Slot [27] registered
[    0.192048] acpiphp: Slot [28] registered
[    0.192903] acpiphp: Slot [29] registered
[    0.193757] acpiphp: Slot [30] registered
[    0.194633] acpiphp: Slot [31] registered
[    0.195457] PCI host bridge to bus 0000:00
[    0.196003] pci_bus 0000:00: root bus resource [io  0x0000-0x0cf7 window]
[    0.197361] pci_bus 0000:00: root bus resource [io  0x0d00-0xffff window]
[    0.198727] pci_bus 0000:00: root bus resource [mem 0x000a0000-0x000bffff window]
[    0.200002] pci_bus 0000:00: root bus resource [mem 0xc0000000-0xfebfffff window]
[    0.201504] pci_bus 0000:00: root bus resource [mem 0x240000000-0x2bfffffff window]
[    0.203029] pci_bus 0000:00: root bus resource [bus 00-ff]
[    0.211871] pci 0000:00:01.1: legacy IDE quirk: reg 0x10: [io  0x01f0-0x01f7]
[    0.212004] pci 0000:00:01.1: legacy IDE quirk: reg 0x14: [io  0x03f6]
[    0.214060] pci 0000:00:01.1: legacy IDE quirk: reg 0x18: [io  0x0170-0x0177]
[    0.216002] pci 0000:00:01.1: legacy IDE quirk: reg 0x1c: [io  0x0376]
[    0.218236] pci 0000:00:01.3: quirk: [io  0x0600-0x063f] claimed by PIIX4 ACPI
[    0.220014] pci 0000:00:01.3: quirk: [io  0x0700-0x070f] claimed by PIIX4 SMB
[    0.254766] ACPI: PCI Interrupt Link [LNKA] (IRQs 5 *10 11)
[    0.256110] ACPI: PCI Interrupt Link [LNKB] (IRQs 5 *10 11)
[    0.257399] ACPI: PCI Interrupt Link [LNKC] (IRQs 5 10 *11)
[    0.258692] ACPI: PCI Interrupt Link [LNKD] (IRQs 5 10 *11)
[    0.259907] ACPI: PCI Interrupt Link [LNKS] (IRQs *9)
[    0.260907] SCSI subsystem initialized
[    0.261798] pci 0000:00:02.0: vgaarb: setting as boot VGA device
[    0.261798] pci 0000:00:02.0: vgaarb: VGA device added: decodes=io+mem,owns=io+mem,locks=none
[    0.264008] pci 0000:00:02.0: vgaarb: bridge control possible
[    0.265178] vgaarb: loaded
[    0.265767] ACPI: bus type USB registered
[    0.268029] usbcore: registered new interface driver usbfs
[    0.269145] usbcore: registered new interface driver hub
[    0.270239] usbcore: registered new device driver usb
[    0.271284] pps_core: LinuxPPS API ver. 1 registered
[    0.272002] pps_core: Software ver. 5.3.6 - Copyright 2005-2007 Rodolfo Giometti <giometti@linux.it>
[    0.273834] PTP clock support registered
[    0.274668] EDAC MC: Ver: 3.0.0
[    0.276195] PCI: Using ACPI for IRQ routing
[    0.277260] NetLabel: Initializing
[    0.277964] NetLabel:  domain hash size = 128
[    0.278842] NetLabel:  protocols = UNLABELED CIPSOv4 CALIPSO
[    0.280025] NetLabel:  unlabeled traffic allowed by default
[    0.281164] HPET: 3 timers in total, 0 timers will be used for per-cpu timer
[    0.281539] hpet0: at MMIO 0xfed00000, IRQs 2, 8, 0
[    0.284003] hpet0: 3 comparators, 64-bit 100.000000 MHz counter
[    0.289088] clocksource: Switched to clocksource kvm-clock
[    0.303671] VFS: Disk quotas dquot_6.6.0
[    0.304541] VFS: Dquot-cache hash table entries: 512 (order 0, 4096 bytes)
[    0.306658] AppArmor: AppArmor Filesystem Enabled
[    0.307643] pnp: PnP ACPI init
[    0.308952] pnp: PnP ACPI: found 6 devices
[    0.318047] clocksource: acpi_pm: mask: 0xffffff max_cycles: 0xffffff, max_idle_ns: 2085701024 ns
[    0.319953] NET: Registered protocol family 2
[    0.321723] tcp_listen_portaddr_hash hash table entries: 4096 (order: 4, 65536 bytes)
[    0.323336] TCP established hash table entries: 65536 (order: 7, 524288 bytes)
[    0.324921] TCP bind hash table entries: 65536 (order: 8, 1048576 bytes)
[    0.326367] TCP: Hash tables configured (established 65536 bind 65536)
[    0.327733] UDP hash table entries: 4096 (order: 5, 131072 bytes)
[    0.329571] UDP-Lite hash table entries: 4096 (order: 5, 131072 bytes)
[    0.330967] NET: Registered protocol family 1
[    0.331858] NET: Registered protocol family 44
[    0.332776] pci 0000:00:00.0: Limiting direct PCI/PCI transfers
[    0.333979] pci 0000:00:01.0: PIIX3: Enabling Passive Release
[    0.335160] pci 0000:00:01.0: Activating ISA DMA hang workarounds
[    0.336474] pci 0000:00:02.0: Video device with shadowed ROM at [mem 0x000c0000-0x000dffff]
[    0.338230] PCI-DMA: Using software bounce buffering for IO (SWIOTLB)
[    0.339519] software IO TLB [mem 0xbbfdf000-0xbffdf000] (64MB) mapped at [(____ptrval____)-(____ptrval____)]
[    0.341541] clocksource: tsc: mask: 0xffffffffffffffff max_cycles: 0x1e3306b9ada, max_idle_ns: 440795224413 ns
[    0.343568] Scanning for low memory corruption every 60 seconds
[    0.345470] Initialise system trusted keyrings
[    0.346396] Key type blacklist registered
[    0.347281] workingset: timestamp_bits=36 max_order=21 bucket_order=0
[    0.350091] zbud: loaded
[    0.351275] squashfs: version 4.0 (2009/01/31) Phillip Lougher
[    0.352770] fuse init (API version 7.27)
[    0.353674] pstore: using deflate compression
[    0.357810] Key type asymmetric registered
[    0.358653] Asymmetric key parser 'x509' registered
[    0.359666] Block layer SCSI generic (bsg) driver version 0.4 loaded (major 244)
[    0.361237] io scheduler noop registered
[    0.362034] io scheduler deadline registered
[    0.362927] io scheduler cfq registered (default)
[    0.364101] shpchp: Standard Hot Plug PCI Controller Driver version: 0.4
[    0.365603] input: Power Button as /devices/LNXSYSTM:00/LNXPWRBN:00/input/input0
[    0.367106] ACPI: Power Button [PWRF]
[    0.368367] Serial: 8250/16550 driver, 32 ports, IRQ sharing enabled
[    0.395466] 00:05: ttyS0 at I/O 0x3f8 (irq = 4, base_baud = 115200) is a 16550A
[    0.399836] Linux agpgart interface v0.103
[    0.403162] loop: module loaded
[    0.405504] scsi host0: ata_piix
[    0.406348] scsi host1: ata_piix
[    0.407040] ata1: PATA max MWDMA2 cmd 0x1f0 ctl 0x3f6 bmdma 0xc040 irq 14
[    0.408417] ata2: PATA max MWDMA2 cmd 0x170 ctl 0x376 bmdma 0xc048 irq 15
[    0.409903] libphy: Fixed MDIO Bus: probed
[    0.410796] tun: Universal TUN/TAP device driver, 1.6
[    0.411949] PPP generic driver version 2.4.2
[    0.412909] ehci_hcd: USB 2.0 'Enhanced' Host Controller (EHCI) Driver
[    0.414223] ehci-pci: EHCI PCI platform driver
[    0.415132] ehci-platform: EHCI generic platform driver
[    0.416203] ohci_hcd: USB 1.1 'Open' Host Controller (OHCI) Driver
[    0.417446] ohci-pci: OHCI PCI platform driver
[    0.418353] ohci-platform: OHCI generic platform driver
[    0.419404] uhci_hcd: USB Universal Host Controller Interface driver
[    0.420741] i8042: PNP: PS/2 Controller [PNP0303:KBD,PNP0f13:MOU] at 0x60,0x64 irq 1,12
[    0.423816] serio: i8042 KBD port at 0x60,0x64 irq 1
[    0.424843] serio: i8042 AUX port at 0x60,0x64 irq 12
[    0.426041] mousedev: PS/2 mouse device common for all mice
[    0.427669] rtc_cmos 00:00: RTC can wake from S4
[    0.429279] rtc_cmos 00:00: registered as rtc0
[    0.430225] rtc_cmos 00:00: alarms up to one day, y3k, 114 bytes nvram, hpet irqs
[    0.431721] i2c /dev entries driver
[    0.432516] device-mapper: uevent: version 1.0.3
[    0.433610] device-mapper: ioctl: 4.39.0-ioctl (2018-04-03) initialised: dm-devel@redhat.com
[    0.435358] input: AT Translated Set 2 keyboard as /devices/platform/i8042/serio0/input/input1
[    0.437504] ledtrig-cpu: registered to indicate activity on CPUs
[    0.442163] NET: Registered protocol family 10
[    0.446535] Segment Routing with IPv6
[    0.448893] NET: Registered protocol family 17
[    0.451645] Key type dns_resolver registered
[    0.455090] RAS: Correctable Errors collector initialized.
[    0.458459] sched_clock: Marking stable (458407806, 0)->(1044460881, -586053075)
[    0.463835] registered taskstats version 1
[    0.466411] Loading compiled-in X.509 certificates
[    0.471735] Loaded X.509 cert 'Build time autogenerated kernel key: 1c2f1b3729eaf9d5675161492f0e930109267547'
[    0.477760] zswap: loaded using pool lzo/zbud
[    0.481392] Key type big_key registered
[    0.483718] Key type trusted registered
[    0.486270] Key type encrypted registered
[    0.488781] AppArmor: AppArmor sha1 policy hashing enabled
[    0.492139] ima: No TPM chip found, activating TPM-bypass! (rc=-19)
[    0.495903] ima: Allocated hash algorithm: sha1
[    0.498694] evm: Initialising EVM extended attributes:
[    0.501790] evm: security.selinux
[    0.503792] evm: security.SMACK64
[    0.505816] evm: security.SMACK64EXEC
[    0.508036] evm: security.SMACK64TRANSMUTE
[    0.510516] evm: security.SMACK64MMAP
[    0.512749] evm: security.apparmor
[    0.514802] evm: security.ima
[    0.516636] evm: security.capability
[    0.518794] evm: HMAC attrs: 0x1
[    0.521487]   Magic number: 8:494:731
[    0.524113] rtc_cmos 00:00: setting system clock to 2024-01-09 11:44:50 UTC (1704800690)
[    0.572358] ata1.00: ATA-7: QEMU HARDDISK, 2.5+, max UDMA/100
[    0.575842] ata1.00: 41943040 sectors, multi 16: LBA48 
[    0.579707] ata2.00: ATAPI: QEMU DVD-ROM, 2.5+, max UDMA/100
[    0.586293] scsi 0:0:0:0: Direct-Access     ATA      QEMU HARDDISK    2.5+ PQ: 0 ANSI: 5
[    0.591668] sd 0:0:0:0: Attached scsi generic sg0 type 0
[    0.591770] sd 0:0:0:0: [sda] 41943040 512-byte logical blocks: (21.5 GB/20.0 GiB)
[    0.600439] sd 0:0:0:0: [sda] Write Protect is off
[    0.603375] scsi 1:0:0:0: CD-ROM            QEMU     QEMU DVD-ROM     2.5+ PQ: 0 ANSI: 5
[    0.604147] sd 0:0:0:0: [sda] Write cache: enabled, read cache: enabled, doesn't support DPO or FUA
[    0.624377] sd 0:0:0:0: [sda] Attached SCSI disk
[    0.645737] sr 1:0:0:0: [sr0] scsi3-mmc drive: 4x/4x cd/rw xa/form2 tray
[    0.649823] cdrom: Uniform CD-ROM driver Revision: 3.20
[    0.653537] sr 1:0:0:0: Attached scsi generic sg1 type 5
[    0.657175] md: Waiting for all devices to be available before autodetect
[    0.661315] md: If you don't use raid, use raid=noautodetect
[    0.665219] md: Autodetecting RAID arrays.
[    0.667715] md: autorun ...
[    0.669494] md: ... autorun DONE.
[    0.693438] EXT4-fs (sda): mounted filesystem with ordered data mode. Opts: (null)
[    0.698059] VFS: Mounted root (ext4 filesystem) on device 8:0.
[    0.704768] devtmpfs: mounted
[    0.719570] Freeing unused kernel image memory: 2464K
[    0.736052] Write protecting the kernel read-only data: 22528k
[    0.744669] Freeing unused kernel image memory: 2008K
[    0.748779] Freeing unused kernel image memory: 1960K
[    0.779836] x86/mm: Checked W+X mappings: passed, no W+X pages found.
[    0.782125] x86/mm: Checking user space page tables
[    0.801420] x86/mm: Checked W+X mappings: passed, no W+X pages found.
[    1.109741] random: fast init done
[    5.698795] random: crng init done
[    9.267789] e1000: Intel(R) PRO/1000 Network Driver - version 7.3.21-k8-NAPI
[    9.270970] e1000: Copyright (c) 1999-2006 Intel Corporation.
[    9.326453] PCI Interrupt Link [LNKC] enabled at IRQ 11
[    9.727865] e1000 0000:00:03.0 eth0: (PCI:33MHz:32-bit) 52:54:00:12:34:56
[    9.729286] e1000 0000:00:03.0 eth0: Intel(R) PRO/1000 Network Connection
[    9.757413] IPv6: ADDRCONF(NETDEV_UP): eth0: link is not ready
[   11.772890] e1000: eth0 NIC Link is Up 1000 Mbps Full Duplex, Flow Control: RX
[   11.778974] IPv6: ADDRCONF(NETDEV_CHANGE): eth0: link becomes ready
Reading package lists... 0%Reading package lists... 100%Reading package lists... Done
Building dependency tree... 0%Building dependency tree... 0%Building dependency tree... 50%Building dependency tree... 50%Building dependency tree       
Reading state information... 0%Reading state information... 0%Reading state information... Done
Package 'dbconfig-mysql' is not installed, so not removed
0 upgraded, 0 newly installed, 0 to remove and 0 not upgraded.
Reading package lists... 0%Reading package lists... 100%Reading package lists... Done
Building dependency tree... 0%Building dependency tree... 0%Building dependency tree... 50%Building dependency tree... 50%Building dependency tree       
Reading state information... 0%Reading state information... 0%Reading state information... Done
Note, selecting 'mysqltcl' for glob 'mysql*'
Note, selecting 'mysql-workbench' for glob 'mysql*'
Note, selecting 'mysql-client-5.5' for glob 'mysql*'
Note, selecting 'mysql-client-5.6' for glob 'mysql*'
Note, selecting 'mysql-client-5.7' for glob 'mysql*'
Note, selecting 'mysql-common-5.6' for glob 'mysql*'
Note, selecting 'mysql-server-5.0' for glob 'mysql*'
Note, selecting 'mysql-server-5.1' for glob 'mysql*'
Note, selecting 'mysql-server-5.5' for glob 'mysql*'
Note, selecting 'mysql-server-5.6' for glob 'mysql*'
Note, selecting 'mysql-server-5.7' for glob 'mysql*'
Note, selecting 'mysql-utilities' for glob 'mysql*'
Note, selecting 'mysql-testsuite' for glob 'mysql*'
Note, selecting 'mysql-server' for glob 'mysql*'
Note, selecting 'mysql-client' for glob 'mysql*'
Note, selecting 'mysql-sandbox' for glob 'mysql*'
Note, selecting 'mysql-client-core-5.5' for glob 'mysql*'
Note, selecting 'mysql-client-core-5.6' for glob 'mysql*'
Note, selecting 'mysql-client-core-5.7' for glob 'mysql*'
Note, selecting 'mysql-testsuite-5.5' for glob 'mysql*'
Note, selecting 'mysql-testsuite-5.6' for glob 'mysql*'
Note, selecting 'mysql-testsuite-5.7' for glob 'mysql*'
Note, selecting 'mysql-common' for glob 'mysql*'
Note, selecting 'mysqltuner' for glob 'mysql*'
Note, selecting 'mysql-workbench-data' for glob 'mysql*'
Note, selecting 'mysql-server-core-5.1' for glob 'mysql*'
Note, selecting 'mysql-server-core-5.5' for glob 'mysql*'
Note, selecting 'mysql-server-core-5.6' for glob 'mysql*'
Note, selecting 'mysql-server-core-5.7' for glob 'mysql*'
Note, selecting 'mysql-source-5.7' for glob 'mysql*'
Package 'mysql-client-5.5' is not installed, so not removed
Package 'mysql-client-5.6' is not installed, so not removed
Package 'mysql-server-core-5.6' is not installed, so not removed
Package 'mysql-client-core-5.5' is not installed, so not removed
Package 'mysql-client-core-5.6' is not installed, so not removed
Note, selecting 'mysql-common' instead of 'mysql-common-5.6'
Package 'mysql-server-5.5' is not installed, so not removed
Package 'mysql-server-5.6' is not installed, so not removed
Package 'mysql-server-core-5.5' is not installed, so not removed
Package 'mysql-testsuite-5.5' is not installed, so not removed
Package 'mysql-testsuite-5.6' is not installed, so not removed
Package 'mysql-server-5.0' is not installed, so not removed
Package 'mysql-server-5.1' is not installed, so not removed
Package 'mysql-server-core-5.1' is not installed, so not removed
Package 'mysql-client' is not installed, so not removed
Package 'mysql-client-5.7' is not installed, so not removed
Package 'mysql-client-core-5.7' is not installed, so not removed
Package 'mysql-common' is not installed, so not removed
Package 'mysql-server' is not installed, so not removed
Package 'mysql-server-5.7' is not installed, so not removed
Package 'mysql-server-core-5.7' is not installed, so not removed
Package 'mysql-sandbox' is not installed, so not removed
Package 'mysql-source-5.7' is not installed, so not removed
Package 'mysql-testsuite' is not installed, so not removed
Package 'mysql-testsuite-5.7' is not installed, so not removed
Package 'mysql-utilities' is not installed, so not removed
Package 'mysql-workbench' is not installed, so not removed
Package 'mysql-workbench-data' is not installed, so not removed
Package 'mysqltcl' is not installed, so not removed
Package 'mysqltuner' is not installed, so not removed
0 upgraded, 0 newly installed, 0 to remove and 0 not upgraded.
Reading package lists... 0%Reading package lists... 100%Reading package lists... Done
Building dependency tree... 0%Building dependency tree... 0%Building dependency tree... 50%Building dependency tree... 50%Building dependency tree       
Reading state information... 0%Reading state information... 0%Reading state information... Done
0 upgraded, 0 newly installed, 0 to remove and 0 not upgraded.
Reading package lists... 0%Reading package lists... 100%Reading package lists... Done
Building dependency tree... 0%Building dependency tree... 0%Building dependency tree... 50%Building dependency tree... 50%Building dependency tree       
Reading state information... 0%Reading state information... 0%Reading state information... Done
rm: cannot remove '/etc/mysql': No such file or directory
rm: cannot remove '/var/lib/mysql': No such file or directory
Reading package lists... 0%Reading package lists... 100%Reading package lists... Done
Building dependency tree... 0%Building dependency tree... 0%Building dependency tree... 50%Building dependency tree... 50%Building dependency tree       
Reading state information... 0%Reading state information... 0%Reading state information... Done
The following additional packages will be installed:
  libcgi-fast-perl libcgi-pm-perl libencode-locale-perl libevent-core-2.1-6
  libfcgi-perl libhtml-parser-perl libhtml-tagset-perl libhtml-template-perl
  libhttp-date-perl libhttp-message-perl libio-html-perl
  liblwp-mediatypes-perl libmysqlclient20 libnuma1 libtimedate-perl
  liburi-perl libwrap0 mysql-client-5.7 mysql-client-core-5.7 mysql-common
  mysql-server-5.7 mysql-server-core-5.7
Suggested packages:
  libdata-dump-perl libipc-sharedcache-perl libwww-perl mailx tinyca
The following NEW packages will be installed:
  libcgi-fast-perl libcgi-pm-perl libencode-locale-perl libevent-core-2.1-6
  libfcgi-perl libhtml-parser-perl libhtml-tagset-perl libhtml-template-perl
  libhttp-date-perl libhttp-message-perl libio-html-perl
  liblwp-mediatypes-perl libmysqlclient20 libnuma1 libtimedate-perl
  liburi-perl libwrap0 mysql-client-5.7 mysql-client-core-5.7 mysql-common
  mysql-server mysql-server-5.7 mysql-server-core-5.7 sysbench
0 upgraded, 24 newly installed, 0 to remove and 0 not upgraded.
Need to get 21.2 MB/22.1 MB of archives.
After this operation, 166 MB of additional disk space will be used.
[33m6% [Working][0m[33m6% [Connecting to old-releases.ubuntu.com][0m[33m                                          6% [Waiting for headers][0m                        Get:1 http://old-releases.ubuntu.com/ubuntu cosmic/main amd64 libnuma1 amd64 2.0.11-2.2 [22.2 kB]
[33m6% [1 libnuma1 0 B/22.2 kB 0%][0m[33m                              7% [Working][0m            Get:2 http://old-releases.ubuntu.com/ubuntu cosmic/main amd64 mysql-client-core-5.7 amd64 5.7.23-2ubuntu1 [7027 kB]
[33m7% [2 mysql-client-core-5.7 2571 B/7027 kB 0%][0m[33m7% [2 mysql-client-core-5.7 137 kB/7027 kB 2%][0m[33m9% [2 mysql-client-core-5.7 739 kB/7027 kB 11%][0m[33m17% [2 mysql-client-core-5.7 2722 kB/7027 kB 39%][0m[33m29% [2 mysql-client-core-5.7 6133 kB/7027 kB 87%][0m[33m                                                 33% [Working][0m             Get:3 http://old-releases.ubuntu.com/ubuntu cosmic/main amd64 mysql-client-5.7 amd64 5.7.23-2ubuntu1 [2303 kB]
[33m33% [3 mysql-client-5.7 27.5 kB/2303 kB 1%][0m[33m                                           42% [Waiting for headers][0m                         Get:4 http://old-releases.ubuntu.com/ubuntu cosmic/main amd64 libwrap0 amd64 7.6.q-27 [46.3 kB]
[33m42% [4 libwrap0 4096 B/46.3 kB 9%][0m[33m                                  43% [Waiting for headers][0m                         Get:5 http://old-releases.ubuntu.com/ubuntu cosmic/main amd64 mysql-server-core-5.7 amd64 5.7.23-2ubuntu1 [7835 kB]
[33m43% [5 mysql-server-core-5.7 36.8 kB/7835 kB 0%][0m[33m                                                72% [Waiting for headers][0m                         Get:6 http://old-releases.ubuntu.com/ubuntu cosmic/main amd64 libevent-core-2.1-6 amd64 2.1.8-stable-4build1 [85.9 kB]
[33m72% [6 libevent-core-2.1-6 0 B/85.9 kB 0%][0m[33m                                          73% [Waiting for headers][0m                         Get:7 http://old-releases.ubuntu.com/ubuntu cosmic/main amd64 mysql-server-5.7 amd64 5.7.23-2ubuntu1 [3242 kB]
[33m74% [7 mysql-server-5.7 44.9 kB/3242 kB 1%][0m[33m                                           86% [Waiting for headers][0m                         Get:8 http://old-releases.ubuntu.com/ubuntu cosmic/main amd64 libhtml-tagset-perl all 3.20-3 [12.1 kB]
[33m86% [8 libhtml-tagset-perl 0 B/12.1 kB 0%][0m[33m                                          87% [Working][0m             Get:9 http://old-releases.ubuntu.com/ubuntu cosmic/main amd64 liburi-perl all 1.74-1 [77.1 kB]
[33m87% [9 liburi-perl 65.5 kB/77.1 kB 85%][0m[33m                                       88% [Waiting for headers][0m                         Get:10 http://old-releases.ubuntu.com/ubuntu cosmic/main amd64 libhtml-parser-perl amd64 3.72-3build1 [85.9 kB]
[33m88% [10 libhtml-parser-perl 55.0 kB/85.9 kB 64%][0m[33m                                                89% [Waiting for headers][0m                         Get:11 http://old-releases.ubuntu.com/ubuntu cosmic/main amd64 libcgi-pm-perl all 4.40-1 [186 kB]
[33m89% [11 libcgi-pm-perl 0 B/186 kB 0%][0m[33m                                     91% [Working][0m[33m91% [Waiting for headers][0m                         Get:12 http://old-releases.ubuntu.com/ubuntu cosmic/main amd64 libfcgi-perl amd64 0.78-2build1 [32.8 kB]
[33m91% [12 libfcgi-perl 14.0 kB/32.8 kB 43%][0m[33m                                         92% [Working][0m             Get:13 http://old-releases.ubuntu.com/ubuntu cosmic/main amd64 libcgi-fast-perl all 1:2.13-1 [9940 B]
[33m92% [13 libcgi-fast-perl 2576 B/9940 B 26%]                        3472 kB/s 0s[0m[33m92% [Waiting for headers]                                          3472 kB/s 0s[0m                                                                               Get:14 http://old-releases.ubuntu.com/ubuntu cosmic/main amd64 libencode-locale-perl all 1.05-1 [12.3 kB]
[33m92% [14 libencode-locale-perl 2575 B/12.3 kB 21%]                  3472 kB/s 0s[0m[33m93% [Working]                                                      3472 kB/s 0s[0m[33m93% [Waiting for headers]                                          3472 kB/s 0s[0m                                                                               Get:15 http://old-releases.ubuntu.com/ubuntu cosmic/main amd64 libhtml-template-perl all 2.97-1 [59.0 kB]
[33m93% [15 libhtml-template-perl 0 B/59.0 kB 0%]                      3472 kB/s 0s[0m[33m94% [Waiting for headers]                                          3472 kB/s 0s[0m                                                                               Get:16 http://old-releases.ubuntu.com/ubuntu cosmic/main amd64 libtimedate-perl all 2.3000-2 [37.5 kB]
[33m94% [16 libtimedate-perl 5431 B/37.5 kB 14%]                       3472 kB/s 0s[0m[33m95% [Waiting for headers]                                          3472 kB/s 0s[0m                                                                               Get:17 http://old-releases.ubuntu.com/ubuntu cosmic/main amd64 libhttp-date-perl all 6.02-1 [10.4 kB]
[33m95% [17 libhttp-date-perl 5431 B/10.4 kB 52%]                      3472 kB/s 0s[0m[33m96% [Working]                                                      3472 kB/s 0s[0m                                                                               Get:18 http://old-releases.ubuntu.com/ubuntu cosmic/main amd64 libio-html-perl all 1.001-1 [14.9 kB]
[33m96% [18 libio-html-perl 2575 B/14.9 kB 17%]                        3472 kB/s 0s[0m[33m97% [Waiting for headers]                                          3472 kB/s 0s[0m                                                                               Get:19 http://old-releases.ubuntu.com/ubuntu cosmic/main amd64 liblwp-mediatypes-perl all 6.02-1 [21.7 kB]
[33m97% [19 liblwp-mediatypes-perl 2575 B/21.7 kB 12%]                 3472 kB/s 0s[0m[33m98% [Working]                                                      3472 kB/s 0s[0m                                                                               Get:20 http://old-releases.ubuntu.com/ubuntu cosmic/main amd64 libhttp-message-perl all 6.18-1 [75.3 kB]
[33m98% [20 libhttp-message-perl 2574 B/75.3 kB 3%]                    3472 kB/s 0s[0m[33m99% [Waiting for headers]                                          3472 kB/s 0s[0m                                                                               Get:21 http://old-releases.ubuntu.com/ubuntu cosmic/main amd64 mysql-server all 5.7.23-2ubuntu1 [9956 B]
[33m99% [21 mysql-server 2576 B/9956 B 26%]                            3472 kB/s 0s[0m[33m100% [Working]                                                     3472 kB/s 0s[0m                                                                               Fetched 21.2 MB in 9s (2392 kB/s)
dpkg-preconfigure: unable to re-open stdin: No such file or directory
E: Can not write log (Is /dev/pts mounted?) - posix_openpt (2: No such file or directory)
Selecting previously unselected package mysql-common.
(Reading database ... (Reading database ... 5%(Reading database ... 10%(Reading database ... 15%(Reading database ... 20%(Reading database ... 25%(Reading database ... 30%(Reading database ... 35%(Reading database ... 40%(Reading database ... 45%(Reading database ... 50%(Reading database ... 55%(Reading database ... 60%(Reading database ... 65%(Reading database ... 70%(Reading database ... 75%(Reading database ... 80%(Reading database ... 85%(Reading database ... 90%(Reading database ... 95%(Reading database ... 100%(Reading database ... 20320 files and directories currently installed.)
Preparing to unpack .../0-mysql-common_5.8+1.0.4_all.deb ...
Unpacking mysql-common (5.8+1.0.4) ...
Selecting previously unselected package libnuma1:amd64.
Preparing to unpack .../1-libnuma1_2.0.11-2.2_amd64.deb ...
Unpacking libnuma1:amd64 (2.0.11-2.2) ...
Selecting previously unselected package mysql-client-core-5.7.
Preparing to unpack .../2-mysql-client-core-5.7_5.7.23-2ubuntu1_amd64.deb ...
Unpacking mysql-client-core-5.7 (5.7.23-2ubuntu1) ...
Selecting previously unselected package mysql-client-5.7.
Preparing to unpack .../3-mysql-client-5.7_5.7.23-2ubuntu1_amd64.deb ...
Unpacking mysql-client-5.7 (5.7.23-2ubuntu1) ...
Selecting previously unselected package libwrap0:amd64.
Preparing to unpack .../4-libwrap0_7.6.q-27_amd64.deb ...
Unpacking libwrap0:amd64 (7.6.q-27) ...
Selecting previously unselected package mysql-server-core-5.7.
Preparing to unpack .../5-mysql-server-core-5.7_5.7.23-2ubuntu1_amd64.deb ...
Unpacking mysql-server-core-5.7 (5.7.23-2ubuntu1) ...
Selecting previously unselected package libevent-core-2.1-6:amd64.
Preparing to unpack .../6-libevent-core-2.1-6_2.1.8-stable-4build1_amd64.deb ...
Unpacking libevent-core-2.1-6:amd64 (2.1.8-stable-4build1) ...
Setting up mysql-common (5.8+1.0.4) ...
update-alternatives: using /etc/mysql/my.cnf.fallback to provide /etc/mysql/my.cnf (my.cnf) in auto mode
Selecting previously unselected package mysql-server-5.7.
(Reading database ... (Reading database ... 5%(Reading database ... 10%(Reading database ... 15%(Reading database ... 20%(Reading database ... 25%(Reading database ... 30%(Reading database ... 35%(Reading database ... 40%(Reading database ... 45%(Reading database ... 50%(Reading database ... 55%(Reading database ... 60%(Reading database ... 65%(Reading database ... 70%(Reading database ... 75%(Reading database ... 80%(Reading database ... 85%(Reading database ... 90%(Reading database ... 95%(Reading database ... 100%(Reading database ... 20499 files and directories currently installed.)
Preparing to unpack .../00-mysql-server-5.7_5.7.23-2ubuntu1_amd64.deb ...
Unpacking mysql-server-5.7 (5.7.23-2ubuntu1) ...
Selecting previously unselected package libhtml-tagset-perl.
Preparing to unpack .../01-libhtml-tagset-perl_3.20-3_all.deb ...
Unpacking libhtml-tagset-perl (3.20-3) ...
Selecting previously unselected package liburi-perl.
Preparing to unpack .../02-liburi-perl_1.74-1_all.deb ...
Unpacking liburi-perl (1.74-1) ...
Selecting previously unselected package libhtml-parser-perl.
Preparing to unpack .../03-libhtml-parser-perl_3.72-3build1_amd64.deb ...
Unpacking libhtml-parser-perl (3.72-3build1) ...
Selecting previously unselected package libcgi-pm-perl.
Preparing to unpack .../04-libcgi-pm-perl_4.40-1_all.deb ...
Unpacking libcgi-pm-perl (4.40-1) ...
Selecting previously unselected package libfcgi-perl.
Preparing to unpack .../05-libfcgi-perl_0.78-2build1_amd64.deb ...
Unpacking libfcgi-perl (0.78-2build1) ...
Selecting previously unselected package libcgi-fast-perl.
Preparing to unpack .../06-libcgi-fast-perl_1%3a2.13-1_all.deb ...
Unpacking libcgi-fast-perl (1:2.13-1) ...
Selecting previously unselected package libencode-locale-perl.
Preparing to unpack .../07-libencode-locale-perl_1.05-1_all.deb ...
Unpacking libencode-locale-perl (1.05-1) ...
Selecting previously unselected package libhtml-template-perl.
Preparing to unpack .../08-libhtml-template-perl_2.97-1_all.deb ...
Unpacking libhtml-template-perl (2.97-1) ...
Selecting previously unselected package libtimedate-perl.
Preparing to unpack .../09-libtimedate-perl_2.3000-2_all.deb ...
Unpacking libtimedate-perl (2.3000-2) ...
Selecting previously unselected package libhttp-date-perl.
Preparing to unpack .../10-libhttp-date-perl_6.02-1_all.deb ...
Unpacking libhttp-date-perl (6.02-1) ...
Selecting previously unselected package libio-html-perl.
Preparing to unpack .../11-libio-html-perl_1.001-1_all.deb ...
Unpacking libio-html-perl (1.001-1) ...
Selecting previously unselected package liblwp-mediatypes-perl.
Preparing to unpack .../12-liblwp-mediatypes-perl_6.02-1_all.deb ...
Unpacking liblwp-mediatypes-perl (6.02-1) ...
Selecting previously unselected package libhttp-message-perl.
Preparing to unpack .../13-libhttp-message-perl_6.18-1_all.deb ...
Unpacking libhttp-message-perl (6.18-1) ...
Selecting previously unselected package libmysqlclient20:amd64.
Preparing to unpack .../14-libmysqlclient20_5.7.23-2ubuntu1_amd64.deb ...
Unpacking libmysqlclient20:amd64 (5.7.23-2ubuntu1) ...
Selecting previously unselected package mysql-server.
Preparing to unpack .../15-mysql-server_5.7.23-2ubuntu1_all.deb ...
Unpacking mysql-server (5.7.23-2ubuntu1) ...
Selecting previously unselected package sysbench.
Preparing to unpack .../16-sysbench_1.0.11+ds-1_amd64.deb ...
Unpacking sysbench (1.0.11+ds-1) ...
Setting up libhtml-tagset-perl (3.20-3) ...
Setting up libevent-core-2.1-6:amd64 (2.1.8-stable-4build1) ...
Setting up libencode-locale-perl (1.05-1) ...
Setting up libtimedate-perl (2.3000-2) ...
Setting up libnuma1:amd64 (2.0.11-2.2) ...
Setting up libio-html-perl (1.001-1) ...
Setting up liblwp-mediatypes-perl (6.02-1) ...
Processing triggers for libc-bin (2.28-0ubuntu1) ...
Setting up liburi-perl (1.74-1) ...
Processing triggers for systemd (239-7ubuntu10) ...
Setting up libhtml-parser-perl (3.72-3build1) ...
Setting up libcgi-pm-perl (4.40-1) ...
Setting up libmysqlclient20:amd64 (5.7.23-2ubuntu1) ...
Setting up sysbench (1.0.11+ds-1) ...
Setting up mysql-client-core-5.7 (5.7.23-2ubuntu1) ...
Setting up libfcgi-perl (0.78-2build1) ...
Setting up libwrap0:amd64 (7.6.q-27) ...
Setting up libhttp-date-perl (6.02-1) ...
Setting up libhtml-template-perl (2.97-1) ...
Setting up mysql-server-core-5.7 (5.7.23-2ubuntu1) ...
Setting up libcgi-fast-perl (1:2.13-1) ...
Setting up libhttp-message-perl (6.18-1) ...
Setting up mysql-client-5.7 (5.7.23-2ubuntu1) ...
Setting up mysql-server-5.7 (5.7.23-2ubuntu1) ...
invoke-rc.d: could not determine current runlevel
 * Stopping MySQL database server mysqld       [80G [74G[ OK ]
update-alternatives: using /etc/mysql/mysql.cnf to provide /etc/mysql/my.cnf (my.cnf) in auto mode
Renaming removed key_buffer and myisam-recover options (if present)
Created symlink /etc/systemd/system/multi-user.target.wants/mysql.service â†’ /lib/systemd/system/mysql.service.
invoke-rc.d: could not determine current runlevel
Setting up mysql-server (5.7.23-2ubuntu1) ...
Processing triggers for libc-bin (2.28-0ubuntu1) ...
Processing triggers for systemd (239-7ubuntu10) ...
 * Starting MySQL database server mysqld       [80G No directory, logging in with HOME=/
[74G[ OK ]

Securing the MySQL server deployment.

Connecting to MySQL using a blank password.

VALIDATE PASSWORD PLUGIN can be used to test passwords
and improve security. It checks the strength of password
and allows the users to set only those passwords which are
secure enough. Would you like to setup VALIDATE PASSWORD plugin?

Press y|Y for Yes, any other key for No: n
Please set the password for root here.

New password: 

Re-enter new password: 
By default, a MySQL installation has an anonymous user,
allowing anyone to log into MySQL without having to have
a user account created for them. This is intended only for
testing, and to make the installation go a bit smoother.
You should remove them before moving into a production
environment.

Remove anonymous users? (Press y|Y for Yes, any other key for No) : n

 ... skipping.


Normally, root should only be allowed to connect from
'localhost'. This ensures that someone cannot guess at
the root password from the network.

Disallow root login remotely? (Press y|Y for Yes, any other key for No) : n

 ... skipping.
By default, MySQL comes with a database named 'test' that
anyone can access. This is also intended only for testing,
and should be removed before moving into a production
environment.


Remove test database and access to it? (Press y|Y for Yes, any other key for No) : n

 ... skipping.
Reloading the privilege tables will ensure that all changes
made so far will take effect immediately.

Reload privilege tables now? (Press y|Y for Yes, any other key for No) : y
Success.

All done! 
mysql: [Warning] Using a password on the command line interface can be insecure.
WARNING: the --test option is deprecated. You can pass a script name or path on the command line without any options.
sysbench 1.0.11 (using system LuaJIT 2.1.0-beta3)

Creating table 'sbtest1'...
Inserting 10000 records into 'sbtest1'
Creating a secondary index on 'sbtest1'...
 * Stopping MySQL database server mysqld       [80G [74G[ OK ]
[  197.093150] Kernel panic - not syncing: Attempted to kill init! exitcode=0x00000000
[  197.093150] 
[  197.099474] CPU: 0 PID: 1 Comm: install-mysql.s Not tainted 4.18.20-linux-cosmic-cosmic-base #1
[  197.104690] Hardware name: QEMU Standard PC (i440FX + PIIX, 1996), BIOS rel-1.11.1-0-g0551a4be2c-prebuilt.qemu-project.org 04/01/2014
[  197.111856] Call Trace:
[  197.113445]  dump_stack+0x63/0x85
[  197.115455]  panic+0xe4/0x244
[  197.117274]  do_exit+0xb30/0xb30
[  197.119253]  do_group_exit+0x43/0xb0
[  197.121441]  __x64_sys_exit_group+0x18/0x20
[  197.123969]  do_syscall_64+0x5a/0x120
[  197.126211]  entry_SYSCALL_64_after_hwframe+0x44/0xa9
[  197.129273] RIP: 0033:0x7f852df1d946
[  197.131442] Code: Bad RIP value.
[  197.133442] RSP: 002b:00007fff9fc61f08 EFLAGS: 00000246 ORIG_RAX: 00000000000000e7
[  197.137897] RAX: ffffffffffffffda RBX: 00007f852e01f760 RCX: 00007f852df1d946
[  197.141676] RDX: 0000000000000000 RSI: 000000000000003c RDI: 0000000000000000
[  197.145058] RBP: 0000000000000000 R08: 00000000000000e7 R09: ffffffffffffff80
[  197.148198] R10: 00007fff9fc61dba R11: 0000000000000246 R12: 00007f852e01f760
[  197.151129] R13: 0000000000000001 R14: 00007f852e028428 R15: 0000000000000000
[  197.154174] Kernel Offset: 0xa000000 from 0xffffffff81000000 (relocation range: 0xffffffff80000000-0xffffffffbfffffff)
