c[?7l[2J[0mSeaBIOS (version rel-1.11.1-0-g0551a4be2c-prebuilt.qemu-project.org)


iPXE (http://ipxe.org) 00:03.0 C980 PCI2.10 PnP PMM+BFF914D0+BFEF14D0 C980
Press Ctrl-B to configure iPXE (PCI 00:03.0)...                                                                               


Booting from ROM...
Probing EDD (edd=off to disable)... oc[?7l[2J[0mkLinux version 4.18.20-linux-cosmic-cosmic-redis (root@80a77f26ef0f) (gcc version 7.5.0 (Ubuntu 7.5.0-3ubuntu1~18.04)) #8 SMP Mon Jan 15 11:41:17 UTC 2024 ()
Command line: panic=-1 console=ttyS0 root=/dev/sda rw init=/benchmark-scripts/redis.sh
KERNEL supported cpus:
  Intel GenuineIntel
  AMD AuthenticAMD
x86/fpu: x87 FPU will use FXSAVE
BIOS-provided physical RAM map:
BIOS-e820: [mem 0x0000000000000000-0x000000000009fbff] usable
BIOS-e820: [mem 0x000000000009fc00-0x000000000009ffff] reserved
BIOS-e820: [mem 0x00000000000f0000-0x00000000000fffff] reserved
BIOS-e820: [mem 0x0000000000100000-0x00000000bffdefff] usable
BIOS-e820: [mem 0x00000000bffdf000-0x00000000bfffffff] reserved
BIOS-e820: [mem 0x00000000feffc000-0x00000000feffffff] reserved
BIOS-e820: [mem 0x00000000fffc0000-0x00000000ffffffff] reserved
BIOS-e820: [mem 0x0000000100000000-0x000000023fffffff] usable
NX (Execute Disable) protection: active
SMBIOS 2.8 present.
DMI: QEMU Standard PC (i440FX + PIIX, 1996), BIOS rel-1.11.1-0-g0551a4be2c-prebuilt.qemu-project.org 04/01/2014
Hypervisor detected: KVM
last_pfn = 0x240000 max_arch_pfn = 0x400000000
x86/PAT: Configuration [0-7]: WB  WC  UC- UC  WB  WC  UC- UC  
last_pfn = 0xbffdf max_arch_pfn = 0x400000000
found SMP MP-table at [mem 0x000f5b40-0x000f5b4f] mapped at [(____ptrval____)]
ACPI: Early table checksum verification disabled
ACPI: RSDP 0x00000000000F5AF0 000014 (v00 BOCHS )
ACPI: RSDT 0x00000000BFFE13D2 000030 (v01 BOCHS  BXPCRSDT 00000001 BXPC 00000001)
ACPI: FACP 0x00000000BFFE1296 000074 (v01 BOCHS  BXPCFACP 00000001 BXPC 00000001)
ACPI: DSDT 0x00000000BFFDFD80 001516 (v01 BOCHS  BXPCDSDT 00000001 BXPC 00000001)
ACPI: FACS 0x00000000BFFDFD40 000040
ACPI: APIC 0x00000000BFFE130A 000090 (v01 BOCHS  BXPCAPIC 00000001 BXPC 00000001)
ACPI: HPET 0x00000000BFFE139A 000038 (v01 BOCHS  BXPCHPET 00000001 BXPC 00000001)
No NUMA configuration found
Faking a node at [mem 0x0000000000000000-0x000000023fffffff]
NODE_DATA(0) allocated [mem 0x23fff8000-0x23fffbfff]
kvm-clock: cpu 0, msr 2:3fff6001, primary cpu clock
kvm-clock: Using msrs 4b564d01 and 4b564d00
kvm-clock: using sched offset of 311280258 cycles
clocksource: kvm-clock: mask: 0xffffffffffffffff max_cycles: 0x1cd42e4dffb, max_idle_ns: 881590591483 ns
Zone ranges:
  DMA      [mem 0x0000000000001000-0x0000000000ffffff]
  DMA32    [mem 0x0000000001000000-0x00000000ffffffff]
  Normal   [mem 0x0000000100000000-0x000000023fffffff]
Movable zone start for each node
Early memory node ranges
  node   0: [mem 0x0000000000001000-0x000000000009efff]
  node   0: [mem 0x0000000000100000-0x00000000bffdefff]
  node   0: [mem 0x0000000100000000-0x000000023fffffff]
Reserved but unavailable: 131 pages
Initmem setup node 0 [mem 0x0000000000001000-0x000000023fffffff]
ACPI: PM-Timer IO Port: 0x608
ACPI: LAPIC_NMI (acpi_id[0xff] dfl dfl lint[0x1])
IOAPIC[0]: apic_id 0, version 17, address 0xfec00000, GSI 0-23
ACPI: INT_SRC_OVR (bus 0 bus_irq 0 global_irq 2 dfl dfl)
ACPI: INT_SRC_OVR (bus 0 bus_irq 5 global_irq 5 high level)
ACPI: INT_SRC_OVR (bus 0 bus_irq 9 global_irq 9 high level)
ACPI: INT_SRC_OVR (bus 0 bus_irq 10 global_irq 10 high level)
ACPI: INT_SRC_OVR (bus 0 bus_irq 11 global_irq 11 high level)
Using ACPI (MADT) for SMP configuration information
ACPI: HPET id: 0x8086a201 base: 0xfed00000
smpboot: Allowing 4 CPUs, 0 hotplug CPUs
PM: Registered nosave memory: [mem 0x00000000-0x00000fff]
PM: Registered nosave memory: [mem 0x0009f000-0x0009ffff]
PM: Registered nosave memory: [mem 0x000a0000-0x000effff]
PM: Registered nosave memory: [mem 0x000f0000-0x000fffff]
PM: Registered nosave memory: [mem 0xbffdf000-0xbfffffff]
PM: Registered nosave memory: [mem 0xc0000000-0xfeffbfff]
PM: Registered nosave memory: [mem 0xfeffc000-0xfeffffff]
PM: Registered nosave memory: [mem 0xff000000-0xfffbffff]
PM: Registered nosave memory: [mem 0xfffc0000-0xffffffff]
[mem 0xc0000000-0xfeffbfff] available for PCI devices
Booting paravirtualized kernel on KVM
clocksource: refined-jiffies: mask: 0xffffffff max_cycles: 0xffffffff, max_idle_ns: 7645519600211568 ns
setup_percpu: NR_CPUS:64 nr_cpumask_bits:64 nr_cpu_ids:4 nr_node_ids:1
percpu: Embedded 45 pages/cpu @(____ptrval____) s147456 r8192 d28672 u524288
KVM setup async PF for cpu 0
kvm-stealtime: cpu 0, msr 23fc161c0
Built 1 zonelists, mobility grouping on.  Total pages: 2064232
Policy zone: Normal
Kernel command line: panic=-1 console=ttyS0 root=/dev/sda rw init=/benchmark-scripts/redis.sh
Memory: 8167584K/8388084K available (12300K kernel code, 1367K rwdata, 3484K rodata, 1632K init, 984K bss, 220500K reserved, 0K cma-reserved)
random: get_random_u64 called from __kmem_cache_create+0x39/0x580 with crng_init=0
SLUB: HWalign=64, Order=0-3, MinObjects=0, CPUs=4, Nodes=1
Kernel/User page tables isolation: enabled
ftrace: allocating 35937 entries in 141 pages
Hierarchical RCU implementation.
	RCU restricting CPUs from NR_CPUS=64 to nr_cpu_ids=4.
RCU: Adjusting geometry for rcu_fanout_leaf=16, nr_cpu_ids=4
NR_IRQS: 4352, nr_irqs: 456, preallocated irqs: 16
Console: colour VGA+ 80x25
console [ttyS0] enabled
ACPI: Core revision 20180531
clocksource: hpet: mask: 0xffffffff max_cycles: 0xffffffff, max_idle_ns: 19112604467 ns
APIC: Switch to symmetric I/O mode setup
x2apic enabled
Switched APIC routing to physical x2apic.
..TIMER: vector=0x30 apic1=0 pin1=2 apic2=-1 pin2=-1
tsc: Detected 2095.078 MHz processor
clocksource: tsc-early: mask: 0xffffffffffffffff max_cycles: 0x1e3306b9ada, max_idle_ns: 440795224413 ns
Calibrating delay loop (skipped) preset value.. 4190.15 BogoMIPS (lpj=8380312)
pid_max: default: 4096 minimum: 301
Security Framework initialized
AppArmor: AppArmor initialized
Dentry cache hash table entries: 1048576 (order: 11, 8388608 bytes)
Inode-cache hash table entries: 524288 (order: 10, 4194304 bytes)
Mount-cache hash table entries: 16384 (order: 5, 131072 bytes)
Mountpoint-cache hash table entries: 16384 (order: 5, 131072 bytes)
mce: CPU supports 10 MCE banks
Last level iTLB entries: 4KB 0, 2MB 0, 4MB 0
Last level dTLB entries: 4KB 0, 2MB 0, 4MB 0, 1GB 0
Spectre V2 : Mitigation: Full generic retpoline
Spectre V2 : Spectre v2 / SpectreRSB mitigation: Filling RSB on context switch
Speculative Store Bypass: Vulnerable
MDS: Vulnerable: Clear CPU buffers attempted, no microcode
Freeing SMP alternatives memory: 32K
smpboot: CPU0: Intel Common KVM processor (family: 0xf, model: 0x6, stepping: 0x1)
Performance Events: unsupported Netburst CPU model 6 no PMU driver, software events only.
Hierarchical SRCU implementation.
smp: Bringing up secondary CPUs ...
x86: Booting SMP configuration:
.... node  #0, CPUs:      #1
kvm-clock: cpu 1, msr 2:3fff6041, secondary cpu clock
KVM setup async PF for cpu 1
kvm-stealtime: cpu 1, msr 23fc961c0
 #2
kvm-clock: cpu 2, msr 2:3fff6081, secondary cpu clock
KVM setup async PF for cpu 2
kvm-stealtime: cpu 2, msr 23fd161c0
 #3
kvm-clock: cpu 3, msr 2:3fff60c1, secondary cpu clock
KVM setup async PF for cpu 3
kvm-stealtime: cpu 3, msr 23fd961c0
smp: Brought up 1 node, 4 CPUs
smpboot: Max logical packages: 4
smpboot: Total of 4 processors activated (16760.62 BogoMIPS)
devtmpfs: initialized
x86/mm: Memory block size: 128MB
clocksource: jiffies: mask: 0xffffffff max_cycles: 0xffffffff, max_idle_ns: 7645041785100000 ns
futex hash table entries: 16 (order: -2, 1024 bytes)
pinctrl core: initialized pinctrl subsystem
RTC time: 12:26:00, date: 01/15/24
NET: Registered protocol family 16
audit: initializing netlink subsys (disabled)
audit: type=2000 audit(1705321560.925:1): state=initialized audit_enabled=0 res=1
cpuidle: using governor ladder
cpuidle: using governor menu
ACPI: bus type PCI registered
PCI: Using configuration type 1 for base access
HugeTLB registered 2.00 MiB page size, pre-allocated 0 pages
ACPI: Added _OSI(Module Device)
ACPI: Added _OSI(Processor Device)
ACPI: Added _OSI(3.0 _SCP Extensions)
ACPI: Added _OSI(Processor Aggregator Device)
ACPI: Added _OSI(Linux-Dell-Video)
ACPI: Added _OSI(Linux-Lenovo-NV-HDMI-Audio)
ACPI: 1 ACPI AML tables successfully acquired and loaded
ACPI: Interpreter enabled
ACPI: (supports S0 S3 S4 S5)
ACPI: Using IOAPIC for interrupt routing
PCI: Using host bridge windows from ACPI; if necessary, use "pci=nocrs" and report a bug
ACPI: Enabled 2 GPEs in block 00 to 0F
ACPI: PCI Root Bridge [PCI0] (domain 0000 [bus 00-ff])
acpi PNP0A03:00: _OSC: OS supports [ASPM ClockPM Segments MSI]
acpi PNP0A03:00: _OSC failed (AE_NOT_FOUND); disabling ASPM
acpi PNP0A03:00: fail to add MMCONFIG information, can't access extended PCI configuration space under this bridge.
PCI host bridge to bus 0000:00
pci_bus 0000:00: root bus resource [io  0x0000-0x0cf7 window]
pci_bus 0000:00: root bus resource [io  0x0d00-0xffff window]
pci_bus 0000:00: root bus resource [mem 0x000a0000-0x000bffff window]
pci_bus 0000:00: root bus resource [mem 0xc0000000-0xfebfffff window]
pci_bus 0000:00: root bus resource [mem 0x240000000-0x2bfffffff window]
pci_bus 0000:00: root bus resource [bus 00-ff]
pci 0000:00:01.1: legacy IDE quirk: reg 0x10: [io  0x01f0-0x01f7]
pci 0000:00:01.1: legacy IDE quirk: reg 0x14: [io  0x03f6]
pci 0000:00:01.1: legacy IDE quirk: reg 0x18: [io  0x0170-0x0177]
pci 0000:00:01.1: legacy IDE quirk: reg 0x1c: [io  0x0376]
pci 0000:00:01.3: quirk: [io  0x0600-0x063f] claimed by PIIX4 ACPI
pci 0000:00:01.3: quirk: [io  0x0700-0x070f] claimed by PIIX4 SMB
ACPI: PCI Interrupt Link [LNKA] (IRQs 5 *10 11)
ACPI: PCI Interrupt Link [LNKB] (IRQs 5 *10 11)
ACPI: PCI Interrupt Link [LNKC] (IRQs 5 10 *11)
ACPI: PCI Interrupt Link [LNKD] (IRQs 5 10 *11)
ACPI: PCI Interrupt Link [LNKS] (IRQs *9)
SCSI subsystem initialized
pci 0000:00:02.0: vgaarb: setting as boot VGA device
pci 0000:00:02.0: vgaarb: VGA device added: decodes=io+mem,owns=io+mem,locks=none
pci 0000:00:02.0: vgaarb: bridge control possible
vgaarb: loaded
ACPI: bus type USB registered
usbcore: registered new interface driver usbfs
usbcore: registered new interface driver hub
usbcore: registered new device driver usb
PCI: Using ACPI for IRQ routing
NetLabel: Initializing
NetLabel:  domain hash size = 128
NetLabel:  protocols = UNLABELED CIPSOv4 CALIPSO
NetLabel:  unlabeled traffic allowed by default
HPET: 3 timers in total, 0 timers will be used for per-cpu timer
hpet0: at MMIO 0xfed00000, IRQs 2, 8, 0
hpet0: 3 comparators, 64-bit 100.000000 MHz counter
clocksource: Switched to clocksource kvm-clock
VFS: Disk quotas dquot_6.6.0
VFS: Dquot-cache hash table entries: 512 (order 0, 4096 bytes)
AppArmor: AppArmor Filesystem Enabled
pnp: PnP ACPI init
pnp: PnP ACPI: found 6 devices
clocksource: acpi_pm: mask: 0xffffff max_cycles: 0xffffff, max_idle_ns: 2085701024 ns
NET: Registered protocol family 2
tcp_listen_portaddr_hash hash table entries: 4096 (order: 4, 65536 bytes)
TCP established hash table entries: 65536 (order: 7, 524288 bytes)
TCP bind hash table entries: 65536 (order: 8, 1048576 bytes)
TCP: Hash tables configured (established 65536 bind 65536)
UDP hash table entries: 4096 (order: 5, 131072 bytes)
UDP-Lite hash table entries: 4096 (order: 5, 131072 bytes)
NET: Registered protocol family 1
NET: Registered protocol family 44
pci 0000:00:00.0: Limiting direct PCI/PCI transfers
pci 0000:00:01.0: PIIX3: Enabling Passive Release
pci 0000:00:01.0: Activating ISA DMA hang workarounds
pci 0000:00:02.0: Video device with shadowed ROM at [mem 0x000c0000-0x000dffff]
PCI-DMA: Using software bounce buffering for IO (SWIOTLB)
software IO TLB [mem 0xbbfdf000-0xbffdf000] (64MB) mapped at [(____ptrval____)-(____ptrval____)]
clocksource: tsc: mask: 0xffffffffffffffff max_cycles: 0x1e3306b9ada, max_idle_ns: 440795224413 ns
Initialise system trusted keyrings
Key type blacklist registered
workingset: timestamp_bits=40 max_order=21 bucket_order=0
zbud: loaded
squashfs: version 4.0 (2009/01/31) Phillip Lougher
Key type asymmetric registered
Asymmetric key parser 'x509' registered
Block layer SCSI generic (bsg) driver version 0.4 loaded (major 248)
io scheduler noop registered
io scheduler deadline registered
io scheduler cfq registered (default)
input: Power Button as /devices/LNXSYSTM:00/LNXPWRBN:00/input/input0
ACPI: Power Button [PWRF]
Serial: 8250/16550 driver, 4 ports, IRQ sharing disabled
00:05: ttyS0 at I/O 0x3f8 (irq = 4, base_baud = 115200) is a 16550A
Linux agpgart interface v0.103
loop: module loaded
scsi host0: ata_piix
scsi host1: ata_piix
ata1: PATA max MWDMA2 cmd 0x1f0 ctl 0x3f6 bmdma 0xc040 irq 14
ata2: PATA max MWDMA2 cmd 0x170 ctl 0x376 bmdma 0xc048 irq 15
libphy: Fixed MDIO Bus: probed
tun: Universal TUN/TAP device driver, 1.6
PPP generic driver version 2.4.2
ehci_hcd: USB 2.0 'Enhanced' Host Controller (EHCI) Driver
ehci-pci: EHCI PCI platform driver
ehci-platform: EHCI generic platform driver
ohci_hcd: USB 1.1 'Open' Host Controller (OHCI) Driver
ohci-pci: OHCI PCI platform driver
ohci-platform: OHCI generic platform driver
uhci_hcd: USB Universal Host Controller Interface driver
i8042: PNP: PS/2 Controller [PNP0303:KBD,PNP0f13:MOU] at 0x60,0x64 irq 1,12
serio: i8042 KBD port at 0x60,0x64 irq 1
serio: i8042 AUX port at 0x60,0x64 irq 12
mousedev: PS/2 mouse device common for all mice
rtc_cmos 00:00: RTC can wake from S4
rtc_cmos 00:00: registered as rtc0
rtc_cmos 00:00: alarms up to one day, y3k, 114 bytes nvram, hpet irqs
input: AT Translated Set 2 keyboard as /devices/platform/i8042/serio0/input/input1
i2c /dev entries driver
ledtrig-cpu: registered to indicate activity on CPUs
NET: Registered protocol family 10
Segment Routing with IPv6
NET: Registered protocol family 17
Key type dns_resolver registered
RAS: Correctable Errors collector initialized.
sched_clock: Marking stable (380129418, 0)->(821498997, -441369579)
registered taskstats version 1
Loading compiled-in X.509 certificates
Loaded X.509 cert 'Build time autogenerated kernel key: 1c2f1b3729eaf9d5675161492f0e930109267547'
zswap: loaded using pool lzo/zbud
Key type big_key registered
Key type trusted registered
Key type encrypted registered
AppArmor: AppArmor sha1 policy hashing enabled
ima: No TPM chip found, activating TPM-bypass! (rc=-19)
ima: Allocated hash algorithm: sha1
evm: Initialising EVM extended attributes:
evm: security.SMACK64
evm: security.apparmor
evm: security.ima
evm: security.capability
evm: HMAC attrs: 0x1
  Magic number: 8:741:430
rtc_cmos 00:00: setting system clock to 2024-01-15 12:26:01 UTC (1705321561)
BIOS EDD facility v0.16 2004-Jun-25, 1 devices found
ata1.00: ATA-7: QEMU HARDDISK, 2.5+, max UDMA/100
ata1.00: 41943040 sectors, multi 16: LBA48 
ata2.00: ATAPI: QEMU DVD-ROM, 2.5+, max UDMA/100
scsi 0:0:0:0: Direct-Access     ATA      QEMU HARDDISK    2.5+ PQ: 0 ANSI: 5
sd 0:0:0:0: [sda] 41943040 512-byte logical blocks: (21.5 GB/20.0 GiB)
sd 0:0:0:0: Attached scsi generic sg0 type 0
sd 0:0:0:0: [sda] Write Protect is off
scsi 1:0:0:0: CD-ROM            QEMU     QEMU DVD-ROM     2.5+ PQ: 0 ANSI: 5
sd 0:0:0:0: [sda] Write cache: enabled, read cache: enabled, doesn't support DPO or FUA
sd 0:0:0:0: [sda] Attached SCSI disk
sr 1:0:0:0: [sr0] scsi3-mmc drive: 4x/4x cd/rw xa/form2 tray
cdrom: Uniform CD-ROM driver Revision: 3.20
sr 1:0:0:0: Attached scsi generic sg1 type 5
md: Skipping autodetection of RAID arrays. (raid=autodetect will force)
EXT4-fs (sda): mounted filesystem with ordered data mode. Opts: (null)
VFS: Mounted root (ext4 filesystem) on device 8:0.
Freeing unused kernel image memory: 1632K
Write protecting the kernel read-only data: 18432k
Freeing unused kernel image memory: 2008K
Freeing unused kernel image memory: 612K
random: fast init done
e1000: module verification failed: signature and/or required key missing - tainting kernel
e1000: Intel(R) PRO/1000 Network Driver - version 7.3.21-k8-NAPI
e1000: Copyright (c) 1999-2006 Intel Corporation.
PCI Interrupt Link [LNKC] enabled at IRQ 11
e1000 0000:00:03.0 eth0: (PCI:33MHz:32-bit) 52:54:00:12:34:56
e1000 0000:00:03.0 eth0: Intel(R) PRO/1000 Network Connection
IPv6: ADDRCONF(NETDEV_UP): eth0: link is not ready
e1000: eth0 NIC Link is Up 1000 Mbps Full Duplex, Flow Control: RX
IPv6: ADDRCONF(NETDEV_CHANGE): eth0: link becomes ready
random: crng init done
ptr: 0x333333333000
187:C 15 Jan 12:26:10.839 # oO0OoO0OoO0Oo Redis is starting oO0OoO0OoO0Oo
187:C 15 Jan 12:26:10.839 # Redis version=4.0.11, bits=64, commit=00000000, modified=0, pid=187, just started
187:C 15 Jan 12:26:10.839 # Warning: no config file specified, using the default config. In order to specify a config file use redis-server /path/to/redis.conf
187:M 15 Jan 12:26:10.844 * Increased maximum number of open files to 10032 (it was originally set to 1024).
                _._                                                  
           _.-``__ ''-._                                             
      _.-``    `.  `_.  ''-._           Redis 4.0.11 (00000000/0) 64 bit
  .-`` .-```.  ```\/    _.,_ ''-._                                   
 (    '      ,       .-`  | `,    )     Running in standalone mode
 |`-._`-...-` __...-.``-._|'` _.-'|     Port: 6379
 |    `-._   `._    /     _.-'    |     PID: 187
  `-._    `-._  `-./  _.-'    _.-'                                   
 |`-._`-._    `-.__.-'    _.-'_.-'|                                  
 |    `-._`-._        _.-'_.-'    |           http://redis.io        
  `-._    `-._`-.__.-'_.-'    _.-'                                   
 |`-._`-._    `-.__.-'    _.-'_.-'|                                  
 |    `-._`-._        _.-'_.-'    |                                  
  `-._    `-._`-.__.-'_.-'    _.-'                                   
      `-._    `-.__.-'    _.-'                                       
          `-._        _.-'                                           
              `-.__.-'                                               

187:M 15 Jan 12:26:10.850 # WARNING: The TCP backlog setting of 511 cannot be enforced because /proc/sys/net/core/somaxconn is set to the lower value of 128.
187:M 15 Jan 12:26:10.851 # Server initialized
187:M 15 Jan 12:26:10.852 # WARNING overcommit_memory is set to 0! Background save may fail under low memory condition. To fix this issue add 'vm.overcommit_memory = 1' to /etc/sysctl.conf and then reboot or run the command 'sysctl vm.overcommit_memory=1' for this to take effect.
187:M 15 Jan 12:26:10.853 # WARNING you have Transparent Huge Pages (THP) support enabled in your kernel. This will create latency and memory usage issues with Redis. To fix this issue run the command 'echo never > /sys/kernel/mm/transparent_hugepage/enabled' as root, and add it to your /etc/rc.local in order to retain the setting after a reboot. Redis must be restarted after THP is disabled.
187:M 15 Jan 12:26:10.855 * DB loaded from disk: 0.001 seconds
187:M 15 Jan 12:26:10.855 * Ready to accept connections
187:M 15 Jan 12:26:12.838 * DB saved on disk
OK
"SET","60790.27"
"GET","61842.92"
"SET","60204.70"
"GET","61387.36"
"SET","60132.29"
"GET","60827.25"
"SET","58105.75"
"GET","61842.92"
"SET","60422.96"
"GET","61274.51"
"SET","60422.96"
"GET","61387.36"
"SET","58343.06"
"GET","61199.51"
"SET","60240.96"
"GET","61690.31"
"SET","60024.01"
"GET","61425.06"
"SET","60422.96"
"GET","61690.31"
"SET","60753.34"
"GET","61690.31"
"SET","59808.61"
"GET","60938.45"
"SET","60716.46"
"GET","62073.25"
"SET","60386.47"
"GET","61614.29"
"SET","60386.47"
"GET","60790.27"
"SET","60204.70"
"GET","61652.28"
"SET","60679.61"
"GET","61804.70"
"SET","58445.36"
"GET","61690.31"
187:M 15 Jan 12:27:13.060 * 10000 changes in 60 seconds. Saving...
187:M 15 Jan 12:27:13.060 * Background saving started by pid 213
213:C 15 Jan 12:27:13.116 * DB saved on disk
213:C 15 Jan 12:27:13.118 * RDB: 0 MB of memory used by copy-on-write
187:M 15 Jan 12:27:13.160 * Background saving terminated with success
"SET","61425.06"
"GET","61614.29"
"SET","60790.27"
"GET","61881.19"
187:M 15 Jan 12:27:18.905 # User requested shutdown...
187:M 15 Jan 12:27:18.905 * Saving the final RDB snapshot before exiting.
187:M 15 Jan 12:27:18.955 * DB saved on disk
187:M 15 Jan 12:27:18.955 # Redis is now ready to exit, bye bye...
ptr: 0x222222222000
Kernel panic - not syncing: Attempted to kill init! exitcode=0x00000000

CPU: 3 PID: 1 Comm: redis.sh Tainted: G            E     4.18.20-linux-cosmic-cosmic-redis #8
Hardware name: QEMU Standard PC (i440FX + PIIX, 1996), BIOS rel-1.11.1-0-g0551a4be2c-prebuilt.qemu-project.org 04/01/2014
Call Trace:
 dump_stack+0x63/0x85
 panic+0xd5/0x234
 do_exit+0xad0/0xad0
 do_group_exit+0x3b/0xb0
 __x64_sys_exit_group+0x18/0x20
 do_syscall_64+0x53/0x110
 entry_SYSCALL_64_after_hwframe+0x44/0xa9
RIP: 0033:0x7f803c342946
Code: Bad RIP value.
RSP: 002b:00007ffd6ea031b8 EFLAGS: 00000246 ORIG_RAX: 00000000000000e7
RAX: ffffffffffffffda RBX: 00007f803c444760 RCX: 00007f803c342946
RDX: 0000000000000000 RSI: 000000000000003c RDI: 0000000000000000
RBP: 0000000000000000 R08: 00000000000000e7 R09: ffffffffffffff80
R10: 00007ffd6ea0306a R11: 0000000000000246 R12: 00007f803c444760
R13: 0000000000000001 R14: 00007f803c44d428 R15: 0000000000000000
Kernel Offset: 0x11600000 from 0xffffffff81000000 (relocation range: 0xffffffff80000000-0xffffffffbfffffff)
