sed -i 's/reqcnt=.*/reqcnt=100000/' benchmark-scripts/*.sh
sed -i 's/reqcnt=.*/reqcnt=10000/' benchmark-scripts/*memcached.sh
sed -i 's/itr=.*/itr=20/' benchmark-scripts/*.sh
make sync-scripts
make[1]: Entering directory '/Cozart'
./copy2disks.sh benchmark-scripts
umount: /Cozart/mnt: not mounted
sending incremental file list
benchmark-scripts/
benchmark-scripts/apache-bench.sh
            554 100%    0.00kB/s    0:00:00              554 100%    0.00kB/s    0:00:00 (xfr#1, to-chk=57/61)
benchmark-scripts/apache-make-test.sh
            357 100%  348.63kB/s    0:00:00              357 100%  348.63kB/s    0:00:00 (xfr#2, to-chk=56/61)
benchmark-scripts/apache-test.sh
            198 100%  193.36kB/s    0:00:00              198 100%  193.36kB/s    0:00:00 (xfr#3, to-chk=55/61)
benchmark-scripts/apache.sh
            270 100%  263.67kB/s    0:00:00              270 100%  263.67kB/s    0:00:00 (xfr#4, to-chk=54/61)
benchmark-scripts/boot-time.sh
            366 100%  357.42kB/s    0:00:00              366 100%  357.42kB/s    0:00:00 (xfr#5, to-chk=53/61)
benchmark-scripts/boot.sh
            109 100%  106.45kB/s    0:00:00              109 100%  106.45kB/s    0:00:00 (xfr#6, to-chk=52/61)
benchmark-scripts/cassandra.sh
            556 100%  542.97kB/s    0:00:00              556 100%  542.97kB/s    0:00:00 (xfr#7, to-chk=51/61)
benchmark-scripts/cgroupfs-mount.sh
          1.28K 100%    1.22MB/s    0:00:00            1.28K 100%    1.22MB/s    0:00:00 (xfr#8, to-chk=50/61)
benchmark-scripts/check-config.sh
         10.31K 100%    9.84MB/s    0:00:00           10.31K 100%    9.84MB/s    0:00:00 (xfr#9, to-chk=49/61)
benchmark-scripts/docker-apache.sh
            388 100%  378.91kB/s    0:00:00              388 100%  378.91kB/s    0:00:00 (xfr#10, to-chk=48/61)
benchmark-scripts/docker-cassandra.sh
            671 100%  655.27kB/s    0:00:00              671 100%  655.27kB/s    0:00:00 (xfr#11, to-chk=47/61)
benchmark-scripts/docker-hello.sh
            258 100%  251.95kB/s    0:00:00              258 100%  251.95kB/s    0:00:00 (xfr#12, to-chk=46/61)
benchmark-scripts/docker-helper.sh
            244 100%  238.28kB/s    0:00:00              244 100%  238.28kB/s    0:00:00 (xfr#13, to-chk=45/61)
benchmark-scripts/docker-install-images.sh
            428 100%  417.97kB/s    0:00:00              428 100%  417.97kB/s    0:00:00 (xfr#14, to-chk=44/61)
benchmark-scripts/docker-memcached.sh
            469 100%  458.01kB/s    0:00:00              469 100%  458.01kB/s    0:00:00 (xfr#15, to-chk=43/61)
benchmark-scripts/docker-mysql.sh
            855 100%  834.96kB/s    0:00:00              855 100%  834.96kB/s    0:00:00 (xfr#16, to-chk=42/61)
benchmark-scripts/docker-nginx.sh
            388 100%  378.91kB/s    0:00:00              388 100%  378.91kB/s    0:00:00 (xfr#17, to-chk=41/61)
benchmark-scripts/docker-php.sh
            275 100%  268.55kB/s    0:00:00              275 100%  268.55kB/s    0:00:00 (xfr#18, to-chk=40/61)
benchmark-scripts/docker-redis.sh
            408 100%  398.44kB/s    0:00:00              408 100%  398.44kB/s    0:00:00 (xfr#19, to-chk=39/61)
benchmark-scripts/docker-unixbench.sh
            274 100%  267.58kB/s    0:00:00              274 100%  267.58kB/s    0:00:00 (xfr#20, to-chk=38/61)
benchmark-scripts/general-helper.sh
            976 100%  476.56kB/s    0:00:00              976 100%  476.56kB/s    0:00:00 (xfr#21, to-chk=37/61)
benchmark-scripts/install-cassandra.sh
            543 100%  265.14kB/s    0:00:00              543 100%  265.14kB/s    0:00:00 (xfr#22, to-chk=36/61)
benchmark-scripts/install-mysql.sh
            461 100%  225.10kB/s    0:00:00              461 100%  225.10kB/s    0:00:00 (xfr#23, to-chk=35/61)
benchmark-scripts/lamptest.sh
            321 100%  156.74kB/s    0:00:00              321 100%  156.74kB/s    0:00:00 (xfr#24, to-chk=33/61)
benchmark-scripts/mem-usage.sh
            249 100%  121.58kB/s    0:00:00              249 100%  121.58kB/s    0:00:00 (xfr#25, to-chk=32/61)
benchmark-scripts/memcached-debug-memtier.sh
            348 100%  169.92kB/s    0:00:00              348 100%  169.92kB/s    0:00:00 (xfr#26, to-chk=31/61)
benchmark-scripts/memcached-make-test.sh
            256 100%  125.00kB/s    0:00:00              256 100%  125.00kB/s    0:00:00 (xfr#27, to-chk=30/61)
benchmark-scripts/memcached-test.sh
            152 100%   74.22kB/s    0:00:00              152 100%   74.22kB/s    0:00:00 (xfr#28, to-chk=29/61)
benchmark-scripts/memcached.sh
            313 100%  152.83kB/s    0:00:00              313 100%  152.83kB/s    0:00:00 (xfr#29, to-chk=28/61)
benchmark-scripts/mysql-bench.sh
            483 100%  235.84kB/s    0:00:00              483 100%  235.84kB/s    0:00:00 (xfr#30, to-chk=26/61)
benchmark-scripts/mysql-make-test.sh
            454 100%  221.68kB/s    0:00:00              454 100%  221.68kB/s    0:00:00 (xfr#31, to-chk=25/61)
benchmark-scripts/mysql-test.sh
            336 100%  164.06kB/s    0:00:00              336 100%  164.06kB/s    0:00:00 (xfr#32, to-chk=24/61)
benchmark-scripts/mysql.sh
            362 100%  176.76kB/s    0:00:00              362 100%  176.76kB/s    0:00:00 (xfr#33, to-chk=23/61)
benchmark-scripts/nginx-bench.sh
            348 100%  169.92kB/s    0:00:00              348 100%  169.92kB/s    0:00:00 (xfr#34, to-chk=22/61)
benchmark-scripts/nginx-make-test.sh
            293 100%   95.38kB/s    0:00:00              293 100%   95.38kB/s    0:00:00 (xfr#35, to-chk=21/61)
benchmark-scripts/nginx-test.sh
            219 100%   71.29kB/s    0:00:00              219 100%   71.29kB/s    0:00:00 (xfr#36, to-chk=20/61)
benchmark-scripts/nginx.sh
            252 100%   82.03kB/s    0:00:00              252 100%   82.03kB/s    0:00:00 (xfr#37, to-chk=19/61)
benchmark-scripts/perf.sh
             69 100%   22.46kB/s    0:00:00               69 100%   22.46kB/s    0:00:00 (xfr#38, to-chk=18/61)
benchmark-scripts/php-bench.sh
            400 100%  130.21kB/s    0:00:00              400 100%  130.21kB/s    0:00:00 (xfr#39, to-chk=17/61)
benchmark-scripts/php-make-test.sh
            329 100%  107.10kB/s    0:00:00              329 100%  107.10kB/s    0:00:00 (xfr#40, to-chk=16/61)
benchmark-scripts/php-test.sh
            171 100%   55.66kB/s    0:00:00              171 100%   55.66kB/s    0:00:00 (xfr#41, to-chk=15/61)
benchmark-scripts/php.sh
            215 100%   69.99kB/s    0:00:00              215 100%   69.99kB/s    0:00:00 (xfr#42, to-chk=14/61)
benchmark-scripts/redis-aggr.sh
            306 100%   99.61kB/s    0:00:00              306 100%   99.61kB/s    0:00:00 (xfr#43, to-chk=12/61)
benchmark-scripts/redis-bench.sh
            885 100%  288.09kB/s    0:00:00              885 100%  288.09kB/s    0:00:00 (xfr#44, to-chk=11/61)
benchmark-scripts/redis-cluster.sh
            230 100%   74.87kB/s    0:00:00              230 100%   74.87kB/s    0:00:00 (xfr#45, to-chk=10/61)
benchmark-scripts/redis-make-test-sentinel.sh
            226 100%   73.57kB/s    0:00:00              226 100%   73.57kB/s    0:00:00 (xfr#46, to-chk=9/61)
benchmark-scripts/redis-make-test.sh
            218 100%   70.96kB/s    0:00:00              218 100%   70.96kB/s    0:00:00 (xfr#47, to-chk=8/61)
benchmark-scripts/redis-sen.sh
            254 100%   82.68kB/s    0:00:00              254 100%   82.68kB/s    0:00:00 (xfr#48, to-chk=7/61)
benchmark-scripts/redis-sent.sh
            253 100%   82.36kB/s    0:00:00              253 100%   82.36kB/s    0:00:00 (xfr#49, to-chk=6/61)
benchmark-scripts/redis-test.sh
            216 100%   52.73kB/s    0:00:00              216 100%   52.73kB/s    0:00:00 (xfr#50, to-chk=5/61)
benchmark-scripts/redis.sh
            264 100%   64.45kB/s    0:00:00              264 100%   64.45kB/s    0:00:00 (xfr#51, to-chk=4/61)
benchmark-scripts/setup-test.sh
          6.87K 100%    1.64MB/s    0:00:00            6.87K 100%    1.64MB/s    0:00:00 (xfr#52, to-chk=3/61)
benchmark-scripts/stream.sh
             70 100%   17.09kB/s    0:00:00               70 100%   17.09kB/s    0:00:00 (xfr#53, to-chk=2/61)
benchmark-scripts/unixbench.sh
            175 100%   42.72kB/s    0:00:00              175 100%   42.72kB/s    0:00:00 (xfr#54, to-chk=0/61)

sent 20.35K bytes  received 1.05K bytes  42.80K bytes/sec
total size is 5.90M  speedup is 275.68
make[1]: Leaving directory '/Cozart'
Mem-usage memcached on cozarted kernel
c[?7l[2J[0mSeaBIOS (version rel-1.11.1-0-g0551a4be2c-prebuilt.qemu-project.org)


iPXE (http://ipxe.org) 00:03.0 C980 PCI2.10 PnP PMM+BFF914D0+BFEF14D0 C980
Press Ctrl-B to configure iPXE (PCI 00:03.0)...                                                                               


Booting from ROM...
Probing EDD (edd=off to disable)... oc[?7l[2J[0mkLinux version 4.18.20-linux-cosmic-cosmic-memcached (root@80a77f26ef0f) (gcc version 7.5.0 (Ubuntu 7.5.0-3ubuntu1~18.04)) #4 SMP Mon Jan 15 11:28:14 UTC 2024 ()
Command line: panic=-1 console=ttyS0 root=/dev/sda rw init=/benchmark-scripts/mem-usage.sh cozart
KERNEL supported cpus:
  Intel GenuineIntel
  AMD AuthenticAMD
x86/fpu: x87 FPU will use FXSAVE
BIOS-provided physical RAM map:
BIOS-e820: [mem 0x0000000000000000-0x000000000009fbff] usable
BIOS-e820: [mem 0x000000000009fc00-0x000000000009ffff] reserved
BIOS-e820: [mem 0x00000000000f0000-0x00000000000fffff] reserved
BIOS-e820: [mem 0x0000000000100000-0x00000000bffdefff] usable
BIOS-e820: [mem 0x00000000bffdf000-0x00000000bfffffff] reserved
BIOS-e820: [mem 0x00000000feffc000-0x00000000feffffff] reserved
BIOS-e820: [mem 0x00000000fffc0000-0x00000000ffffffff] reserved
BIOS-e820: [mem 0x0000000100000000-0x000000023fffffff] usable
NX (Execute Disable) protection: active
SMBIOS 2.8 present.
DMI: QEMU Standard PC (i440FX + PIIX, 1996), BIOS rel-1.11.1-0-g0551a4be2c-prebuilt.qemu-project.org 04/01/2014
Hypervisor detected: KVM
last_pfn = 0x240000 max_arch_pfn = 0x400000000
x86/PAT: Configuration [0-7]: WB  WC  UC- UC  WB  WC  UC- UC  
last_pfn = 0xbffdf max_arch_pfn = 0x400000000
found SMP MP-table at [mem 0x000f5b40-0x000f5b4f] mapped at [(____ptrval____)]
ACPI: Early table checksum verification disabled
ACPI: RSDP 0x00000000000F5AF0 000014 (v00 BOCHS )
ACPI: RSDT 0x00000000BFFE13D2 000030 (v01 BOCHS  BXPCRSDT 00000001 BXPC 00000001)
ACPI: FACP 0x00000000BFFE1296 000074 (v01 BOCHS  BXPCFACP 00000001 BXPC 00000001)
ACPI: DSDT 0x00000000BFFDFD80 001516 (v01 BOCHS  BXPCDSDT 00000001 BXPC 00000001)
ACPI: FACS 0x00000000BFFDFD40 000040
ACPI: APIC 0x00000000BFFE130A 000090 (v01 BOCHS  BXPCAPIC 00000001 BXPC 00000001)
ACPI: HPET 0x00000000BFFE139A 000038 (v01 BOCHS  BXPCHPET 00000001 BXPC 00000001)
No NUMA configuration found
Faking a node at [mem 0x0000000000000000-0x000000023fffffff]
NODE_DATA(0) allocated [mem 0x23fff9000-0x23fffcfff]
kvm-clock: cpu 0, msr 2:3fff7001, primary cpu clock
kvm-clock: Using msrs 4b564d01 and 4b564d00
kvm-clock: using sched offset of 312641839 cycles
clocksource: kvm-clock: mask: 0xffffffffffffffff max_cycles: 0x1cd42e4dffb, max_idle_ns: 881590591483 ns
Zone ranges:
  DMA      [mem 0x0000000000001000-0x0000000000ffffff]
  DMA32    [mem 0x0000000001000000-0x00000000ffffffff]
  Normal   [mem 0x0000000100000000-0x000000023fffffff]
Movable zone start for each node
Early memory node ranges
  node   0: [mem 0x0000000000001000-0x000000000009efff]
  node   0: [mem 0x0000000000100000-0x00000000bffdefff]
  node   0: [mem 0x0000000100000000-0x000000023fffffff]
Reserved but unavailable: 131 pages
Initmem setup node 0 [mem 0x0000000000001000-0x000000023fffffff]
ACPI: PM-Timer IO Port: 0x608
ACPI: LAPIC_NMI (acpi_id[0xff] dfl dfl lint[0x1])
IOAPIC[0]: apic_id 0, version 17, address 0xfec00000, GSI 0-23
ACPI: INT_SRC_OVR (bus 0 bus_irq 0 global_irq 2 dfl dfl)
ACPI: INT_SRC_OVR (bus 0 bus_irq 5 global_irq 5 high level)
ACPI: INT_SRC_OVR (bus 0 bus_irq 9 global_irq 9 high level)
ACPI: INT_SRC_OVR (bus 0 bus_irq 10 global_irq 10 high level)
ACPI: INT_SRC_OVR (bus 0 bus_irq 11 global_irq 11 high level)
Using ACPI (MADT) for SMP configuration information
ACPI: HPET id: 0x8086a201 base: 0xfed00000
smpboot: Allowing 4 CPUs, 0 hotplug CPUs
PM: Registered nosave memory: [mem 0x00000000-0x00000fff]
PM: Registered nosave memory: [mem 0x0009f000-0x0009ffff]
PM: Registered nosave memory: [mem 0x000a0000-0x000effff]
PM: Registered nosave memory: [mem 0x000f0000-0x000fffff]
PM: Registered nosave memory: [mem 0xbffdf000-0xbfffffff]
PM: Registered nosave memory: [mem 0xc0000000-0xfeffbfff]
PM: Registered nosave memory: [mem 0xfeffc000-0xfeffffff]
PM: Registered nosave memory: [mem 0xff000000-0xfffbffff]
PM: Registered nosave memory: [mem 0xfffc0000-0xffffffff]
[mem 0xc0000000-0xfeffbfff] available for PCI devices
Booting paravirtualized kernel on KVM
clocksource: refined-jiffies: mask: 0xffffffff max_cycles: 0xffffffff, max_idle_ns: 7645519600211568 ns
setup_percpu: NR_CPUS:64 nr_cpumask_bits:64 nr_cpu_ids:4 nr_node_ids:1
percpu: Embedded 45 pages/cpu @(____ptrval____) s147456 r8192 d28672 u524288
KVM setup async PF for cpu 0
kvm-stealtime: cpu 0, msr 23fc161c0
Built 1 zonelists, mobility grouping on.  Total pages: 2064232
Policy zone: Normal
Kernel command line: panic=-1 console=ttyS0 root=/dev/sda rw init=/benchmark-scripts/mem-usage.sh cozart
Memory: 8167588K/8388084K available (12300K kernel code, 1367K rwdata, 3484K rodata, 1632K init, 984K bss, 220496K reserved, 0K cma-reserved)
random: get_random_u64 called from __kmem_cache_create+0x39/0x580 with crng_init=0
SLUB: HWalign=64, Order=0-3, MinObjects=0, CPUs=4, Nodes=1
Kernel/User page tables isolation: enabled
ftrace: allocating 35937 entries in 141 pages
Hierarchical RCU implementation.
	RCU restricting CPUs from NR_CPUS=64 to nr_cpu_ids=4.
RCU: Adjusting geometry for rcu_fanout_leaf=16, nr_cpu_ids=4
NR_IRQS: 4352, nr_irqs: 456, preallocated irqs: 16
Console: colour VGA+ 80x25
console [ttyS0] enabled
ACPI: Core revision 20180531
clocksource: hpet: mask: 0xffffffff max_cycles: 0xffffffff, max_idle_ns: 19112604467 ns
APIC: Switch to symmetric I/O mode setup
x2apic enabled
Switched APIC routing to physical x2apic.
..TIMER: vector=0x30 apic1=0 pin1=2 apic2=-1 pin2=-1
tsc: Detected 2095.078 MHz processor
clocksource: tsc-early: mask: 0xffffffffffffffff max_cycles: 0x1e3306b9ada, max_idle_ns: 440795224413 ns
Calibrating delay loop (skipped) preset value.. 4190.15 BogoMIPS (lpj=8380312)
pid_max: default: 4096 minimum: 301
Security Framework initialized
AppArmor: AppArmor initialized
Dentry cache hash table entries: 1048576 (order: 11, 8388608 bytes)
Inode-cache hash table entries: 524288 (order: 10, 4194304 bytes)
Mount-cache hash table entries: 16384 (order: 5, 131072 bytes)
Mountpoint-cache hash table entries: 16384 (order: 5, 131072 bytes)
mce: CPU supports 10 MCE banks
Last level iTLB entries: 4KB 0, 2MB 0, 4MB 0
Last level dTLB entries: 4KB 0, 2MB 0, 4MB 0, 1GB 0
Spectre V2 : Mitigation: Full generic retpoline
Spectre V2 : Spectre v2 / SpectreRSB mitigation: Filling RSB on context switch
Speculative Store Bypass: Vulnerable
MDS: Vulnerable: Clear CPU buffers attempted, no microcode
Freeing SMP alternatives memory: 32K
smpboot: CPU0: Intel Common KVM processor (family: 0xf, model: 0x6, stepping: 0x1)
Performance Events: unsupported Netburst CPU model 6 no PMU driver, software events only.
Hierarchical SRCU implementation.
smp: Bringing up secondary CPUs ...
x86: Booting SMP configuration:
.... node  #0, CPUs:      #1
kvm-clock: cpu 1, msr 2:3fff7041, secondary cpu clock
KVM setup async PF for cpu 1
kvm-stealtime: cpu 1, msr 23fc961c0
 #2
kvm-clock: cpu 2, msr 2:3fff7081, secondary cpu clock
KVM setup async PF for cpu 2
kvm-stealtime: cpu 2, msr 23fd161c0
 #3
kvm-clock: cpu 3, msr 2:3fff70c1, secondary cpu clock
KVM setup async PF for cpu 3
kvm-stealtime: cpu 3, msr 23fd961c0
smp: Brought up 1 node, 4 CPUs
smpboot: Max logical packages: 4
smpboot: Total of 4 processors activated (16760.62 BogoMIPS)
devtmpfs: initialized
x86/mm: Memory block size: 128MB
clocksource: jiffies: mask: 0xffffffff max_cycles: 0xffffffff, max_idle_ns: 7645041785100000 ns
futex hash table entries: 16 (order: -2, 1024 bytes)
pinctrl core: initialized pinctrl subsystem
RTC time:  7:54:56, date: 01/16/24
NET: Registered protocol family 16
audit: initializing netlink subsys (disabled)
audit: type=2000 audit(1705391696.743:1): state=initialized audit_enabled=0 res=1
cpuidle: using governor ladder
cpuidle: using governor menu
ACPI: bus type PCI registered
PCI: Using configuration type 1 for base access
HugeTLB registered 2.00 MiB page size, pre-allocated 0 pages
ACPI: Added _OSI(Module Device)
ACPI: Added _OSI(Processor Device)
ACPI: Added _OSI(3.0 _SCP Extensions)
ACPI: Added _OSI(Processor Aggregator Device)
ACPI: Added _OSI(Linux-Dell-Video)
ACPI: Added _OSI(Linux-Lenovo-NV-HDMI-Audio)
ACPI: 1 ACPI AML tables successfully acquired and loaded
ACPI: Interpreter enabled
ACPI: (supports S0 S3 S4 S5)
ACPI: Using IOAPIC for interrupt routing
PCI: Using host bridge windows from ACPI; if necessary, use "pci=nocrs" and report a bug
ACPI: Enabled 2 GPEs in block 00 to 0F
ACPI: PCI Root Bridge [PCI0] (domain 0000 [bus 00-ff])
acpi PNP0A03:00: _OSC: OS supports [ASPM ClockPM Segments MSI]
acpi PNP0A03:00: _OSC failed (AE_NOT_FOUND); disabling ASPM
acpi PNP0A03:00: fail to add MMCONFIG information, can't access extended PCI configuration space under this bridge.
PCI host bridge to bus 0000:00
pci_bus 0000:00: root bus resource [io  0x0000-0x0cf7 window]
pci_bus 0000:00: root bus resource [io  0x0d00-0xffff window]
pci_bus 0000:00: root bus resource [mem 0x000a0000-0x000bffff window]
pci_bus 0000:00: root bus resource [mem 0xc0000000-0xfebfffff window]
pci_bus 0000:00: root bus resource [mem 0x240000000-0x2bfffffff window]
pci_bus 0000:00: root bus resource [bus 00-ff]
pci 0000:00:01.1: legacy IDE quirk: reg 0x10: [io  0x01f0-0x01f7]
pci 0000:00:01.1: legacy IDE quirk: reg 0x14: [io  0x03f6]
pci 0000:00:01.1: legacy IDE quirk: reg 0x18: [io  0x0170-0x0177]
pci 0000:00:01.1: legacy IDE quirk: reg 0x1c: [io  0x0376]
pci 0000:00:01.3: quirk: [io  0x0600-0x063f] claimed by PIIX4 ACPI
pci 0000:00:01.3: quirk: [io  0x0700-0x070f] claimed by PIIX4 SMB
ACPI: PCI Interrupt Link [LNKA] (IRQs 5 *10 11)
ACPI: PCI Interrupt Link [LNKB] (IRQs 5 *10 11)
ACPI: PCI Interrupt Link [LNKC] (IRQs 5 10 *11)
ACPI: PCI Interrupt Link [LNKD] (IRQs 5 10 *11)
ACPI: PCI Interrupt Link [LNKS] (IRQs *9)
SCSI subsystem initialized
pci 0000:00:02.0: vgaarb: setting as boot VGA device
pci 0000:00:02.0: vgaarb: VGA device added: decodes=io+mem,owns=io+mem,locks=none
pci 0000:00:02.0: vgaarb: bridge control possible
vgaarb: loaded
ACPI: bus type USB registered
usbcore: registered new interface driver usbfs
usbcore: registered new interface driver hub
usbcore: registered new device driver usb
PCI: Using ACPI for IRQ routing
NetLabel: Initializing
NetLabel:  domain hash size = 128
NetLabel:  protocols = UNLABELED CIPSOv4 CALIPSO
NetLabel:  unlabeled traffic allowed by default
HPET: 3 timers in total, 0 timers will be used for per-cpu timer
hpet0: at MMIO 0xfed00000, IRQs 2, 8, 0
hpet0: 3 comparators, 64-bit 100.000000 MHz counter
clocksource: Switched to clocksource kvm-clock
VFS: Disk quotas dquot_6.6.0
VFS: Dquot-cache hash table entries: 512 (order 0, 4096 bytes)
AppArmor: AppArmor Filesystem Enabled
pnp: PnP ACPI init
pnp: PnP ACPI: found 6 devices
clocksource: acpi_pm: mask: 0xffffff max_cycles: 0xffffff, max_idle_ns: 2085701024 ns
NET: Registered protocol family 2
tcp_listen_portaddr_hash hash table entries: 4096 (order: 4, 65536 bytes)
TCP established hash table entries: 65536 (order: 7, 524288 bytes)
TCP bind hash table entries: 65536 (order: 8, 1048576 bytes)
TCP: Hash tables configured (established 65536 bind 65536)
UDP hash table entries: 4096 (order: 5, 131072 bytes)
UDP-Lite hash table entries: 4096 (order: 5, 131072 bytes)
NET: Registered protocol family 1
NET: Registered protocol family 44
pci 0000:00:00.0: Limiting direct PCI/PCI transfers
pci 0000:00:01.0: PIIX3: Enabling Passive Release
pci 0000:00:01.0: Activating ISA DMA hang workarounds
pci 0000:00:02.0: Video device with shadowed ROM at [mem 0x000c0000-0x000dffff]
PCI-DMA: Using software bounce buffering for IO (SWIOTLB)
software IO TLB [mem 0xbbfdf000-0xbffdf000] (64MB) mapped at [(____ptrval____)-(____ptrval____)]
clocksource: tsc: mask: 0xffffffffffffffff max_cycles: 0x1e3306b9ada, max_idle_ns: 440795224413 ns
Initialise system trusted keyrings
Key type blacklist registered
workingset: timestamp_bits=40 max_order=21 bucket_order=0
zbud: loaded
squashfs: version 4.0 (2009/01/31) Phillip Lougher
Key type asymmetric registered
Asymmetric key parser 'x509' registered
Block layer SCSI generic (bsg) driver version 0.4 loaded (major 248)
io scheduler noop registered
io scheduler deadline registered
io scheduler cfq registered (default)
input: Power Button as /devices/LNXSYSTM:00/LNXPWRBN:00/input/input0
ACPI: Power Button [PWRF]
Serial: 8250/16550 driver, 4 ports, IRQ sharing disabled
00:05: ttyS0 at I/O 0x3f8 (irq = 4, base_baud = 115200) is a 16550A
Linux agpgart interface v0.103
loop: module loaded
scsi host0: ata_piix
scsi host1: ata_piix
ata1: PATA max MWDMA2 cmd 0x1f0 ctl 0x3f6 bmdma 0xc040 irq 14
ata2: PATA max MWDMA2 cmd 0x170 ctl 0x376 bmdma 0xc048 irq 15
libphy: Fixed MDIO Bus: probed
tun: Universal TUN/TAP device driver, 1.6
PPP generic driver version 2.4.2
ehci_hcd: USB 2.0 'Enhanced' Host Controller (EHCI) Driver
ehci-pci: EHCI PCI platform driver
ehci-platform: EHCI generic platform driver
ohci_hcd: USB 1.1 'Open' Host Controller (OHCI) Driver
ohci-pci: OHCI PCI platform driver
ohci-platform: OHCI generic platform driver
uhci_hcd: USB Universal Host Controller Interface driver
i8042: PNP: PS/2 Controller [PNP0303:KBD,PNP0f13:MOU] at 0x60,0x64 irq 1,12
serio: i8042 KBD port at 0x60,0x64 irq 1
serio: i8042 AUX port at 0x60,0x64 irq 12
mousedev: PS/2 mouse device common for all mice
rtc_cmos 00:00: RTC can wake from S4
rtc_cmos 00:00: registered as rtc0
rtc_cmos 00:00: alarms up to one day, y3k, 114 bytes nvram, hpet irqs
i2c /dev entries driver
input: AT Translated Set 2 keyboard as /devices/platform/i8042/serio0/input/input1
ledtrig-cpu: registered to indicate activity on CPUs
NET: Registered protocol family 10
Segment Routing with IPv6
NET: Registered protocol family 17
Key type dns_resolver registered
RAS: Correctable Errors collector initialized.
sched_clock: Marking stable (390489168, 0)->(832388848, -441899680)
registered taskstats version 1
Loading compiled-in X.509 certificates
Loaded X.509 cert 'Build time autogenerated kernel key: 1c2f1b3729eaf9d5675161492f0e930109267547'
zswap: loaded using pool lzo/zbud
Key type big_key registered
Key type trusted registered
Key type encrypted registered
AppArmor: AppArmor sha1 policy hashing enabled
ima: No TPM chip found, activating TPM-bypass! (rc=-19)
ima: Allocated hash algorithm: sha1
evm: Initialising EVM extended attributes:
evm: security.SMACK64
evm: security.apparmor
evm: security.ima
evm: security.capability
evm: HMAC attrs: 0x1
  Magic number: 8:801:925
tty ptyxa: hash matches
rtc_cmos 00:00: setting system clock to 2024-01-16 07:54:57 UTC (1705391697)
BIOS EDD facility v0.16 2004-Jun-25, 1 devices found
ata1.00: ATA-7: QEMU HARDDISK, 2.5+, max UDMA/100
ata1.00: 41943040 sectors, multi 16: LBA48 
ata2.00: ATAPI: QEMU DVD-ROM, 2.5+, max UDMA/100
scsi 0:0:0:0: Direct-Access     ATA      QEMU HARDDISK    2.5+ PQ: 0 ANSI: 5
sd 0:0:0:0: Attached scsi generic sg0 type 0
sd 0:0:0:0: [sda] 41943040 512-byte logical blocks: (21.5 GB/20.0 GiB)
sd 0:0:0:0: [sda] Write Protect is off
scsi 1:0:0:0: CD-ROM            QEMU     QEMU DVD-ROM     2.5+ PQ: 0 ANSI: 5
sd 0:0:0:0: [sda] Write cache: enabled, read cache: enabled, doesn't support DPO or FUA
sd 0:0:0:0: [sda] Attached SCSI disk
sr 1:0:0:0: [sr0] scsi3-mmc drive: 4x/4x cd/rw xa/form2 tray
cdrom: Uniform CD-ROM driver Revision: 3.20
sr 1:0:0:0: Attached scsi generic sg1 type 5
md: Skipping autodetection of RAID arrays. (raid=autodetect will force)
EXT4-fs (sda): mounted filesystem with ordered data mode. Opts: (null)
VFS: Mounted root (ext4 filesystem) on device 8:0.
Freeing unused kernel image memory: 1632K
Write protecting the kernel read-only data: 18432k
Freeing unused kernel image memory: 2008K
Freeing unused kernel image memory: 612K

--------------Debug info--------------
Kernel: cozart
MemTotal:        8171872 kB
--------------Debug info--------------

Kernel panic - not syncing: Attempted to kill init! exitcode=0x00000000

CPU: 0 PID: 1 Comm: bash Not tainted 4.18.20-linux-cosmic-cosmic-memcached #4
Hardware name: QEMU Standard PC (i440FX + PIIX, 1996), BIOS rel-1.11.1-0-g0551a4be2c-prebuilt.qemu-project.org 04/01/2014
Call Trace:
 dump_stack+0x63/0x85
 panic+0xd5/0x234
 ? set_curr_task_fair+0x26/0x40
 do_exit+0xad0/0xad0
 do_group_exit+0x3b/0xb0
 __x64_sys_exit_group+0x18/0x20
 do_syscall_64+0x53/0x110
 entry_SYSCALL_64_after_hwframe+0x44/0xa9
RIP: 0033:0x7f3bc55c2946
Code: Bad RIP value.
RSP: 002b:00007ffff4d8f518 EFLAGS: 00000246 ORIG_RAX: 00000000000000e7
RAX: ffffffffffffffda RBX: 00007f3bc56c4760 RCX: 00007f3bc55c2946
RDX: 0000000000000000 RSI: 000000000000003c RDI: 0000000000000000
RBP: 0000000000000000 R08: 00000000000000e7 R09: ffffffffffffff80
R10: 00007ffff4d8f3ca R11: 0000000000000246 R12: 00007f3bc56c4760
R13: 0000000000000001 R14: 00007f3bc56cd428 R15: 0000000000000000
Kernel Offset: 0x31a00000 from 0xffffffff81000000 (relocation range: 0xffffffff80000000-0xffffffffbfffffff)
Mem-usage memcached on base kernel
c[?7l[2J[0mSeaBIOS (version rel-1.11.1-0-g0551a4be2c-prebuilt.qemu-project.org)


iPXE (http://ipxe.org) 00:03.0 C980 PCI2.10 PnP PMM+BFF914D0+BFEF14D0 C980
Press Ctrl-B to configure iPXE (PCI 00:03.0)...                                                                               


Booting from ROM..c[?7l[2J[0m.[    0.000000] Linux version 4.18.20-linux-cosmic-cosmic-base (root@80a77f26ef0f) (gcc version 7.5.0 (Ubuntu 7.5.0-3ubuntu1~18.04)) #1 SMP Tue Jan 9 11:20:01 UTC 2024 (Ubuntu 4.18.0-15.16-generic 4.18.20)
[    0.000000] Command line: panic=-1 console=ttyS0 root=/dev/sda rw init=/benchmark-scripts/mem-usage.sh baseline
[    0.000000] KERNEL supported cpus:
[    0.000000]   Intel GenuineIntel
[    0.000000]   AMD AuthenticAMD
[    0.000000]   Centaur CentaurHauls
[    0.000000] x86/fpu: x87 FPU will use FXSAVE
[    0.000000] BIOS-provided physical RAM map:
[    0.000000] BIOS-e820: [mem 0x0000000000000000-0x000000000009fbff] usable
[    0.000000] BIOS-e820: [mem 0x000000000009fc00-0x000000000009ffff] reserved
[    0.000000] BIOS-e820: [mem 0x00000000000f0000-0x00000000000fffff] reserved
[    0.000000] BIOS-e820: [mem 0x0000000000100000-0x00000000bffdefff] usable
[    0.000000] BIOS-e820: [mem 0x00000000bffdf000-0x00000000bfffffff] reserved
[    0.000000] BIOS-e820: [mem 0x00000000feffc000-0x00000000feffffff] reserved
[    0.000000] BIOS-e820: [mem 0x00000000fffc0000-0x00000000ffffffff] reserved
[    0.000000] BIOS-e820: [mem 0x0000000100000000-0x000000023fffffff] usable
[    0.000000] NX (Execute Disable) protection: active
[    0.000000] SMBIOS 2.8 present.
[    0.000000] DMI: QEMU Standard PC (i440FX + PIIX, 1996), BIOS rel-1.11.1-0-g0551a4be2c-prebuilt.qemu-project.org 04/01/2014
[    0.000000] Hypervisor detected: KVM
[    0.000000] AGP: No AGP bridge found
[    0.000000] last_pfn = 0x240000 max_arch_pfn = 0x400000000
[    0.000000] x86/PAT: Configuration [0-7]: WB  WC  UC- UC  WB  WC  UC- UC  
[    0.000000] last_pfn = 0xbffdf max_arch_pfn = 0x400000000
[    0.000000] found SMP MP-table at [mem 0x000f5b40-0x000f5b4f] mapped at [(____ptrval____)]
[    0.000000] Scanning 1 areas for low memory corruption
[    0.000000] ACPI: Early table checksum verification disabled
[    0.000000] ACPI: RSDP 0x00000000000F5AF0 000014 (v00 BOCHS )
[    0.000000] ACPI: RSDT 0x00000000BFFE13D2 000030 (v01 BOCHS  BXPCRSDT 00000001 BXPC 00000001)
[    0.000000] ACPI: FACP 0x00000000BFFE1296 000074 (v01 BOCHS  BXPCFACP 00000001 BXPC 00000001)
[    0.000000] ACPI: DSDT 0x00000000BFFDFD80 001516 (v01 BOCHS  BXPCDSDT 00000001 BXPC 00000001)
[    0.000000] ACPI: FACS 0x00000000BFFDFD40 000040
[    0.000000] ACPI: APIC 0x00000000BFFE130A 000090 (v01 BOCHS  BXPCAPIC 00000001 BXPC 00000001)
[    0.000000] ACPI: HPET 0x00000000BFFE139A 000038 (v01 BOCHS  BXPCHPET 00000001 BXPC 00000001)
[    0.000000] No NUMA configuration found
[    0.000000] Faking a node at [mem 0x0000000000000000-0x000000023fffffff]
[    0.000000] NODE_DATA(0) allocated [mem 0x23ffd2000-0x23fffcfff]
[    0.000000] kvm-clock: cpu 0, msr 2:3ff51001, primary cpu clock
[    0.000000] kvm-clock: Using msrs 4b564d01 and 4b564d00
[    0.000000] kvm-clock: using sched offset of 434561130 cycles
[    0.000000] clocksource: kvm-clock: mask: 0xffffffffffffffff max_cycles: 0x1cd42e4dffb, max_idle_ns: 881590591483 ns
[    0.000000] Zone ranges:
[    0.000000]   DMA      [mem 0x0000000000001000-0x0000000000ffffff]
[    0.000000]   DMA32    [mem 0x0000000001000000-0x00000000ffffffff]
[    0.000000]   Normal   [mem 0x0000000100000000-0x000000023fffffff]
[    0.000000]   Device   empty
[    0.000000] Movable zone start for each node
[    0.000000] Early memory node ranges
[    0.000000]   node   0: [mem 0x0000000000001000-0x000000000009efff]
[    0.000000]   node   0: [mem 0x0000000000100000-0x00000000bffdefff]
[    0.000000]   node   0: [mem 0x0000000100000000-0x000000023fffffff]
[    0.000000] Reserved but unavailable: 131 pages
[    0.000000] Initmem setup node 0 [mem 0x0000000000001000-0x000000023fffffff]
[    0.000000] ACPI: PM-Timer IO Port: 0x608
[    0.000000] ACPI: LAPIC_NMI (acpi_id[0xff] dfl dfl lint[0x1])
[    0.000000] IOAPIC[0]: apic_id 0, version 17, address 0xfec00000, GSI 0-23
[    0.000000] ACPI: INT_SRC_OVR (bus 0 bus_irq 0 global_irq 2 dfl dfl)
[    0.000000] ACPI: INT_SRC_OVR (bus 0 bus_irq 5 global_irq 5 high level)
[    0.000000] ACPI: INT_SRC_OVR (bus 0 bus_irq 9 global_irq 9 high level)
[    0.000000] ACPI: INT_SRC_OVR (bus 0 bus_irq 10 global_irq 10 high level)
[    0.000000] ACPI: INT_SRC_OVR (bus 0 bus_irq 11 global_irq 11 high level)
[    0.000000] Using ACPI (MADT) for SMP configuration information
[    0.000000] ACPI: HPET id: 0x8086a201 base: 0xfed00000
[    0.000000] smpboot: Allowing 4 CPUs, 0 hotplug CPUs
[    0.000000] PM: Registered nosave memory: [mem 0x00000000-0x00000fff]
[    0.000000] PM: Registered nosave memory: [mem 0x0009f000-0x0009ffff]
[    0.000000] PM: Registered nosave memory: [mem 0x000a0000-0x000effff]
[    0.000000] PM: Registered nosave memory: [mem 0x000f0000-0x000fffff]
[    0.000000] PM: Registered nosave memory: [mem 0xbffdf000-0xbfffffff]
[    0.000000] PM: Registered nosave memory: [mem 0xc0000000-0xfeffbfff]
[    0.000000] PM: Registered nosave memory: [mem 0xfeffc000-0xfeffffff]
[    0.000000] PM: Registered nosave memory: [mem 0xff000000-0xfffbffff]
[    0.000000] PM: Registered nosave memory: [mem 0xfffc0000-0xffffffff]
[    0.000000] [mem 0xc0000000-0xfeffbfff] available for PCI devices
[    0.000000] Booting paravirtualized kernel on KVM
[    0.000000] clocksource: refined-jiffies: mask: 0xffffffff max_cycles: 0xffffffff, max_idle_ns: 7645519600211568 ns
[    0.000000] random: get_random_bytes called from start_kernel+0x99/0x55a with crng_init=0
[    0.000000] setup_percpu: NR_CPUS:8192 nr_cpumask_bits:4 nr_cpu_ids:4 nr_node_ids:1
[    0.000000] percpu: Embedded 46 pages/cpu @(____ptrval____) s151552 r8192 d28672 u524288
[    0.000000] KVM setup async PF for cpu 0
[    0.000000] kvm-stealtime: cpu 0, msr 23fc24040
[    0.000000] Built 1 zonelists, mobility grouping on.  Total pages: 2064232
[    0.000000] Policy zone: Normal
[    0.000000] Kernel command line: panic=-1 console=ttyS0 root=/dev/sda rw init=/benchmark-scripts/mem-usage.sh baseline
[    0.000000] AGP: Checking aperture...
[    0.000000] AGP: No AGP bridge found
[    0.000000] Memory: 8159344K/8388084K available (14348K kernel code, 2634K rwdata, 4184K rodata, 2464K init, 2340K bss, 228740K reserved, 0K cma-reserved)
[    0.000000] SLUB: HWalign=64, Order=0-3, MinObjects=0, CPUs=4, Nodes=1
[    0.000000] Kernel/User page tables isolation: enabled
[    0.000000] ftrace: allocating 40752 entries in 160 pages
[    0.004000] Hierarchical RCU implementation.
[    0.004000] 	RCU restricting CPUs from NR_CPUS=8192 to nr_cpu_ids=4.
[    0.004000] 	Tasks RCU enabled.
[    0.004000] RCU: Adjusting geometry for rcu_fanout_leaf=16, nr_cpu_ids=4
[    0.004000] NR_IRQS: 524544, nr_irqs: 456, preallocated irqs: 16
[    0.004000] Console: colour VGA+ 80x25
[    0.004000] console [ttyS0] enabled
[    0.004000] ACPI: Core revision 20180531
[    0.004000] clocksource: hpet: mask: 0xffffffff max_cycles: 0xffffffff, max_idle_ns: 19112604467 ns
[    0.004008] APIC: Switch to symmetric I/O mode setup
[    0.005408] x2apic enabled
[    0.006368] Switched APIC routing to physical x2apic.
[    0.008923] ..TIMER: vector=0x30 apic1=0 pin1=2 apic2=-1 pin2=-1
[    0.010168] tsc: Detected 2095.078 MHz processor
[    0.011099] clocksource: tsc-early: mask: 0xffffffffffffffff max_cycles: 0x1e3306b9ada, max_idle_ns: 440795224413 ns
[    0.012004] Calibrating delay loop (skipped) preset value.. 4190.15 BogoMIPS (lpj=8380312)
[    0.013664] pid_max: default: 32768 minimum: 301
[    0.014630] Security Framework initialized
[    0.016003] Yama: becoming mindful.
[    0.016732] AppArmor: AppArmor initialized
[    0.021748] Dentry cache hash table entries: 1048576 (order: 11, 8388608 bytes)
[    0.024961] Inode-cache hash table entries: 524288 (order: 10, 4194304 bytes)
[    0.026447] Mount-cache hash table entries: 16384 (order: 5, 131072 bytes)
[    0.027846] Mountpoint-cache hash table entries: 16384 (order: 5, 131072 bytes)
[    0.028324] mce: CPU supports 10 MCE banks
[    0.029227] Last level iTLB entries: 4KB 0, 2MB 0, 4MB 0
[    0.030297] Last level dTLB entries: 4KB 0, 2MB 0, 4MB 0, 1GB 0
[    0.032003] Spectre V2 : Mitigation: Full generic retpoline
[    0.033124] Spectre V2 : Spectre v2 / SpectreRSB mitigation: Filling RSB on context switch
[    0.034776] Speculative Store Bypass: Vulnerable
[    0.036070] MDS: Vulnerable: Clear CPU buffers attempted, no microcode
[    0.037578] Freeing SMP alternatives memory: 36K
[    0.044000] smpboot: CPU0: Intel Common KVM processor (family: 0xf, model: 0x6, stepping: 0x1)
[    0.044000] Performance Events: unsupported Netburst CPU model 6 no PMU driver, software events only.
[    0.044032] Hierarchical SRCU implementation.
[    0.046081] NMI watchdog: Perf event create on CPU 0 failed with -2
[    0.048003] NMI watchdog: Perf NMI watchdog permanently disabled
[    0.049283] smp: Bringing up secondary CPUs ...
[    0.050320] x86: Booting SMP configuration:
[    0.052002] .... node  #0, CPUs:      #1
[    0.004000] kvm-clock: cpu 1, msr 2:3ff51041, secondary cpu clock
[    0.072093] KVM setup async PF for cpu 1
[    0.074520] kvm-stealtime: cpu 1, msr 23fca4040
[    0.076111]  #2
[    0.004000] kvm-clock: cpu 2, msr 2:3ff51081, secondary cpu clock
[    0.096089] KVM setup async PF for cpu 2
[    0.098509] kvm-stealtime: cpu 2, msr 23fd24040
[    0.104108]  #3
[    0.004000] kvm-clock: cpu 3, msr 2:3ff510c1, secondary cpu clock
[    0.124086] KVM setup async PF for cpu 3
[    0.126475] kvm-stealtime: cpu 3, msr 23fda4040
[    0.128023] smp: Brought up 1 node, 4 CPUs
[    0.128852] smpboot: Max logical packages: 4
[    0.132003] smpboot: Total of 4 processors activated (16760.62 BogoMIPS)
[    0.134204] devtmpfs: initialized
[    0.134204] x86/mm: Memory block size: 128MB
[    0.136833] clocksource: jiffies: mask: 0xffffffff max_cycles: 0xffffffff, max_idle_ns: 7645041785100000 ns
[    0.137985] futex hash table entries: 1024 (order: 4, 65536 bytes)
[    0.140077] pinctrl core: initialized pinctrl subsystem
[    0.141322] RTC time:  7:54:58, date: 01/16/24
[    0.142433] NET: Registered protocol family 16
[    0.144118] audit: initializing netlink subsys (disabled)
[    0.145240] audit: type=2000 audit(1705391698.737:1): state=initialized audit_enabled=0 res=1
[    0.148021] cpuidle: using governor ladder
[    0.148855] cpuidle: using governor menu
[    0.152172] ACPI: bus type PCI registered
[    0.152988] acpiphp: ACPI Hot Plug PCI Controller Driver version: 0.5
[    0.154432] PCI: Using configuration type 1 for base access
[    0.157544] HugeTLB registered 2.00 MiB page size, pre-allocated 0 pages
[    0.157544] ACPI: Added _OSI(Module Device)
[    0.160005] ACPI: Added _OSI(Processor Device)
[    0.160907] ACPI: Added _OSI(3.0 _SCP Extensions)
[    0.161863] ACPI: Added _OSI(Processor Aggregator Device)
[    0.162954] ACPI: Added _OSI(Linux-Dell-Video)
[    0.164002] ACPI: Added _OSI(Linux-Lenovo-NV-HDMI-Audio)
[    0.166708] ACPI: 1 ACPI AML tables successfully acquired and loaded
[    0.169945] ACPI: Interpreter enabled
[    0.170723] ACPI: (supports S0 S3 S4 S5)
[    0.172003] ACPI: Using IOAPIC for interrupt routing
[    0.173024] PCI: Using host bridge windows from ACPI; if necessary, use "pci=nocrs" and report a bug
[    0.175037] ACPI: Enabled 2 GPEs in block 00 to 0F
[    0.180211] ACPI: PCI Root Bridge [PCI0] (domain 0000 [bus 00-ff])
[    0.181479] acpi PNP0A03:00: _OSC: OS supports [ASPM ClockPM Segments MSI]
[    0.182869] acpi PNP0A03:00: _OSC failed (AE_NOT_FOUND); disabling ASPM
[    0.184012] acpi PNP0A03:00: fail to add MMCONFIG information, can't access extended PCI configuration space under this bridge.
[    0.186762] acpiphp: Slot [3] registered
[    0.187612] acpiphp: Slot [4] registered
[    0.188049] acpiphp: Slot [5] registered
[    0.188897] acpiphp: Slot [6] registered
[    0.189746] acpiphp: Slot [7] registered
[    0.190593] acpiphp: Slot [8] registered
[    0.192049] acpiphp: Slot [9] registered
[    0.192897] acpiphp: Slot [10] registered
[    0.193760] acpiphp: Slot [11] registered
[    0.194627] acpiphp: Slot [12] registered
[    0.195489] acpiphp: Slot [13] registered
[    0.196050] acpiphp: Slot [14] registered
[    0.196915] acpiphp: Slot [15] registered
[    0.197782] acpiphp: Slot [16] registered
[    0.198645] acpiphp: Slot [17] registered
[    0.199514] acpiphp: Slot [18] registered
[    0.200048] acpiphp: Slot [19] registered
[    0.200912] acpiphp: Slot [20] registered
[    0.201777] acpiphp: Slot [21] registered
[    0.202641] acpiphp: Slot [22] registered
[    0.204050] acpiphp: Slot [23] registered
[    0.204914] acpiphp: Slot [24] registered
[    0.205777] acpiphp: Slot [25] registered
[    0.206641] acpiphp: Slot [26] registered
[    0.207504] acpiphp: Slot [27] registered
[    0.208049] acpiphp: Slot [28] registered
[    0.208912] acpiphp: Slot [29] registered
[    0.209775] acpiphp: Slot [30] registered
[    0.210638] acpiphp: Slot [31] registered
[    0.211474] PCI host bridge to bus 0000:00
[    0.212003] pci_bus 0000:00: root bus resource [io  0x0000-0x0cf7 window]
[    0.213374] pci_bus 0000:00: root bus resource [io  0x0d00-0xffff window]
[    0.214741] pci_bus 0000:00: root bus resource [mem 0x000a0000-0x000bffff window]
[    0.216002] pci_bus 0000:00: root bus resource [mem 0xc0000000-0xfebfffff window]
[    0.217513] pci_bus 0000:00: root bus resource [mem 0x240000000-0x2bfffffff window]
[    0.220002] pci_bus 0000:00: root bus resource [bus 00-ff]
[    0.228037] pci 0000:00:01.1: legacy IDE quirk: reg 0x10: [io  0x01f0-0x01f7]
[    0.229488] pci 0000:00:01.1: legacy IDE quirk: reg 0x14: [io  0x03f6]
[    0.231543] pci 0000:00:01.1: legacy IDE quirk: reg 0x18: [io  0x0170-0x0177]
[    0.232002] pci 0000:00:01.1: legacy IDE quirk: reg 0x1c: [io  0x0376]
[    0.234240] pci 0000:00:01.3: quirk: [io  0x0600-0x063f] claimed by PIIX4 ACPI
[    0.236014] pci 0000:00:01.3: quirk: [io  0x0700-0x070f] claimed by PIIX4 SMB
[    0.271150] ACPI: PCI Interrupt Link [LNKA] (IRQs 5 *10 11)
[    0.272183] ACPI: PCI Interrupt Link [LNKB] (IRQs 5 *10 11)
[    0.273472] ACPI: PCI Interrupt Link [LNKC] (IRQs 5 10 *11)
[    0.274759] ACPI: PCI Interrupt Link [LNKD] (IRQs 5 10 *11)
[    0.276103] ACPI: PCI Interrupt Link [LNKS] (IRQs *9)
[    0.278031] SCSI subsystem initialized
[    0.278922] pci 0000:00:02.0: vgaarb: setting as boot VGA device
[    0.278922] pci 0000:00:02.0: vgaarb: VGA device added: decodes=io+mem,owns=io+mem,locks=none
[    0.280008] pci 0000:00:02.0: vgaarb: bridge control possible
[    0.281170] vgaarb: loaded
[    0.284041] ACPI: bus type USB registered
[    0.284884] usbcore: registered new interface driver usbfs
[    0.286000] usbcore: registered new interface driver hub
[    0.287092] usbcore: registered new device driver usb
[    0.288032] pps_core: LinuxPPS API ver. 1 registered
[    0.289035] pps_core: Software ver. 5.3.6 - Copyright 2005-2007 Rodolfo Giometti <giometti@linux.it>
[    0.290860] PTP clock support registered
[    0.292045] EDAC MC: Ver: 3.0.0
[    0.292864] PCI: Using ACPI for IRQ routing
[    0.293276] NetLabel: Initializing
[    0.293972] NetLabel:  domain hash size = 128
[    0.296002] NetLabel:  protocols = UNLABELED CIPSOv4 CALIPSO
[    0.297170] NetLabel:  unlabeled traffic allowed by default
[    0.298305] HPET: 3 timers in total, 0 timers will be used for per-cpu timer
[    0.300002] hpet0: at MMIO 0xfed00000, IRQs 2, 8, 0
[    0.300988] hpet0: 3 comparators, 64-bit 100.000000 MHz counter
[    0.307227] clocksource: Switched to clocksource kvm-clock
[    0.319598] VFS: Disk quotas dquot_6.6.0
[    0.320641] VFS: Dquot-cache hash table entries: 512 (order 0, 4096 bytes)
[    0.326233] AppArmor: AppArmor Filesystem Enabled
[    0.329246] pnp: PnP ACPI init
[    0.333127] pnp: PnP ACPI: found 6 devices
[    0.347207] clocksource: acpi_pm: mask: 0xffffff max_cycles: 0xffffff, max_idle_ns: 2085701024 ns
[    0.352908] NET: Registered protocol family 2
[    0.357178] tcp_listen_portaddr_hash hash table entries: 4096 (order: 4, 65536 bytes)
[    0.362071] TCP established hash table entries: 65536 (order: 7, 524288 bytes)
[    0.366550] TCP bind hash table entries: 65536 (order: 8, 1048576 bytes)
[    0.370429] TCP: Hash tables configured (established 65536 bind 65536)
[    0.374648] UDP hash table entries: 4096 (order: 5, 131072 bytes)
[    0.377606] UDP-Lite hash table entries: 4096 (order: 5, 131072 bytes)
[    0.380650] NET: Registered protocol family 1
[    0.382466] NET: Registered protocol family 44
[    0.384319] pci 0000:00:00.0: Limiting direct PCI/PCI transfers
[    0.386533] pci 0000:00:01.0: PIIX3: Enabling Passive Release
[    0.388692] pci 0000:00:01.0: Activating ISA DMA hang workarounds
[    0.390945] pci 0000:00:02.0: Video device with shadowed ROM at [mem 0x000c0000-0x000dffff]
[    0.393884] PCI-DMA: Using software bounce buffering for IO (SWIOTLB)
[    0.395983] software IO TLB [mem 0xbbfdf000-0xbffdf000] (64MB) mapped at [(____ptrval____)-(____ptrval____)]
[    0.399034] clocksource: tsc: mask: 0xffffffffffffffff max_cycles: 0x1e3306b9ada, max_idle_ns: 440795224413 ns
[    0.402033] Scanning for low memory corruption every 60 seconds
[    0.404724] Initialise system trusted keyrings
[    0.405985] Key type blacklist registered
[    0.407189] workingset: timestamp_bits=36 max_order=21 bucket_order=0
[    0.410961] zbud: loaded
[    0.412547] squashfs: version 4.0 (2009/01/31) Phillip Lougher
[    0.414490] fuse init (API version 7.27)
[    0.415694] pstore: using deflate compression
[    0.421117] Key type asymmetric registered
[    0.422255] Asymmetric key parser 'x509' registered
[    0.423628] Block layer SCSI generic (bsg) driver version 0.4 loaded (major 244)
[    0.425772] io scheduler noop registered
[    0.426855] io scheduler deadline registered
[    0.428092] io scheduler cfq registered (default)
[    0.429641] shpchp: Standard Hot Plug PCI Controller Driver version: 0.4
[    0.431656] input: Power Button as /devices/LNXSYSTM:00/LNXPWRBN:00/input/input0
[    0.433712] ACPI: Power Button [PWRF]
[    0.435285] Serial: 8250/16550 driver, 32 ports, IRQ sharing enabled
[    0.465726] 00:05: ttyS0 at I/O 0x3f8 (irq = 4, base_baud = 115200) is a 16550A
[    0.470208] Linux agpgart interface v0.103
[    0.473904] loop: module loaded
[    0.476681] scsi host0: ata_piix
[    0.477707] scsi host1: ata_piix
[    0.478506] ata1: PATA max MWDMA2 cmd 0x1f0 ctl 0x3f6 bmdma 0xc040 irq 14
[    0.480109] ata2: PATA max MWDMA2 cmd 0x170 ctl 0x376 bmdma 0xc048 irq 15
[    0.481794] libphy: Fixed MDIO Bus: probed
[    0.482834] tun: Universal TUN/TAP device driver, 1.6
[    0.484187] PPP generic driver version 2.4.2
[    0.485271] ehci_hcd: USB 2.0 'Enhanced' Host Controller (EHCI) Driver
[    0.486792] ehci-pci: EHCI PCI platform driver
[    0.487850] ehci-platform: EHCI generic platform driver
[    0.489060] ohci_hcd: USB 1.1 'Open' Host Controller (OHCI) Driver
[    0.490419] ohci-pci: OHCI PCI platform driver
[    0.491411] ohci-platform: OHCI generic platform driver
[    0.492581] uhci_hcd: USB Universal Host Controller Interface driver
[    0.493991] i8042: PNP: PS/2 Controller [PNP0303:KBD,PNP0f13:MOU] at 0x60,0x64 irq 1,12
[    0.496709] serio: i8042 KBD port at 0x60,0x64 irq 1
[    0.497742] serio: i8042 AUX port at 0x60,0x64 irq 12
[    0.498969] mousedev: PS/2 mouse device common for all mice
[    0.501481] rtc_cmos 00:00: RTC can wake from S4
[    0.503183] input: AT Translated Set 2 keyboard as /devices/platform/i8042/serio0/input/input1
[    0.505097] rtc_cmos 00:00: registered as rtc0
[    0.506211] rtc_cmos 00:00: alarms up to one day, y3k, 114 bytes nvram, hpet irqs
[    0.507742] i2c /dev entries driver
[    0.508563] device-mapper: uevent: version 1.0.3
[    0.509642] device-mapper: ioctl: 4.39.0-ioctl (2018-04-03) initialised: dm-devel@redhat.com
[    0.511505] ledtrig-cpu: registered to indicate activity on CPUs
[    0.513257] NET: Registered protocol family 10
[    0.515103] Segment Routing with IPv6
[    0.515906] NET: Registered protocol family 17
[    0.516869] Key type dns_resolver registered
[    0.518462] RAS: Correctable Errors collector initialized.
[    0.519603] sched_clock: Marking stable (518411949, 0)->(1109750234, -591338285)
[    0.521597] registered taskstats version 1
[    0.522458] Loading compiled-in X.509 certificates
[    0.524582] Loaded X.509 cert 'Build time autogenerated kernel key: 1c2f1b3729eaf9d5675161492f0e930109267547'
[    0.526701] zswap: loaded using pool lzo/zbud
[    0.528474] Key type big_key registered
[    0.529276] Key type trusted registered
[    0.530412] Key type encrypted registered
[    0.531245] AppArmor: AppArmor sha1 policy hashing enabled
[    0.532407] ima: No TPM chip found, activating TPM-bypass! (rc=-19)
[    0.533694] ima: Allocated hash algorithm: sha1
[    0.534664] evm: Initialising EVM extended attributes:
[    0.535706] evm: security.selinux
[    0.536417] evm: security.SMACK64
[    0.537122] evm: security.SMACK64EXEC
[    0.537878] evm: security.SMACK64TRANSMUTE
[    0.538720] evm: security.SMACK64MMAP
[    0.539477] evm: security.apparmor
[    0.540196] evm: security.ima
[    0.540810] evm: security.capability
[    0.541545] evm: HMAC attrs: 0x1
[    0.542482]   Magic number: 8:801:925
[    0.543416] rtc_cmos 00:00: setting system clock to 2024-01-16 07:54:58 UTC (1705391698)
[    0.643694] ata1.00: ATA-7: QEMU HARDDISK, 2.5+, max UDMA/100
[    0.647327] ata1.00: 41943040 sectors, multi 16: LBA48 
[    0.650994] ata2.00: ATAPI: QEMU DVD-ROM, 2.5+, max UDMA/100
[    0.657331] scsi 0:0:0:0: Direct-Access     ATA      QEMU HARDDISK    2.5+ PQ: 0 ANSI: 5
[    0.662717] sd 0:0:0:0: [sda] 41943040 512-byte logical blocks: (21.5 GB/20.0 GiB)
[    0.667351] sd 0:0:0:0: [sda] Write Protect is off
[    0.670498] sd 0:0:0:0: [sda] Write cache: enabled, read cache: enabled, doesn't support DPO or FUA
[    0.676047] sd 0:0:0:0: Attached scsi generic sg0 type 0
[    0.680574] scsi 1:0:0:0: CD-ROM            QEMU     QEMU DVD-ROM     2.5+ PQ: 0 ANSI: 5
[    0.684194] sd 0:0:0:0: [sda] Attached SCSI disk
[    0.717736] sr 1:0:0:0: [sr0] scsi3-mmc drive: 4x/4x cd/rw xa/form2 tray
[    0.721843] cdrom: Uniform CD-ROM driver Revision: 3.20
[    0.725559] sr 1:0:0:0: Attached scsi generic sg1 type 5
[    0.729219] md: Waiting for all devices to be available before autodetect
[    0.732802] md: If you don't use raid, use raid=noautodetect
[    0.736390] md: Autodetecting RAID arrays.
[    0.738657] md: autorun ...
[    0.740252] md: ... autorun DONE.
[    0.764374] EXT4-fs (sda): recovery complete
[    0.766763] EXT4-fs (sda): mounted filesystem with ordered data mode. Opts: (null)
[    0.770917] VFS: Mounted root (ext4 filesystem) on device 8:0.
[    0.778043] devtmpfs: mounted
[    0.792941] Freeing unused kernel image memory: 2464K
[    0.812058] Write protecting the kernel read-only data: 22528k
[    0.820216] Freeing unused kernel image memory: 2008K
[    0.823930] Freeing unused kernel image memory: 1960K
[    0.853453] x86/mm: Checked W+X mappings: passed, no W+X pages found.
[    0.855683] x86/mm: Checking user space page tables
[    0.874154] x86/mm: Checked W+X mappings: passed, no W+X pages found.

--------------Debug info--------------
Kernel: baseline
MemTotal:        8165812 kB
--------------Debug info--------------

[    1.005482] Kernel panic - not syncing: Attempted to kill init! exitcode=0x00000000
[    1.005482] 
[    1.011053] CPU: 0 PID: 1 Comm: bash Not tainted 4.18.20-linux-cosmic-cosmic-base #1
[    1.015675] Hardware name: QEMU Standard PC (i440FX + PIIX, 1996), BIOS rel-1.11.1-0-g0551a4be2c-prebuilt.qemu-project.org 04/01/2014
[    1.022815] Call Trace:
[    1.024370]  dump_stack+0x63/0x85
[    1.026380]  panic+0xe4/0x244
[    1.028203]  do_exit+0xb30/0xb30
[    1.030181]  do_group_exit+0x43/0xb0
[    1.032373]  __x64_sys_exit_group+0x18/0x20
[    1.034908]  do_syscall_64+0x5a/0x120
[    1.037149]  entry_SYSCALL_64_after_hwframe+0x44/0xa9
[    1.040223] RIP: 0033:0x7fd19f068946
[    1.042372] Code: Bad RIP value.
[    1.044369] RSP: 002b:00007ffd69539b78 EFLAGS: 00000246 ORIG_RAX: 00000000000000e7
[    1.048366] RAX: ffffffffffffffda RBX: 00007fd19f16a760 RCX: 00007fd19f068946
[    1.052141] RDX: 0000000000000000 RSI: 000000000000003c RDI: 0000000000000000
[    1.055570] RBP: 0000000000000000 R08: 00000000000000e7 R09: ffffffffffffff80
[    1.058726] R10: 00007ffd69539a2a R11: 0000000000000246 R12: 00007fd19f16a760
[    1.061681] R13: 0000000000000001 R14: 00007fd19f173428 R15: 0000000000000000
[    1.064598] Kernel Offset: 0x27000000 from 0xffffffff81000000 (relocation range: 0xffffffff80000000-0xffffffffbfffffff)
