c[?7l[2J[0mSeaBIOS (version rel-1.11.1-0-g0551a4be2c-prebuilt.qemu-project.org)


iPXE (http://ipxe.org) 00:03.0 C980 PCI2.10 PnP PMM+BFF914D0+BFEF14D0 C980
Press Ctrl-B to configure iPXE (PCI 00:03.0)...                                                                               


Booting from ROM..c[?7l[2J[0m.[    0.000000] Linux version 4.18.20-linux-cosmic-cosmic-base (root@80a77f26ef0f) (gcc version 7.5.0 (Ubuntu 7.5.0-3ubuntu1~18.04)) #1 SMP Tue Jan 9 11:20:01 UTC 2024 (Ubuntu 4.18.0-15.16-generic 4.18.20)
[    0.000000] Command line: panic=-1 console=ttyS0 root=/dev/sda rw init=/benchmark-scripts/mysql.sh
[    0.000000] KERNEL supported cpus:
[    0.000000]   Intel GenuineIntel
[    0.000000]   AMD AuthenticAMD
[    0.000000]   Centaur CentaurHauls
[    0.000000] x86/fpu: x87 FPU will use FXSAVE
[    0.000000] BIOS-provided physical RAM map:
[    0.000000] BIOS-e820: [mem 0x0000000000000000-0x000000000009fbff] usable
[    0.000000] BIOS-e820: [mem 0x000000000009fc00-0x000000000009ffff] reserved
[    0.000000] BIOS-e820: [mem 0x00000000000f0000-0x00000000000fffff] reserved
[    0.000000] BIOS-e820: [mem 0x0000000000100000-0x00000000bffdefff] usable
[    0.000000] BIOS-e820: [mem 0x00000000bffdf000-0x00000000bfffffff] reserved
[    0.000000] BIOS-e820: [mem 0x00000000feffc000-0x00000000feffffff] reserved
[    0.000000] BIOS-e820: [mem 0x00000000fffc0000-0x00000000ffffffff] reserved
[    0.000000] BIOS-e820: [mem 0x0000000100000000-0x000000023fffffff] usable
[    0.000000] NX (Execute Disable) protection: active
[    0.000000] SMBIOS 2.8 present.
[    0.000000] DMI: QEMU Standard PC (i440FX + PIIX, 1996), BIOS rel-1.11.1-0-g0551a4be2c-prebuilt.qemu-project.org 04/01/2014
[    0.000000] Hypervisor detected: KVM
[    0.000000] AGP: No AGP bridge found
[    0.000000] last_pfn = 0x240000 max_arch_pfn = 0x400000000
[    0.000000] x86/PAT: Configuration [0-7]: WB  WC  UC- UC  WB  WC  UC- UC  
[    0.000000] last_pfn = 0xbffdf max_arch_pfn = 0x400000000
[    0.000000] found SMP MP-table at [mem 0x000f5b40-0x000f5b4f] mapped at [(____ptrval____)]
[    0.000000] Scanning 1 areas for low memory corruption
[    0.000000] ACPI: Early table checksum verification disabled
[    0.000000] ACPI: RSDP 0x00000000000F5AF0 000014 (v00 BOCHS )
[    0.000000] ACPI: RSDT 0x00000000BFFE13D2 000030 (v01 BOCHS  BXPCRSDT 00000001 BXPC 00000001)
[    0.000000] ACPI: FACP 0x00000000BFFE1296 000074 (v01 BOCHS  BXPCFACP 00000001 BXPC 00000001)
[    0.000000] ACPI: DSDT 0x00000000BFFDFD80 001516 (v01 BOCHS  BXPCDSDT 00000001 BXPC 00000001)
[    0.000000] ACPI: FACS 0x00000000BFFDFD40 000040
[    0.000000] ACPI: APIC 0x00000000BFFE130A 000090 (v01 BOCHS  BXPCAPIC 00000001 BXPC 00000001)
[    0.000000] ACPI: HPET 0x00000000BFFE139A 000038 (v01 BOCHS  BXPCHPET 00000001 BXPC 00000001)
[    0.000000] No NUMA configuration found
[    0.000000] Faking a node at [mem 0x0000000000000000-0x000000023fffffff]
[    0.000000] NODE_DATA(0) allocated [mem 0x23ffd1000-0x23fffbfff]
[    0.000000] kvm-clock: cpu 0, msr 2:3ff50001, primary cpu clock
[    0.000000] kvm-clock: Using msrs 4b564d01 and 4b564d00
[    0.000000] kvm-clock: using sched offset of 434542491 cycles
[    0.000000] clocksource: kvm-clock: mask: 0xffffffffffffffff max_cycles: 0x1cd42e4dffb, max_idle_ns: 881590591483 ns
[    0.000000] Zone ranges:
[    0.000000]   DMA      [mem 0x0000000000001000-0x0000000000ffffff]
[    0.000000]   DMA32    [mem 0x0000000001000000-0x00000000ffffffff]
[    0.000000]   Normal   [mem 0x0000000100000000-0x000000023fffffff]
[    0.000000]   Device   empty
[    0.000000] Movable zone start for each node
[    0.000000] Early memory node ranges
[    0.000000]   node   0: [mem 0x0000000000001000-0x000000000009efff]
[    0.000000]   node   0: [mem 0x0000000000100000-0x00000000bffdefff]
[    0.000000]   node   0: [mem 0x0000000100000000-0x000000023fffffff]
[    0.000000] Reserved but unavailable: 131 pages
[    0.000000] Initmem setup node 0 [mem 0x0000000000001000-0x000000023fffffff]
[    0.000000] ACPI: PM-Timer IO Port: 0x608
[    0.000000] ACPI: LAPIC_NMI (acpi_id[0xff] dfl dfl lint[0x1])
[    0.000000] IOAPIC[0]: apic_id 0, version 17, address 0xfec00000, GSI 0-23
[    0.000000] ACPI: INT_SRC_OVR (bus 0 bus_irq 0 global_irq 2 dfl dfl)
[    0.000000] ACPI: INT_SRC_OVR (bus 0 bus_irq 5 global_irq 5 high level)
[    0.000000] ACPI: INT_SRC_OVR (bus 0 bus_irq 9 global_irq 9 high level)
[    0.000000] ACPI: INT_SRC_OVR (bus 0 bus_irq 10 global_irq 10 high level)
[    0.000000] ACPI: INT_SRC_OVR (bus 0 bus_irq 11 global_irq 11 high level)
[    0.000000] Using ACPI (MADT) for SMP configuration information
[    0.000000] ACPI: HPET id: 0x8086a201 base: 0xfed00000
[    0.000000] smpboot: Allowing 4 CPUs, 0 hotplug CPUs
[    0.000000] PM: Registered nosave memory: [mem 0x00000000-0x00000fff]
[    0.000000] PM: Registered nosave memory: [mem 0x0009f000-0x0009ffff]
[    0.000000] PM: Registered nosave memory: [mem 0x000a0000-0x000effff]
[    0.000000] PM: Registered nosave memory: [mem 0x000f0000-0x000fffff]
[    0.000000] PM: Registered nosave memory: [mem 0xbffdf000-0xbfffffff]
[    0.000000] PM: Registered nosave memory: [mem 0xc0000000-0xfeffbfff]
[    0.000000] PM: Registered nosave memory: [mem 0xfeffc000-0xfeffffff]
[    0.000000] PM: Registered nosave memory: [mem 0xff000000-0xfffbffff]
[    0.000000] PM: Registered nosave memory: [mem 0xfffc0000-0xffffffff]
[    0.000000] [mem 0xc0000000-0xfeffbfff] available for PCI devices
[    0.000000] Booting paravirtualized kernel on KVM
[    0.000000] clocksource: refined-jiffies: mask: 0xffffffff max_cycles: 0xffffffff, max_idle_ns: 7645519600211568 ns
[    0.000000] random: get_random_bytes called from start_kernel+0x99/0x55a with crng_init=0
[    0.000000] setup_percpu: NR_CPUS:8192 nr_cpumask_bits:4 nr_cpu_ids:4 nr_node_ids:1
[    0.000000] percpu: Embedded 46 pages/cpu @(____ptrval____) s151552 r8192 d28672 u524288
[    0.000000] KVM setup async PF for cpu 0
[    0.000000] kvm-stealtime: cpu 0, msr 23fc24040
[    0.000000] Built 1 zonelists, mobility grouping on.  Total pages: 2064232
[    0.000000] Policy zone: Normal
[    0.000000] Kernel command line: panic=-1 console=ttyS0 root=/dev/sda rw init=/benchmark-scripts/mysql.sh
[    0.000000] AGP: Checking aperture...
[    0.000000] AGP: No AGP bridge found
[    0.000000] Memory: 8159340K/8388084K available (14348K kernel code, 2634K rwdata, 4184K rodata, 2464K init, 2340K bss, 228744K reserved, 0K cma-reserved)
[    0.000000] SLUB: HWalign=64, Order=0-3, MinObjects=0, CPUs=4, Nodes=1
[    0.000000] Kernel/User page tables isolation: enabled
[    0.000000] ftrace: allocating 40752 entries in 160 pages
[    0.004000] Hierarchical RCU implementation.
[    0.004000] 	RCU restricting CPUs from NR_CPUS=8192 to nr_cpu_ids=4.
[    0.004000] 	Tasks RCU enabled.
[    0.004000] RCU: Adjusting geometry for rcu_fanout_leaf=16, nr_cpu_ids=4
[    0.004000] NR_IRQS: 524544, nr_irqs: 456, preallocated irqs: 16
[    0.004000] Console: colour VGA+ 80x25
[    0.004000] console [ttyS0] enabled
[    0.004000] ACPI: Core revision 20180531
[    0.004000] clocksource: hpet: mask: 0xffffffff max_cycles: 0xffffffff, max_idle_ns: 19112604467 ns
[    0.004007] APIC: Switch to symmetric I/O mode setup
[    0.005439] x2apic enabled
[    0.006389] Switched APIC routing to physical x2apic.
[    0.008939] ..TIMER: vector=0x30 apic1=0 pin1=2 apic2=-1 pin2=-1
[    0.010182] tsc: Detected 2095.078 MHz processor
[    0.011117] clocksource: tsc-early: mask: 0xffffffffffffffff max_cycles: 0x1e3306b9ada, max_idle_ns: 440795224413 ns
[    0.012004] Calibrating delay loop (skipped) preset value.. 4190.15 BogoMIPS (lpj=8380312)
[    0.013658] pid_max: default: 32768 minimum: 301
[    0.014625] Security Framework initialized
[    0.016003] Yama: becoming mindful.
[    0.016732] AppArmor: AppArmor initialized
[    0.021738] Dentry cache hash table entries: 1048576 (order: 11, 8388608 bytes)
[    0.024925] Inode-cache hash table entries: 524288 (order: 10, 4194304 bytes)
[    0.026404] Mount-cache hash table entries: 16384 (order: 5, 131072 bytes)
[    0.027814] Mountpoint-cache hash table entries: 16384 (order: 5, 131072 bytes)
[    0.028324] mce: CPU supports 10 MCE banks
[    0.029228] Last level iTLB entries: 4KB 0, 2MB 0, 4MB 0
[    0.030300] Last level dTLB entries: 4KB 0, 2MB 0, 4MB 0, 1GB 0
[    0.032004] Spectre V2 : Mitigation: Full generic retpoline
[    0.033143] Spectre V2 : Spectre v2 / SpectreRSB mitigation: Filling RSB on context switch
[    0.034794] Speculative Store Bypass: Vulnerable
[    0.036070] MDS: Vulnerable: Clear CPU buffers attempted, no microcode
[    0.037576] Freeing SMP alternatives memory: 36K
[    0.044000] smpboot: CPU0: Intel Common KVM processor (family: 0xf, model: 0x6, stepping: 0x1)
[    0.044000] Performance Events: unsupported Netburst CPU model 6 no PMU driver, software events only.
[    0.044021] Hierarchical SRCU implementation.
[    0.046038] NMI watchdog: Perf event create on CPU 0 failed with -2
[    0.047319] NMI watchdog: Perf NMI watchdog permanently disabled
[    0.048070] smp: Bringing up secondary CPUs ...
[    0.049097] x86: Booting SMP configuration:
[    0.049951] .... node  #0, CPUs:      #1
[    0.004000] kvm-clock: cpu 1, msr 2:3ff50041, secondary cpu clock
[    0.072090] KVM setup async PF for cpu 1
[    0.074472] kvm-stealtime: cpu 1, msr 23fca4040
[    0.076124]  #2
[    0.004000] kvm-clock: cpu 2, msr 2:3ff50081, secondary cpu clock
[    0.096088] KVM setup async PF for cpu 2
[    0.098487] kvm-stealtime: cpu 2, msr 23fd24040
[    0.100110]  #3
[    0.004000] kvm-clock: cpu 3, msr 2:3ff500c1, secondary cpu clock
[    0.120089] KVM setup async PF for cpu 3
[    0.122488] kvm-stealtime: cpu 3, msr 23fda4040
[    0.128023] smp: Brought up 1 node, 4 CPUs
[    0.128852] smpboot: Max logical packages: 4
[    0.129720] smpboot: Total of 4 processors activated (16760.62 BogoMIPS)
[    0.132540] devtmpfs: initialized
[    0.132751] x86/mm: Memory block size: 128MB
[    0.136009] clocksource: jiffies: mask: 0xffffffff max_cycles: 0xffffffff, max_idle_ns: 7645041785100000 ns
[    0.137994] futex hash table entries: 1024 (order: 4, 65536 bytes)
[    0.139308] pinctrl core: initialized pinctrl subsystem
[    0.140189] RTC time: 12:07:37, date: 01/15/24
[    0.141301] NET: Registered protocol family 16
[    0.142308] audit: initializing netlink subsys (disabled)
[    0.143419] audit: type=2000 audit(1705320456.997:1): state=initialized audit_enabled=0 res=1
[    0.148018] cpuidle: using governor ladder
[    0.148856] cpuidle: using governor menu
[    0.149816] ACPI: bus type PCI registered
[    0.150636] acpiphp: ACPI Hot Plug PCI Controller Driver version: 0.5
[    0.152164] PCI: Using configuration type 1 for base access
[    0.156040] HugeTLB registered 2.00 MiB page size, pre-allocated 0 pages
[    0.157434] ACPI: Added _OSI(Module Device)
[    0.157434] ACPI: Added _OSI(Processor Device)
[    0.157853] ACPI: Added _OSI(3.0 _SCP Extensions)
[    0.160003] ACPI: Added _OSI(Processor Aggregator Device)
[    0.161097] ACPI: Added _OSI(Linux-Dell-Video)
[    0.161999] ACPI: Added _OSI(Linux-Lenovo-NV-HDMI-Audio)
[    0.165433] ACPI: 1 ACPI AML tables successfully acquired and loaded
[    0.168303] ACPI: Interpreter enabled
[    0.169083] ACPI: (supports S0 S3 S4 S5)
[    0.169882] ACPI: Using IOAPIC for interrupt routing
[    0.170899] PCI: Using host bridge windows from ACPI; if necessary, use "pci=nocrs" and report a bug
[    0.172174] ACPI: Enabled 2 GPEs in block 00 to 0F
[    0.178433] ACPI: PCI Root Bridge [PCI0] (domain 0000 [bus 00-ff])
[    0.179690] acpi PNP0A03:00: _OSC: OS supports [ASPM ClockPM Segments MSI]
[    0.180008] acpi PNP0A03:00: _OSC failed (AE_NOT_FOUND); disabling ASPM
[    0.181345] acpi PNP0A03:00: fail to add MMCONFIG information, can't access extended PCI configuration space under this bridge.
[    0.184445] acpiphp: Slot [3] registered
[    0.185289] acpiphp: Slot [4] registered
[    0.186130] acpiphp: Slot [5] registered
[    0.186970] acpiphp: Slot [6] registered
[    0.188049] acpiphp: Slot [7] registered
[    0.188903] acpiphp: Slot [8] registered
[    0.189743] acpiphp: Slot [9] registered
[    0.190582] acpiphp: Slot [10] registered
[    0.191438] acpiphp: Slot [11] registered
[    0.192049] acpiphp: Slot [12] registered
[    0.192907] acpiphp: Slot [13] registered
[    0.193766] acpiphp: Slot [14] registered
[    0.194630] acpiphp: Slot [15] registered
[    0.196048] acpiphp: Slot [16] registered
[    0.196911] acpiphp: Slot [17] registered
[    0.197768] acpiphp: Slot [18] registered
[    0.198627] acpiphp: Slot [19] registered
[    0.199485] acpiphp: Slot [20] registered
[    0.200049] acpiphp: Slot [21] registered
[    0.200907] acpiphp: Slot [22] registered
[    0.201766] acpiphp: Slot [23] registered
[    0.202624] acpiphp: Slot [24] registered
[    0.203480] acpiphp: Slot [25] registered
[    0.204050] acpiphp: Slot [26] registered
[    0.204909] acpiphp: Slot [27] registered
[    0.205765] acpiphp: Slot [28] registered
[    0.206621] acpiphp: Slot [29] registered
[    0.208049] acpiphp: Slot [30] registered
[    0.208920] acpiphp: Slot [31] registered
[    0.209745] PCI host bridge to bus 0000:00
[    0.210575] pci_bus 0000:00: root bus resource [io  0x0000-0x0cf7 window]
[    0.212002] pci_bus 0000:00: root bus resource [io  0x0d00-0xffff window]
[    0.213369] pci_bus 0000:00: root bus resource [mem 0x000a0000-0x000bffff window]
[    0.214861] pci_bus 0000:00: root bus resource [mem 0xc0000000-0xfebfffff window]
[    0.216002] pci_bus 0000:00: root bus resource [mem 0x240000000-0x2bfffffff window]
[    0.217534] pci_bus 0000:00: root bus resource [bus 00-ff]
[    0.225878] pci 0000:00:01.1: legacy IDE quirk: reg 0x10: [io  0x01f0-0x01f7]
[    0.227323] pci 0000:00:01.1: legacy IDE quirk: reg 0x14: [io  0x03f6]
[    0.228003] pci 0000:00:01.1: legacy IDE quirk: reg 0x18: [io  0x0170-0x0177]
[    0.229438] pci 0000:00:01.1: legacy IDE quirk: reg 0x1c: [io  0x0376]
[    0.232919] pci 0000:00:01.3: quirk: [io  0x0600-0x063f] claimed by PIIX4 ACPI
[    0.234391] pci 0000:00:01.3: quirk: [io  0x0700-0x070f] claimed by PIIX4 SMB
[    0.268893] ACPI: PCI Interrupt Link [LNKA] (IRQs 5 *10 11)
[    0.270229] ACPI: PCI Interrupt Link [LNKB] (IRQs 5 *10 11)
[    0.271517] ACPI: PCI Interrupt Link [LNKC] (IRQs 5 10 *11)
[    0.272164] ACPI: PCI Interrupt Link [LNKD] (IRQs 5 10 *11)
[    0.273384] ACPI: PCI Interrupt Link [LNKS] (IRQs *9)
[    0.276005] SCSI subsystem initialized
[    0.276905] pci 0000:00:02.0: vgaarb: setting as boot VGA device
[    0.277241] pci 0000:00:02.0: vgaarb: VGA device added: decodes=io+mem,owns=io+mem,locks=none
[    0.280003] pci 0000:00:02.0: vgaarb: bridge control possible
[    0.281173] vgaarb: loaded
[    0.281763] ACPI: bus type USB registered
[    0.282601] usbcore: registered new interface driver usbfs
[    0.283718] usbcore: registered new interface driver hub
[    0.284023] usbcore: registered new device driver usb
[    0.285069] pps_core: LinuxPPS API ver. 1 registered
[    0.286068] pps_core: Software ver. 5.3.6 - Copyright 2005-2007 Rodolfo Giometti <giometti@linux.it>
[    0.288004] PTP clock support registered
[    0.288845] EDAC MC: Ver: 3.0.0
[    0.288863] PCI: Using ACPI for IRQ routing
[    0.289260] NetLabel: Initializing
[    0.292003] NetLabel:  domain hash size = 128
[    0.292883] NetLabel:  protocols = UNLABELED CIPSOv4 CALIPSO
[    0.294044] NetLabel:  unlabeled traffic allowed by default
[    0.296033] HPET: 3 timers in total, 0 timers will be used for per-cpu timer
[    0.297485] hpet0: at MMIO 0xfed00000, IRQs 2, 8, 0
[    0.298470] hpet0: 3 comparators, 64-bit 100.000000 MHz counter
[    0.304054] clocksource: Switched to clocksource kvm-clock
[    0.319644] VFS: Disk quotas dquot_6.6.0
[    0.320518] VFS: Dquot-cache hash table entries: 512 (order 0, 4096 bytes)
[    0.322628] AppArmor: AppArmor Filesystem Enabled
[    0.323623] pnp: PnP ACPI init
[    0.324938] pnp: PnP ACPI: found 6 devices
[    0.334034] clocksource: acpi_pm: mask: 0xffffff max_cycles: 0xffffff, max_idle_ns: 2085701024 ns
[    0.335943] NET: Registered protocol family 2
[    0.337697] tcp_listen_portaddr_hash hash table entries: 4096 (order: 4, 65536 bytes)
[    0.339311] TCP established hash table entries: 65536 (order: 7, 524288 bytes)
[    0.340897] TCP bind hash table entries: 65536 (order: 8, 1048576 bytes)
[    0.342341] TCP: Hash tables configured (established 65536 bind 65536)
[    0.343712] UDP hash table entries: 4096 (order: 5, 131072 bytes)
[    0.345543] UDP-Lite hash table entries: 4096 (order: 5, 131072 bytes)
[    0.346937] NET: Registered protocol family 1
[    0.347830] NET: Registered protocol family 44
[    0.348748] pci 0000:00:00.0: Limiting direct PCI/PCI transfers
[    0.349952] pci 0000:00:01.0: PIIX3: Enabling Passive Release
[    0.351133] pci 0000:00:01.0: Activating ISA DMA hang workarounds
[    0.352442] pci 0000:00:02.0: Video device with shadowed ROM at [mem 0x000c0000-0x000dffff]
[    0.354199] PCI-DMA: Using software bounce buffering for IO (SWIOTLB)
[    0.355489] software IO TLB [mem 0xbbfdf000-0xbffdf000] (64MB) mapped at [(____ptrval____)-(____ptrval____)]
[    0.357509] clocksource: tsc: mask: 0xffffffffffffffff max_cycles: 0x1e3306b9ada, max_idle_ns: 440795224413 ns
[    0.359544] Scanning for low memory corruption every 60 seconds
[    0.361438] Initialise system trusted keyrings
[    0.362364] Key type blacklist registered
[    0.363256] workingset: timestamp_bits=36 max_order=21 bucket_order=0
[    0.366070] zbud: loaded
[    0.367258] squashfs: version 4.0 (2009/01/31) Phillip Lougher
[    0.368749] fuse init (API version 7.27)
[    0.369655] pstore: using deflate compression
[    0.373791] Key type asymmetric registered
[    0.374642] Asymmetric key parser 'x509' registered
[    0.375662] Block layer SCSI generic (bsg) driver version 0.4 loaded (major 244)
[    0.377228] io scheduler noop registered
[    0.378026] io scheduler deadline registered
[    0.378924] io scheduler cfq registered (default)
[    0.380109] shpchp: Standard Hot Plug PCI Controller Driver version: 0.4
[    0.381602] input: Power Button as /devices/LNXSYSTM:00/LNXPWRBN:00/input/input0
[    0.383100] ACPI: Power Button [PWRF]
[    0.384291] Serial: 8250/16550 driver, 32 ports, IRQ sharing enabled
[    0.411046] 00:05: ttyS0 at I/O 0x3f8 (irq = 4, base_baud = 115200) is a 16550A
[    0.415383] Linux agpgart interface v0.103
[    0.418720] loop: module loaded
[    0.421052] scsi host0: ata_piix
[    0.421881] scsi host1: ata_piix
[    0.422576] ata1: PATA max MWDMA2 cmd 0x1f0 ctl 0x3f6 bmdma 0xc040 irq 14
[    0.423944] ata2: PATA max MWDMA2 cmd 0x170 ctl 0x376 bmdma 0xc048 irq 15
[    0.425449] libphy: Fixed MDIO Bus: probed
[    0.426367] tun: Universal TUN/TAP device driver, 1.6
[    0.427553] PPP generic driver version 2.4.2
[    0.428513] ehci_hcd: USB 2.0 'Enhanced' Host Controller (EHCI) Driver
[    0.429838] ehci-pci: EHCI PCI platform driver
[    0.430752] ehci-platform: EHCI generic platform driver
[    0.431814] ohci_hcd: USB 1.1 'Open' Host Controller (OHCI) Driver
[    0.433071] ohci-pci: OHCI PCI platform driver
[    0.433980] ohci-platform: OHCI generic platform driver
[    0.435034] uhci_hcd: USB Universal Host Controller Interface driver
[    0.436377] i8042: PNP: PS/2 Controller [PNP0303:KBD,PNP0f13:MOU] at 0x60,0x64 irq 1,12
[    0.439452] serio: i8042 KBD port at 0x60,0x64 irq 1
[    0.440495] serio: i8042 AUX port at 0x60,0x64 irq 12
[    0.441700] mousedev: PS/2 mouse device common for all mice
[    0.443337] rtc_cmos 00:00: RTC can wake from S4
[    0.444987] rtc_cmos 00:00: registered as rtc0
[    0.445942] rtc_cmos 00:00: alarms up to one day, y3k, 114 bytes nvram, hpet irqs
[    0.447447] i2c /dev entries driver
[    0.448247] device-mapper: uevent: version 1.0.3
[    0.449346] device-mapper: ioctl: 4.39.0-ioctl (2018-04-03) initialised: dm-devel@redhat.com
[    0.451109] input: AT Translated Set 2 keyboard as /devices/platform/i8042/serio0/input/input1
[    0.453265] ledtrig-cpu: registered to indicate activity on CPUs
[    0.457928] NET: Registered protocol family 10
[    0.462319] Segment Routing with IPv6
[    0.464692] NET: Registered protocol family 17
[    0.467454] Key type dns_resolver registered
[    0.470860] RAS: Correctable Errors collector initialized.
[    0.474248] sched_clock: Marking stable (474197837, 0)->(1057163001, -582965164)
[    0.479655] registered taskstats version 1
[    0.482255] Loading compiled-in X.509 certificates
[    0.487560] Loaded X.509 cert 'Build time autogenerated kernel key: 1c2f1b3729eaf9d5675161492f0e930109267547'
[    0.493601] zswap: loaded using pool lzo/zbud
[    0.497256] Key type big_key registered
[    0.499606] Key type trusted registered
[    0.502011] Key type encrypted registered
[    0.504248] AppArmor: AppArmor sha1 policy hashing enabled
[    0.505398] ima: No TPM chip found, activating TPM-bypass! (rc=-19)
[    0.506663] ima: Allocated hash algorithm: sha1
[    0.507600] evm: Initialising EVM extended attributes:
[    0.508661] evm: security.selinux
[    0.509337] evm: security.SMACK64
[    0.510010] evm: security.SMACK64EXEC
[    0.510754] evm: security.SMACK64TRANSMUTE
[    0.511583] evm: security.SMACK64MMAP
[    0.512343] evm: security.apparmor
[    0.513038] evm: security.ima
[    0.513645] evm: security.capability
[    0.514372] evm: HMAC attrs: 0x1
[    0.515300]   Magic number: 8:432:127
[    0.516096] acpi device:02: hash matches
[    0.517049] rtc_cmos 00:00: setting system clock to 2024-01-15 12:07:37 UTC (1705320457)
[    0.587661] ata1.00: ATA-7: QEMU HARDDISK, 2.5+, max UDMA/100
[    0.591330] ata1.00: 41943040 sectors, multi 16: LBA48 
[    0.595003] ata2.00: ATAPI: QEMU DVD-ROM, 2.5+, max UDMA/100
[    0.601352] scsi 0:0:0:0: Direct-Access     ATA      QEMU HARDDISK    2.5+ PQ: 0 ANSI: 5
[    0.606746] sd 0:0:0:0: Attached scsi generic sg0 type 0
[    0.606749] sd 0:0:0:0: [sda] 41943040 512-byte logical blocks: (21.5 GB/20.0 GiB)
[    0.606772] sd 0:0:0:0: [sda] Write Protect is off
[    0.618961] sd 0:0:0:0: [sda] Write cache: enabled, read cache: enabled, doesn't support DPO or FUA
[    0.620100] scsi 1:0:0:0: CD-ROM            QEMU     QEMU DVD-ROM     2.5+ PQ: 0 ANSI: 5
[    0.628849] sd 0:0:0:0: [sda] Attached SCSI disk
[    0.665719] sr 1:0:0:0: [sr0] scsi3-mmc drive: 4x/4x cd/rw xa/form2 tray
[    0.669828] cdrom: Uniform CD-ROM driver Revision: 3.20
[    0.673577] sr 1:0:0:0: Attached scsi generic sg1 type 5
[    0.677466] md: Waiting for all devices to be available before autodetect
[    0.681695] md: If you don't use raid, use raid=noautodetect
[    0.685611] md: Autodetecting RAID arrays.
[    0.688165] md: autorun ...
[    0.689895] md: ... autorun DONE.
[    0.840149] EXT4-fs (sda): recovery complete
[    0.857467] EXT4-fs (sda): mounted filesystem with ordered data mode. Opts: (null)
[    0.862105] VFS: Mounted root (ext4 filesystem) on device 8:0.
[    0.869217] devtmpfs: mounted
[    0.883925] Freeing unused kernel image memory: 2464K
[    0.900053] Write protecting the kernel read-only data: 22528k
[    0.908680] Freeing unused kernel image memory: 2008K
[    0.912906] Freeing unused kernel image memory: 1960K
[    0.942398] x86/mm: Checked W+X mappings: passed, no W+X pages found.
[    0.944960] x86/mm: Checking user space page tables
[    0.963910] x86/mm: Checked W+X mappings: passed, no W+X pages found.
[    1.072593] random: fast init done
[    5.756297] random: crng init done
[    9.484186] e1000: Intel(R) PRO/1000 Network Driver - version 7.3.21-k8-NAPI
[    9.487330] e1000: Copyright (c) 1999-2006 Intel Corporation.
[    9.542590] PCI Interrupt Link [LNKC] enabled at IRQ 11
[    9.935906] e1000 0000:00:03.0 eth0: (PCI:33MHz:32-bit) 52:54:00:12:34:56
[    9.937342] e1000 0000:00:03.0 eth0: Intel(R) PRO/1000 Network Connection
[    9.965247] IPv6: ADDRCONF(NETDEV_UP): eth0: link is not ready
[   11.996904] e1000: eth0 NIC Link is Up 1000 Mbps Full Duplex, Flow Control: RX
[   12.001252] IPv6: ADDRCONF(NETDEV_CHANGE): eth0: link becomes ready
haveged: haveged starting up
ptr: 0x333333333000
 * Stopping MySQL database server mysqld       [80G [74G[ OK ]
 * Starting MySQL database server mysqld       [80G No directory, logging in with HOME=/
[74G[ OK ]
WARNING: the --test option is deprecated. You can pass a script name or path on the command line without any options.
sysbench 1.0.11 (using system LuaJIT 2.1.0-beta3)

Running the test with following options:
Number of threads: 1
Initializing random number generator from current time


Initializing worker threads...

Threads started!

SQL statistics:
    queries performed:
        read:                            3584
        write:                           1024
        other:                           512
        total:                           5120
    transactions:                        256    (25.53 per sec.)
    queries:                             5120   (510.60 per sec.)
    ignored errors:                      0      (0.00 per sec.)
    reconnects:                          0      (0.00 per sec.)

General statistics:
    total time:                          10.0213s
    total number of events:              256

Latency (ms):
         min:                                 33.26
         avg:                                 39.12
         max:                                 82.42
         95th percentile:                     48.34
         sum:                              10015.17

Threads fairness:
    events (avg/stddev):           256.0000/0.00
    execution time (avg/stddev):   10.0152/0.00

WARNING: the --test option is deprecated. You can pass a script name or path on the command line without any options.
sysbench 1.0.11 (using system LuaJIT 2.1.0-beta3)

Running the test with following options:
Number of threads: 1
Initializing random number generator from current time


Initializing worker threads...

Threads started!

SQL statistics:
    queries performed:
        read:                            3514
        write:                           1004
        other:                           502
        total:                           5020
    transactions:                        251    (25.07 per sec.)
    queries:                             5020   (501.42 per sec.)
    ignored errors:                      0      (0.00 per sec.)
    reconnects:                          0      (0.00 per sec.)

General statistics:
    total time:                          10.0052s
    total number of events:              251

Latency (ms):
         min:                                 25.07
         avg:                                 39.83
         max:                                175.92
         95th percentile:                     50.11
         sum:                               9997.97

Threads fairness:
    events (avg/stddev):           251.0000/0.00
    execution time (avg/stddev):   9.9980/0.00

WARNING: the --test option is deprecated. You can pass a script name or path on the command line without any options.
sysbench 1.0.11 (using system LuaJIT 2.1.0-beta3)

Running the test with following options:
Number of threads: 1
Initializing random number generator from current time


Initializing worker threads...

Threads started!

SQL statistics:
    queries performed:
        read:                            3276
        write:                           936
        other:                           468
        total:                           4680
    transactions:                        234    (23.33 per sec.)
    queries:                             4680   (466.62 per sec.)
    ignored errors:                      0      (0.00 per sec.)
    reconnects:                          0      (0.00 per sec.)

General statistics:
    total time:                          10.0235s
    total number of events:              234

Latency (ms):
         min:                                 25.05
         avg:                                 42.81
         max:                                132.67
         95th percentile:                     69.29
         sum:                              10018.07

Threads fairness:
    events (avg/stddev):           234.0000/0.00
    execution time (avg/stddev):   10.0181/0.00

WARNING: the --test option is deprecated. You can pass a script name or path on the command line without any options.
sysbench 1.0.11 (using system LuaJIT 2.1.0-beta3)

Running the test with following options:
Number of threads: 1
Initializing random number generator from current time


Initializing worker threads...

Threads started!

SQL statistics:
    queries performed:
        read:                            3402
        write:                           972
        other:                           486
        total:                           4860
    transactions:                        243    (24.26 per sec.)
    queries:                             4860   (485.29 per sec.)
    ignored errors:                      0      (0.00 per sec.)
    reconnects:                          0      (0.00 per sec.)

General statistics:
    total time:                          10.0084s
    total number of events:              243

Latency (ms):
         min:                                 25.07
         avg:                                 41.17
         max:                                108.27
         95th percentile:                     63.32
         sum:                              10003.86

Threads fairness:
    events (avg/stddev):           243.0000/0.00
    execution time (avg/stddev):   10.0039/0.00

WARNING: the --test option is deprecated. You can pass a script name or path on the command line without any options.
sysbench 1.0.11 (using system LuaJIT 2.1.0-beta3)

Running the test with following options:
Number of threads: 1
Initializing random number generator from current time


Initializing worker threads...

Threads started!

SQL statistics:
    queries performed:
        read:                            3528
        write:                           1008
        other:                           504
        total:                           5040
    transactions:                        252    (25.15 per sec.)
    queries:                             5040   (503.01 per sec.)
    ignored errors:                      0      (0.00 per sec.)
    reconnects:                          0      (0.00 per sec.)

General statistics:
    total time:                          10.0126s
    total number of events:              252

Latency (ms):
         min:                                 25.10
         avg:                                 39.71
         max:                                100.40
         95th percentile:                     62.19
         sum:                              10007.11

Threads fairness:
    events (avg/stddev):           252.0000/0.00
    execution time (avg/stddev):   10.0071/0.00

WARNING: the --test option is deprecated. You can pass a script name or path on the command line without any options.
sysbench 1.0.11 (using system LuaJIT 2.1.0-beta3)

Running the test with following options:
Number of threads: 1
Initializing random number generator from current time


Initializing worker threads...

Threads started!

SQL statistics:
    queries performed:
        read:                            3332
        write:                           952
        other:                           476
        total:                           4760
    transactions:                        238    (23.70 per sec.)
    queries:                             4760   (474.04 per sec.)
    ignored errors:                      0      (0.00 per sec.)
    reconnects:                          0      (0.00 per sec.)

General statistics:
    total time:                          10.0389s
    total number of events:              238

Latency (ms):
         min:                                 24.91
         avg:                                 42.16
         max:                                125.21
         95th percentile:                     66.84
         sum:                              10033.94

Threads fairness:
    events (avg/stddev):           238.0000/0.00
    execution time (avg/stddev):   10.0339/0.00

WARNING: the --test option is deprecated. You can pass a script name or path on the command line without any options.
sysbench 1.0.11 (using system LuaJIT 2.1.0-beta3)

Running the test with following options:
Number of threads: 1
Initializing random number generator from current time


Initializing worker threads...

Threads started!

SQL statistics:
    queries performed:
        read:                            3402
        write:                           972
        other:                           486
        total:                           4860
    transactions:                        243    (24.19 per sec.)
    queries:                             4860   (483.74 per sec.)
    ignored errors:                      0      (0.00 per sec.)
    reconnects:                          0      (0.00 per sec.)

General statistics:
    total time:                          10.0404s
    total number of events:              243

Latency (ms):
         min:                                 25.09
         avg:                                 41.30
         max:                                123.44
         95th percentile:                     66.84
         sum:                              10035.38

Threads fairness:
    events (avg/stddev):           243.0000/0.00
    execution time (avg/stddev):   10.0354/0.00

WARNING: the --test option is deprecated. You can pass a script name or path on the command line without any options.
sysbench 1.0.11 (using system LuaJIT 2.1.0-beta3)

Running the test with following options:
Number of threads: 1
Initializing random number generator from current time


Initializing worker threads...

Threads started!

SQL statistics:
    queries performed:
        read:                            3360
        write:                           960
        other:                           480
        total:                           4800
    transactions:                        240    (23.97 per sec.)
    queries:                             4800   (479.46 per sec.)
    ignored errors:                      0      (0.00 per sec.)
    reconnects:                          0      (0.00 per sec.)

General statistics:
    total time:                          10.0072s
    total number of events:              240

Latency (ms):
         min:                                 33.12
         avg:                                 41.68
         max:                                 87.48
         95th percentile:                     61.08
         sum:                              10002.78

Threads fairness:
    events (avg/stddev):           240.0000/0.00
    execution time (avg/stddev):   10.0028/0.00

WARNING: the --test option is deprecated. You can pass a script name or path on the command line without any options.
sysbench 1.0.11 (using system LuaJIT 2.1.0-beta3)

Running the test with following options:
Number of threads: 1
Initializing random number generator from current time


Initializing worker threads...

Threads started!

SQL statistics:
    queries performed:
        read:                            3472
        write:                           992
        other:                           496
        total:                           4960
    transactions:                        248    (24.78 per sec.)
    queries:                             4960   (495.61 per sec.)
    ignored errors:                      0      (0.00 per sec.)
    reconnects:                          0      (0.00 per sec.)

General statistics:
    total time:                          10.0015s
    total number of events:              248

Latency (ms):
         min:                                 25.02
         avg:                                 40.30
         max:                                108.45
         95th percentile:                     58.92
         sum:                               9995.42

Threads fairness:
    events (avg/stddev):           248.0000/0.00
    execution time (avg/stddev):   9.9954/0.00

WARNING: the --test option is deprecated. You can pass a script name or path on the command line without any options.
sysbench 1.0.11 (using system LuaJIT 2.1.0-beta3)

Running the test with following options:
Number of threads: 1
Initializing random number generator from current time


Initializing worker threads...

Threads started!

SQL statistics:
    queries performed:
        read:                            3472
        write:                           992
        other:                           496
        total:                           4960
    transactions:                        248    (24.77 per sec.)
    queries:                             4960   (495.40 per sec.)
    ignored errors:                      0      (0.00 per sec.)
    reconnects:                          0      (0.00 per sec.)

General statistics:
    total time:                          10.0057s
    total number of events:              248

Latency (ms):
         min:                                 31.64
         avg:                                 40.32
         max:                                109.42
         95th percentile:                     58.92
         sum:                              10000.38

Threads fairness:
    events (avg/stddev):           248.0000/0.00
    execution time (avg/stddev):   10.0004/0.00

WARNING: the --test option is deprecated. You can pass a script name or path on the command line without any options.
sysbench 1.0.11 (using system LuaJIT 2.1.0-beta3)

Running the test with following options:
Number of threads: 1
Initializing random number generator from current time


Initializing worker threads...

Threads started!

SQL statistics:
    queries performed:
        read:                            3402
        write:                           972
        other:                           486
        total:                           4860
    transactions:                        243    (24.23 per sec.)
    queries:                             4860   (484.52 per sec.)
    ignored errors:                      0      (0.00 per sec.)
    reconnects:                          0      (0.00 per sec.)

General statistics:
    total time:                          10.0224s
    total number of events:              243

Latency (ms):
         min:                                 30.98
         avg:                                 41.22
         max:                                125.21
         95th percentile:                     66.84
         sum:                              10016.17

Threads fairness:
    events (avg/stddev):           243.0000/0.00
    execution time (avg/stddev):   10.0162/0.00

WARNING: the --test option is deprecated. You can pass a script name or path on the command line without any options.
sysbench 1.0.11 (using system LuaJIT 2.1.0-beta3)

Running the test with following options:
Number of threads: 1
Initializing random number generator from current time


Initializing worker threads...

Threads started!

SQL statistics:
    queries performed:
        read:                            3486
        write:                           996
        other:                           498
        total:                           4980
    transactions:                        249    (24.82 per sec.)
    queries:                             4980   (496.40 per sec.)
    ignored errors:                      0      (0.00 per sec.)
    reconnects:                          0      (0.00 per sec.)

General statistics:
    total time:                          10.0222s
    total number of events:              249

Latency (ms):
         min:                                 25.09
         avg:                                 40.23
         max:                                125.35
         95th percentile:                     66.84
         sum:                              10017.79

Threads fairness:
    events (avg/stddev):           249.0000/0.00
    execution time (avg/stddev):   10.0178/0.00

WARNING: the --test option is deprecated. You can pass a script name or path on the command line without any options.
sysbench 1.0.11 (using system LuaJIT 2.1.0-beta3)

Running the test with following options:
Number of threads: 1
Initializing random number generator from current time


Initializing worker threads...

Threads started!

SQL statistics:
    queries performed:
        read:                            3388
        write:                           968
        other:                           484
        total:                           4840
    transactions:                        242    (24.14 per sec.)
    queries:                             4840   (482.74 per sec.)
    ignored errors:                      0      (0.00 per sec.)
    reconnects:                          0      (0.00 per sec.)

General statistics:
    total time:                          10.0198s
    total number of events:              242

Latency (ms):
         min:                                 25.10
         avg:                                 41.38
         max:                                108.50
         95th percentile:                     66.84
         sum:                              10014.08

Threads fairness:
    events (avg/stddev):           242.0000/0.00
    execution time (avg/stddev):   10.0141/0.00

WARNING: the --test option is deprecated. You can pass a script name or path on the command line without any options.
sysbench 1.0.11 (using system LuaJIT 2.1.0-beta3)

Running the test with following options:
Number of threads: 1
Initializing random number generator from current time


Initializing worker threads...

Threads started!

SQL statistics:
    queries performed:
        read:                            3500
        write:                           1000
        other:                           500
        total:                           5000
    transactions:                        250    (24.95 per sec.)
    queries:                             5000   (499.10 per sec.)
    ignored errors:                      0      (0.00 per sec.)
    reconnects:                          0      (0.00 per sec.)

General statistics:
    total time:                          10.0107s
    total number of events:              250

Latency (ms):
         min:                                 25.16
         avg:                                 40.02
         max:                                107.93
         95th percentile:                     58.92
         sum:                              10004.87

Threads fairness:
    events (avg/stddev):           250.0000/0.00
    execution time (avg/stddev):   10.0049/0.00

WARNING: the --test option is deprecated. You can pass a script name or path on the command line without any options.
sysbench 1.0.11 (using system LuaJIT 2.1.0-beta3)

Running the test with following options:
Number of threads: 1
Initializing random number generator from current time


Initializing worker threads...

Threads started!

SQL statistics:
    queries performed:
        read:                            3640
        write:                           1040
        other:                           520
        total:                           5200
    transactions:                        260    (25.97 per sec.)
    queries:                             5200   (519.40 per sec.)
    ignored errors:                      0      (0.00 per sec.)
    reconnects:                          0      (0.00 per sec.)

General statistics:
    total time:                          10.0043s
    total number of events:              260

Latency (ms):
         min:                                 25.10
         avg:                                 38.46
         max:                                 91.84
         95th percentile:                     50.11
         sum:                               9999.48

Threads fairness:
    events (avg/stddev):           260.0000/0.00
    execution time (avg/stddev):   9.9995/0.00

WARNING: the --test option is deprecated. You can pass a script name or path on the command line without any options.
sysbench 1.0.11 (using system LuaJIT 2.1.0-beta3)

Running the test with following options:
Number of threads: 1
Initializing random number generator from current time


Initializing worker threads...

Threads started!

SQL statistics:
    queries performed:
        read:                            3654
        write:                           1044
        other:                           522
        total:                           5220
    transactions:                        261    (26.04 per sec.)
    queries:                             5220   (520.90 per sec.)
    ignored errors:                      0      (0.00 per sec.)
    reconnects:                          0      (0.00 per sec.)

General statistics:
    total time:                          10.0150s
    total number of events:              261

Latency (ms):
         min:                                 25.09
         avg:                                 38.35
         max:                                 66.82
         95th percentile:                     50.11
         sum:                              10009.45

Threads fairness:
    events (avg/stddev):           261.0000/0.00
    execution time (avg/stddev):   10.0095/0.00

WARNING: the --test option is deprecated. You can pass a script name or path on the command line without any options.
sysbench 1.0.11 (using system LuaJIT 2.1.0-beta3)

Running the test with following options:
Number of threads: 1
Initializing random number generator from current time


Initializing worker threads...

Threads started!

SQL statistics:
    queries performed:
        read:                            3500
        write:                           1000
        other:                           500
        total:                           5000
    transactions:                        250    (24.95 per sec.)
    queries:                             5000   (498.97 per sec.)
    ignored errors:                      0      (0.00 per sec.)
    reconnects:                          0      (0.00 per sec.)

General statistics:
    total time:                          10.0143s
    total number of events:              250

Latency (ms):
         min:                                 27.15
         avg:                                 40.04
         max:                                 75.16
         95th percentile:                     49.21
         sum:                              10009.68

Threads fairness:
    events (avg/stddev):           250.0000/0.00
    execution time (avg/stddev):   10.0097/0.00

WARNING: the --test option is deprecated. You can pass a script name or path on the command line without any options.
sysbench 1.0.11 (using system LuaJIT 2.1.0-beta3)

Running the test with following options:
Number of threads: 1
Initializing random number generator from current time


Initializing worker threads...

Threads started!

SQL statistics:
    queries performed:
        read:                            3654
        write:                           1044
        other:                           522
        total:                           5220
    transactions:                        261    (26.02 per sec.)
    queries:                             5220   (520.42 per sec.)
    ignored errors:                      0      (0.00 per sec.)
    reconnects:                          0      (0.00 per sec.)

General statistics:
    total time:                          10.0242s
    total number of events:              261

Latency (ms):
         min:                                 25.07
         avg:                                 38.39
         max:                                 75.20
         95th percentile:                     41.85
         sum:                              10019.64

Threads fairness:
    events (avg/stddev):           261.0000/0.00
    execution time (avg/stddev):   10.0196/0.00

WARNING: the --test option is deprecated. You can pass a script name or path on the command line without any options.
sysbench 1.0.11 (using system LuaJIT 2.1.0-beta3)

Running the test with following options:
Number of threads: 1
Initializing random number generator from current time


Initializing worker threads...

Threads started!

SQL statistics:
    queries performed:
        read:                            3598
        write:                           1028
        other:                           514
        total:                           5140
    transactions:                        257    (25.65 per sec.)
    queries:                             5140   (513.07 per sec.)
    ignored errors:                      0      (0.00 per sec.)
    reconnects:                          0      (0.00 per sec.)

General statistics:
    total time:                          10.0108s
    total number of events:              257

Latency (ms):
         min:                                 25.06
         avg:                                 38.93
         max:                                 75.18
         95th percentile:                     58.92
         sum:                              10005.47

Threads fairness:
    events (avg/stddev):           257.0000/0.00
    execution time (avg/stddev):   10.0055/0.00

WARNING: the --test option is deprecated. You can pass a script name or path on the command line without any options.
sysbench 1.0.11 (using system LuaJIT 2.1.0-beta3)

Running the test with following options:
Number of threads: 1
Initializing random number generator from current time


Initializing worker threads...

Threads started!

SQL statistics:
    queries performed:
        read:                            3626
        write:                           1036
        other:                           518
        total:                           5180
    transactions:                        259    (25.86 per sec.)
    queries:                             5180   (517.30 per sec.)
    ignored errors:                      0      (0.00 per sec.)
    reconnects:                          0      (0.00 per sec.)

General statistics:
    total time:                          10.0063s
    total number of events:              259

Latency (ms):
         min:                                 31.85
         avg:                                 38.61
         max:                                 75.91
         95th percentile:                     41.85
         sum:                              10000.05

Threads fairness:
    events (avg/stddev):           259.0000/0.00
    execution time (avg/stddev):   10.0000/0.00

 * Stopping MySQL database server mysqld       [80G [74G[ OK ]
ptr: 0x222222222000
[  235.139746] Kernel panic - not syncing: Attempted to kill init! exitcode=0x00000000
[  235.139746] 
[  235.145312] CPU: 0 PID: 1 Comm: mysql.sh Not tainted 4.18.20-linux-cosmic-cosmic-base #1
[  235.150196] Hardware name: QEMU Standard PC (i440FX + PIIX, 1996), BIOS rel-1.11.1-0-g0551a4be2c-prebuilt.qemu-project.org 04/01/2014
[  235.157403] Call Trace:
[  235.158982]  dump_stack+0x63/0x85
[  235.161024]  panic+0xe4/0x244
[  235.162862]  do_exit+0xb30/0xb30
[  235.164868]  do_group_exit+0x43/0xb0
[  235.167061]  __x64_sys_exit_group+0x18/0x20
[  235.169626]  do_syscall_64+0x5a/0x120
[  235.171879]  entry_SYSCALL_64_after_hwframe+0x44/0xa9
[  235.174960] RIP: 0033:0x7faaf35ec946
[  235.177144] Code: Bad RIP value.
[  235.179140] RSP: 002b:00007ffda2697518 EFLAGS: 00000246 ORIG_RAX: 00000000000000e7
[  235.183285] RAX: ffffffffffffffda RBX: 00007faaf36ee760 RCX: 00007faaf35ec946
[  235.187119] RDX: 0000000000000000 RSI: 000000000000003c RDI: 0000000000000000
[  235.190608] RBP: 0000000000000000 R08: 00000000000000e7 R09: ffffffffffffff80
[  235.193820] R10: 00007ffda26973ca R11: 0000000000000246 R12: 00007faaf36ee760
[  235.196885] R13: 0000000000000001 R14: 00007faaf36f7428 R15: 0000000000000000
[  235.199968] Kernel Offset: 0x36600000 from 0xffffffff81000000 (relocation range: 0xffffffff80000000-0xffffffffbfffffff)
