c[?7l[2J[0mSeaBIOS (version rel-1.11.1-0-g0551a4be2c-prebuilt.qemu-project.org)


iPXE (http://ipxe.org) 00:03.0 C980 PCI2.10 PnP PMM+BFF914D0+BFEF14D0 C980
Press Ctrl-B to configure iPXE (PCI 00:03.0)...                                                                               


Booting from ROM..c[?7l[2J[0m.[    0.000000] Linux version 4.18.20-linux-cosmic-cosmic-base (root@80a77f26ef0f) (gcc version 7.5.0 (Ubuntu 7.5.0-3ubuntu1~18.04)) #1 SMP Tue Jan 9 11:20:01 UTC 2024 (Ubuntu 4.18.0-15.16-generic 4.18.20)
[    0.000000] Command line: panic=-1 console=ttyS0 root=/dev/sda rw init=/benchmark-scripts/php.sh
[    0.000000] KERNEL supported cpus:
[    0.000000]   Intel GenuineIntel
[    0.000000]   AMD AuthenticAMD
[    0.000000]   Centaur CentaurHauls
[    0.000000] x86/fpu: x87 FPU will use FXSAVE
[    0.000000] BIOS-provided physical RAM map:
[    0.000000] BIOS-e820: [mem 0x0000000000000000-0x000000000009fbff] usable
[    0.000000] BIOS-e820: [mem 0x000000000009fc00-0x000000000009ffff] reserved
[    0.000000] BIOS-e820: [mem 0x00000000000f0000-0x00000000000fffff] reserved
[    0.000000] BIOS-e820: [mem 0x0000000000100000-0x00000000bffdefff] usable
[    0.000000] BIOS-e820: [mem 0x00000000bffdf000-0x00000000bfffffff] reserved
[    0.000000] BIOS-e820: [mem 0x00000000feffc000-0x00000000feffffff] reserved
[    0.000000] BIOS-e820: [mem 0x00000000fffc0000-0x00000000ffffffff] reserved
[    0.000000] BIOS-e820: [mem 0x0000000100000000-0x000000023fffffff] usable
[    0.000000] NX (Execute Disable) protection: active
[    0.000000] SMBIOS 2.8 present.
[    0.000000] DMI: QEMU Standard PC (i440FX + PIIX, 1996), BIOS rel-1.11.1-0-g0551a4be2c-prebuilt.qemu-project.org 04/01/2014
[    0.000000] Hypervisor detected: KVM
[    0.000000] AGP: No AGP bridge found
[    0.000000] last_pfn = 0x240000 max_arch_pfn = 0x400000000
[    0.000000] x86/PAT: Configuration [0-7]: WB  WC  UC- UC  WB  WC  UC- UC  
[    0.000000] last_pfn = 0xbffdf max_arch_pfn = 0x400000000
[    0.000000] found SMP MP-table at [mem 0x000f5b40-0x000f5b4f] mapped at [(____ptrval____)]
[    0.000000] Scanning 1 areas for low memory corruption
[    0.000000] ACPI: Early table checksum verification disabled
[    0.000000] ACPI: RSDP 0x00000000000F5AF0 000014 (v00 BOCHS )
[    0.000000] ACPI: RSDT 0x00000000BFFE13D2 000030 (v01 BOCHS  BXPCRSDT 00000001 BXPC 00000001)
[    0.000000] ACPI: FACP 0x00000000BFFE1296 000074 (v01 BOCHS  BXPCFACP 00000001 BXPC 00000001)
[    0.000000] ACPI: DSDT 0x00000000BFFDFD80 001516 (v01 BOCHS  BXPCDSDT 00000001 BXPC 00000001)
[    0.000000] ACPI: FACS 0x00000000BFFDFD40 000040
[    0.000000] ACPI: APIC 0x00000000BFFE130A 000090 (v01 BOCHS  BXPCAPIC 00000001 BXPC 00000001)
[    0.000000] ACPI: HPET 0x00000000BFFE139A 000038 (v01 BOCHS  BXPCHPET 00000001 BXPC 00000001)
[    0.000000] No NUMA configuration found
[    0.000000] Faking a node at [mem 0x0000000000000000-0x000000023fffffff]
[    0.000000] NODE_DATA(0) allocated [mem 0x23ffd5000-0x23fffffff]
[    0.000000] kvm-clock: cpu 0, msr 2:3ff54001, primary cpu clock
[    0.000000] kvm-clock: Using msrs 4b564d01 and 4b564d00
[    0.000000] kvm-clock: using sched offset of 423615047 cycles
[    0.000000] clocksource: kvm-clock: mask: 0xffffffffffffffff max_cycles: 0x1cd42e4dffb, max_idle_ns: 881590591483 ns
[    0.000000] Zone ranges:
[    0.000000]   DMA      [mem 0x0000000000001000-0x0000000000ffffff]
[    0.000000]   DMA32    [mem 0x0000000001000000-0x00000000ffffffff]
[    0.000000]   Normal   [mem 0x0000000100000000-0x000000023fffffff]
[    0.000000]   Device   empty
[    0.000000] Movable zone start for each node
[    0.000000] Early memory node ranges
[    0.000000]   node   0: [mem 0x0000000000001000-0x000000000009efff]
[    0.000000]   node   0: [mem 0x0000000000100000-0x00000000bffdefff]
[    0.000000]   node   0: [mem 0x0000000100000000-0x000000023fffffff]
[    0.000000] Reserved but unavailable: 131 pages
[    0.000000] Initmem setup node 0 [mem 0x0000000000001000-0x000000023fffffff]
[    0.000000] ACPI: PM-Timer IO Port: 0x608
[    0.000000] ACPI: LAPIC_NMI (acpi_id[0xff] dfl dfl lint[0x1])
[    0.000000] IOAPIC[0]: apic_id 0, version 17, address 0xfec00000, GSI 0-23
[    0.000000] ACPI: INT_SRC_OVR (bus 0 bus_irq 0 global_irq 2 dfl dfl)
[    0.000000] ACPI: INT_SRC_OVR (bus 0 bus_irq 5 global_irq 5 high level)
[    0.000000] ACPI: INT_SRC_OVR (bus 0 bus_irq 9 global_irq 9 high level)
[    0.000000] ACPI: INT_SRC_OVR (bus 0 bus_irq 10 global_irq 10 high level)
[    0.000000] ACPI: INT_SRC_OVR (bus 0 bus_irq 11 global_irq 11 high level)
[    0.000000] Using ACPI (MADT) for SMP configuration information
[    0.000000] ACPI: HPET id: 0x8086a201 base: 0xfed00000
[    0.000000] smpboot: Allowing 4 CPUs, 0 hotplug CPUs
[    0.000000] PM: Registered nosave memory: [mem 0x00000000-0x00000fff]
[    0.000000] PM: Registered nosave memory: [mem 0x0009f000-0x0009ffff]
[    0.000000] PM: Registered nosave memory: [mem 0x000a0000-0x000effff]
[    0.000000] PM: Registered nosave memory: [mem 0x000f0000-0x000fffff]
[    0.000000] PM: Registered nosave memory: [mem 0xbffdf000-0xbfffffff]
[    0.000000] PM: Registered nosave memory: [mem 0xc0000000-0xfeffbfff]
[    0.000000] PM: Registered nosave memory: [mem 0xfeffc000-0xfeffffff]
[    0.000000] PM: Registered nosave memory: [mem 0xff000000-0xfffbffff]
[    0.000000] PM: Registered nosave memory: [mem 0xfffc0000-0xffffffff]
[    0.000000] [mem 0xc0000000-0xfeffbfff] available for PCI devices
[    0.000000] Booting paravirtualized kernel on KVM
[    0.000000] clocksource: refined-jiffies: mask: 0xffffffff max_cycles: 0xffffffff, max_idle_ns: 7645519600211568 ns
[    0.000000] random: get_random_bytes called from start_kernel+0x99/0x55a with crng_init=0
[    0.000000] setup_percpu: NR_CPUS:8192 nr_cpumask_bits:4 nr_cpu_ids:4 nr_node_ids:1
[    0.000000] percpu: Embedded 46 pages/cpu @(____ptrval____) s151552 r8192 d28672 u524288
[    0.000000] KVM setup async PF for cpu 0
[    0.000000] kvm-stealtime: cpu 0, msr 23fc24040
[    0.000000] Built 1 zonelists, mobility grouping on.  Total pages: 2064232
[    0.000000] Policy zone: Normal
[    0.000000] Kernel command line: panic=-1 console=ttyS0 root=/dev/sda rw init=/benchmark-scripts/php.sh
[    0.000000] AGP: Checking aperture...
[    0.000000] AGP: No AGP bridge found
[    0.000000] Memory: 8159356K/8388084K available (14348K kernel code, 2634K rwdata, 4184K rodata, 2464K init, 2340K bss, 228728K reserved, 0K cma-reserved)
[    0.000000] SLUB: HWalign=64, Order=0-3, MinObjects=0, CPUs=4, Nodes=1
[    0.000000] Kernel/User page tables isolation: enabled
[    0.000000] ftrace: allocating 40752 entries in 160 pages
[    0.004000] Hierarchical RCU implementation.
[    0.004000] 	RCU restricting CPUs from NR_CPUS=8192 to nr_cpu_ids=4.
[    0.004000] 	Tasks RCU enabled.
[    0.004000] RCU: Adjusting geometry for rcu_fanout_leaf=16, nr_cpu_ids=4
[    0.004000] NR_IRQS: 524544, nr_irqs: 456, preallocated irqs: 16
[    0.004000] Console: colour VGA+ 80x25
[    0.004000] console [ttyS0] enabled
[    0.004000] ACPI: Core revision 20180531
[    0.004000] clocksource: hpet: mask: 0xffffffff max_cycles: 0xffffffff, max_idle_ns: 19112604467 ns
[    0.004008] APIC: Switch to symmetric I/O mode setup
[    0.005404] x2apic enabled
[    0.006352] Switched APIC routing to physical x2apic.
[    0.008904] ..TIMER: vector=0x30 apic1=0 pin1=2 apic2=-1 pin2=-1
[    0.010143] tsc: Detected 2095.078 MHz processor
[    0.011069] clocksource: tsc-early: mask: 0xffffffffffffffff max_cycles: 0x1e3306b9ada, max_idle_ns: 440795224413 ns
[    0.012004] Calibrating delay loop (skipped) preset value.. 4190.15 BogoMIPS (lpj=8380312)
[    0.013646] pid_max: default: 32768 minimum: 301
[    0.014606] Security Framework initialized
[    0.016002] Yama: becoming mindful.
[    0.016726] AppArmor: AppArmor initialized
[    0.021058] Dentry cache hash table entries: 1048576 (order: 11, 8388608 bytes)
[    0.024799] Inode-cache hash table entries: 524288 (order: 10, 4194304 bytes)
[    0.026266] Mount-cache hash table entries: 16384 (order: 5, 131072 bytes)
[    0.027659] Mountpoint-cache hash table entries: 16384 (order: 5, 131072 bytes)
[    0.028321] mce: CPU supports 10 MCE banks
[    0.029221] Last level iTLB entries: 4KB 0, 2MB 0, 4MB 0
[    0.030286] Last level dTLB entries: 4KB 0, 2MB 0, 4MB 0, 1GB 0
[    0.032003] Spectre V2 : Mitigation: Full generic retpoline
[    0.033119] Spectre V2 : Spectre v2 / SpectreRSB mitigation: Filling RSB on context switch
[    0.034762] Speculative Store Bypass: Vulnerable
[    0.036069] MDS: Vulnerable: Clear CPU buffers attempted, no microcode
[    0.037570] Freeing SMP alternatives memory: 36K
[    0.044000] smpboot: CPU0: Intel Common KVM processor (family: 0xf, model: 0x6, stepping: 0x1)
[    0.044000] Performance Events: unsupported Netburst CPU model 6 no PMU driver, software events only.
[    0.044021] Hierarchical SRCU implementation.
[    0.045975] NMI watchdog: Perf event create on CPU 0 failed with -2
[    0.047239] NMI watchdog: Perf NMI watchdog permanently disabled
[    0.048070] smp: Bringing up secondary CPUs ...
[    0.049090] x86: Booting SMP configuration:
[    0.049935] .... node  #0, CPUs:      #1
[    0.004000] kvm-clock: cpu 1, msr 2:3ff54041, secondary cpu clock
[    0.072081] KVM setup async PF for cpu 1
[    0.074914] kvm-stealtime: cpu 1, msr 23fca4040
[    0.076124]  #2
[    0.004000] kvm-clock: cpu 2, msr 2:3ff54081, secondary cpu clock
[    0.096088] KVM setup async PF for cpu 2
[    0.098475] kvm-stealtime: cpu 2, msr 23fd24040
[    0.104108]  #3
[    0.004000] kvm-clock: cpu 3, msr 2:3ff540c1, secondary cpu clock
[    0.124087] KVM setup async PF for cpu 3
[    0.126461] kvm-stealtime: cpu 3, msr 23fda4040
[    0.128023] smp: Brought up 1 node, 4 CPUs
[    0.128852] smpboot: Max logical packages: 4
[    0.132003] smpboot: Total of 4 processors activated (16760.62 BogoMIPS)
[    0.134247] devtmpfs: initialized
[    0.134247] x86/mm: Memory block size: 128MB
[    0.136826] clocksource: jiffies: mask: 0xffffffff max_cycles: 0xffffffff, max_idle_ns: 7645041785100000 ns
[    0.137961] futex hash table entries: 1024 (order: 4, 65536 bytes)
[    0.140076] pinctrl core: initialized pinctrl subsystem
[    0.141312] RTC time: 12:21:01, date: 01/15/24
[    0.142416] NET: Registered protocol family 16
[    0.144106] audit: initializing netlink subsys (disabled)
[    0.145226] audit: type=2000 audit(1705321261.834:1): state=initialized audit_enabled=0 res=1
[    0.148020] cpuidle: using governor ladder
[    0.148859] cpuidle: using governor menu
[    0.152204] ACPI: bus type PCI registered
[    0.153020] acpiphp: ACPI Hot Plug PCI Controller Driver version: 0.5
[    0.154459] PCI: Using configuration type 1 for base access
[    0.157357] HugeTLB registered 2.00 MiB page size, pre-allocated 0 pages
[    0.157416] ACPI: Added _OSI(Module Device)
[    0.160004] ACPI: Added _OSI(Processor Device)
[    0.160911] ACPI: Added _OSI(3.0 _SCP Extensions)
[    0.161861] ACPI: Added _OSI(Processor Aggregator Device)
[    0.162948] ACPI: Added _OSI(Linux-Dell-Video)
[    0.164002] ACPI: Added _OSI(Linux-Lenovo-NV-HDMI-Audio)
[    0.166743] ACPI: 1 ACPI AML tables successfully acquired and loaded
[    0.169945] ACPI: Interpreter enabled
[    0.170719] ACPI: (supports S0 S3 S4 S5)
[    0.171512] ACPI: Using IOAPIC for interrupt routing
[    0.172016] PCI: Using host bridge windows from ACPI; if necessary, use "pci=nocrs" and report a bug
[    0.174004] ACPI: Enabled 2 GPEs in block 00 to 0F
[    0.179691] ACPI: PCI Root Bridge [PCI0] (domain 0000 [bus 00-ff])
[    0.180008] acpi PNP0A03:00: _OSC: OS supports [ASPM ClockPM Segments MSI]
[    0.181388] acpi PNP0A03:00: _OSC failed (AE_NOT_FOUND); disabling ASPM
[    0.182719] acpi PNP0A03:00: fail to add MMCONFIG information, can't access extended PCI configuration space under this bridge.
[    0.184443] acpiphp: Slot [3] registered
[    0.185285] acpiphp: Slot [4] registered
[    0.188048] acpiphp: Slot [5] registered
[    0.188892] acpiphp: Slot [6] registered
[    0.189729] acpiphp: Slot [7] registered
[    0.190576] acpiphp: Slot [8] registered
[    0.191413] acpiphp: Slot [9] registered
[    0.192049] acpiphp: Slot [10] registered
[    0.192905] acpiphp: Slot [11] registered
[    0.193760] acpiphp: Slot [12] registered
[    0.194615] acpiphp: Slot [13] registered
[    0.195472] acpiphp: Slot [14] registered
[    0.196049] acpiphp: Slot [15] registered
[    0.196906] acpiphp: Slot [16] registered
[    0.197763] acpiphp: Slot [17] registered
[    0.198620] acpiphp: Slot [18] registered
[    0.200036] acpiphp: Slot [19] registered
[    0.200899] acpiphp: Slot [20] registered
[    0.201753] acpiphp: Slot [21] registered
[    0.202608] acpiphp: Slot [22] registered
[    0.203466] acpiphp: Slot [23] registered
[    0.204048] acpiphp: Slot [24] registered
[    0.204904] acpiphp: Slot [25] registered
[    0.205760] acpiphp: Slot [26] registered
[    0.206617] acpiphp: Slot [27] registered
[    0.207474] acpiphp: Slot [28] registered
[    0.208048] acpiphp: Slot [29] registered
[    0.208904] acpiphp: Slot [30] registered
[    0.209759] acpiphp: Slot [31] registered
[    0.210583] PCI host bridge to bus 0000:00
[    0.211410] pci_bus 0000:00: root bus resource [io  0x0000-0x0cf7 window]
[    0.212003] pci_bus 0000:00: root bus resource [io  0x0d00-0xffff window]
[    0.213363] pci_bus 0000:00: root bus resource [mem 0x000a0000-0x000bffff window]
[    0.216002] pci_bus 0000:00: root bus resource [mem 0xc0000000-0xfebfffff window]
[    0.217503] pci_bus 0000:00: root bus resource [mem 0x240000000-0x2bfffffff window]
[    0.219029] pci_bus 0000:00: root bus resource [bus 00-ff]
[    0.226945] pci 0000:00:01.1: legacy IDE quirk: reg 0x10: [io  0x01f0-0x01f7]
[    0.228004] pci 0000:00:01.1: legacy IDE quirk: reg 0x14: [io  0x03f6]
[    0.230038] pci 0000:00:01.1: legacy IDE quirk: reg 0x18: [io  0x0170-0x0177]
[    0.232002] pci 0000:00:01.1: legacy IDE quirk: reg 0x1c: [io  0x0376]
[    0.234234] pci 0000:00:01.3: quirk: [io  0x0600-0x063f] claimed by PIIX4 ACPI
[    0.235687] pci 0000:00:01.3: quirk: [io  0x0700-0x070f] claimed by PIIX4 SMB
[    0.269946] ACPI: PCI Interrupt Link [LNKA] (IRQs 5 *10 11)
[    0.271271] ACPI: PCI Interrupt Link [LNKB] (IRQs 5 *10 11)
[    0.272166] ACPI: PCI Interrupt Link [LNKC] (IRQs 5 10 *11)
[    0.273441] ACPI: PCI Interrupt Link [LNKD] (IRQs 5 10 *11)
[    0.274648] ACPI: PCI Interrupt Link [LNKS] (IRQs *9)
[    0.276911] SCSI subsystem initialized
[    0.277794] pci 0000:00:02.0: vgaarb: setting as boot VGA device
[    0.277794] pci 0000:00:02.0: vgaarb: VGA device added: decodes=io+mem,owns=io+mem,locks=none
[    0.280008] pci 0000:00:02.0: vgaarb: bridge control possible
[    0.281162] vgaarb: loaded
[    0.281747] ACPI: bus type USB registered
[    0.282585] usbcore: registered new interface driver usbfs
[    0.284016] usbcore: registered new interface driver hub
[    0.285101] usbcore: registered new device driver usb
[    0.286139] pps_core: LinuxPPS API ver. 1 registered
[    0.287131] pps_core: Software ver. 5.3.6 - Copyright 2005-2007 Rodolfo Giometti <giometti@linux.it>
[    0.288004] PTP clock support registered
[    0.288835] EDAC MC: Ver: 3.0.0
[    0.288859] PCI: Using ACPI for IRQ routing
[    0.292377] NetLabel: Initializing
[    0.293069] NetLabel:  domain hash size = 128
[    0.293941] NetLabel:  protocols = UNLABELED CIPSOv4 CALIPSO
[    0.295089] NetLabel:  unlabeled traffic allowed by default
[    0.296092] HPET: 3 timers in total, 0 timers will be used for per-cpu timer
[    0.297519] hpet0: at MMIO 0xfed00000, IRQs 2, 8, 0
[    0.298496] hpet0: 3 comparators, 64-bit 100.000000 MHz counter
[    0.304054] clocksource: Switched to clocksource kvm-clock
[    0.319560] VFS: Disk quotas dquot_6.6.0
[    0.320418] VFS: Dquot-cache hash table entries: 512 (order 0, 4096 bytes)
[    0.322512] AppArmor: AppArmor Filesystem Enabled
[    0.323502] pnp: PnP ACPI init
[    0.324797] pnp: PnP ACPI: found 6 devices
[    0.333952] clocksource: acpi_pm: mask: 0xffffff max_cycles: 0xffffff, max_idle_ns: 2085701024 ns
[    0.335859] NET: Registered protocol family 2
[    0.337611] tcp_listen_portaddr_hash hash table entries: 4096 (order: 4, 65536 bytes)
[    0.339229] TCP established hash table entries: 65536 (order: 7, 524288 bytes)
[    0.340807] TCP bind hash table entries: 65536 (order: 8, 1048576 bytes)
[    0.342254] TCP: Hash tables configured (established 65536 bind 65536)
[    0.343628] UDP hash table entries: 4096 (order: 5, 131072 bytes)
[    0.345442] UDP-Lite hash table entries: 4096 (order: 5, 131072 bytes)
[    0.346819] NET: Registered protocol family 1
[    0.347722] NET: Registered protocol family 44
[    0.348631] pci 0000:00:00.0: Limiting direct PCI/PCI transfers
[    0.349826] pci 0000:00:01.0: PIIX3: Enabling Passive Release
[    0.351005] pci 0000:00:01.0: Activating ISA DMA hang workarounds
[    0.352309] pci 0000:00:02.0: Video device with shadowed ROM at [mem 0x000c0000-0x000dffff]
[    0.354064] PCI-DMA: Using software bounce buffering for IO (SWIOTLB)
[    0.355364] software IO TLB [mem 0xbbfdf000-0xbffdf000] (64MB) mapped at [(____ptrval____)-(____ptrval____)]
[    0.357370] clocksource: tsc: mask: 0xffffffffffffffff max_cycles: 0x1e3306b9ada, max_idle_ns: 440795224413 ns
[    0.359400] Scanning for low memory corruption every 60 seconds
[    0.361302] Initialise system trusted keyrings
[    0.362225] Key type blacklist registered
[    0.363125] workingset: timestamp_bits=36 max_order=21 bucket_order=0
[    0.365930] zbud: loaded
[    0.367135] squashfs: version 4.0 (2009/01/31) Phillip Lougher
[    0.368639] fuse init (API version 7.27)
[    0.369538] pstore: using deflate compression
[    0.373653] Key type asymmetric registered
[    0.374498] Asymmetric key parser 'x509' registered
[    0.375523] Block layer SCSI generic (bsg) driver version 0.4 loaded (major 244)
[    0.377087] io scheduler noop registered
[    0.377881] io scheduler deadline registered
[    0.378772] io scheduler cfq registered (default)
[    0.379952] shpchp: Standard Hot Plug PCI Controller Driver version: 0.4
[    0.381450] input: Power Button as /devices/LNXSYSTM:00/LNXPWRBN:00/input/input0
[    0.382941] ACPI: Power Button [PWRF]
[    0.384163] Serial: 8250/16550 driver, 32 ports, IRQ sharing enabled
[    0.411047] 00:05: ttyS0 at I/O 0x3f8 (irq = 4, base_baud = 115200) is a 16550A
[    0.414874] Linux agpgart interface v0.103
[    0.418206] loop: module loaded
[    0.420530] scsi host0: ata_piix
[    0.421372] scsi host1: ata_piix
[    0.422065] ata1: PATA max MWDMA2 cmd 0x1f0 ctl 0x3f6 bmdma 0xc040 irq 14
[    0.423432] ata2: PATA max MWDMA2 cmd 0x170 ctl 0x376 bmdma 0xc048 irq 15
[    0.424932] libphy: Fixed MDIO Bus: probed
[    0.425843] tun: Universal TUN/TAP device driver, 1.6
[    0.427043] PPP generic driver version 2.4.2
[    0.427987] ehci_hcd: USB 2.0 'Enhanced' Host Controller (EHCI) Driver
[    0.429310] ehci-pci: EHCI PCI platform driver
[    0.430220] ehci-platform: EHCI generic platform driver
[    0.431285] ohci_hcd: USB 1.1 'Open' Host Controller (OHCI) Driver
[    0.432534] ohci-pci: OHCI PCI platform driver
[    0.433440] ohci-platform: OHCI generic platform driver
[    0.434493] uhci_hcd: USB Universal Host Controller Interface driver
[    0.435823] i8042: PNP: PS/2 Controller [PNP0303:KBD,PNP0f13:MOU] at 0x60,0x64 irq 1,12
[    0.438893] serio: i8042 KBD port at 0x60,0x64 irq 1
[    0.439913] serio: i8042 AUX port at 0x60,0x64 irq 12
[    0.441147] mousedev: PS/2 mouse device common for all mice
[    0.442848] rtc_cmos 00:00: RTC can wake from S4
[    0.444485] rtc_cmos 00:00: registered as rtc0
[    0.445430] rtc_cmos 00:00: alarms up to one day, y3k, 114 bytes nvram, hpet irqs
[    0.446929] i2c /dev entries driver
[    0.447711] device-mapper: uevent: version 1.0.3
[    0.448936] input: AT Translated Set 2 keyboard as /devices/platform/i8042/serio0/input/input1
[    0.450676] device-mapper: ioctl: 4.39.0-ioctl (2018-04-03) initialised: dm-devel@redhat.com
[    0.452724] ledtrig-cpu: registered to indicate activity on CPUs
[    0.454434] NET: Registered protocol family 10
[    0.456214] Segment Routing with IPv6
[    0.456988] NET: Registered protocol family 17
[    0.457940] Key type dns_resolver registered
[    0.459541] RAS: Correctable Errors collector initialized.
[    0.460768] sched_clock: Marking stable (460743620, 0)->(1043499935, -582756315)
[    0.462749] registered taskstats version 1
[    0.463608] Loading compiled-in X.509 certificates
[    0.465557] Loaded X.509 cert 'Build time autogenerated kernel key: 1c2f1b3729eaf9d5675161492f0e930109267547'
[    0.467567] zswap: loaded using pool lzo/zbud
[    0.469147] Key type big_key registered
[    0.470030] Key type trusted registered
[    0.471068] Key type encrypted registered
[    0.471881] AppArmor: AppArmor sha1 policy hashing enabled
[    0.473008] ima: No TPM chip found, activating TPM-bypass! (rc=-19)
[    0.474266] ima: Allocated hash algorithm: sha1
[    0.475203] evm: Initialising EVM extended attributes:
[    0.476268] evm: security.selinux
[    0.476943] evm: security.SMACK64
[    0.477617] evm: security.SMACK64EXEC
[    0.478359] evm: security.SMACK64TRANSMUTE
[    0.479192] evm: security.SMACK64MMAP
[    0.479933] evm: security.apparmor
[    0.480643] evm: security.ima
[    0.481246] evm: security.capability
[    0.481968] evm: HMAC attrs: 0x1
[    0.482896]   Magic number: 8:191:380
[    0.483831] rtc_cmos 00:00: setting system clock to 2024-01-15 12:21:01 UTC (1705321261)
[    0.588356] ata2.00: ATAPI: QEMU DVD-ROM, 2.5+, max UDMA/100
[    0.592537] ata1.00: ATA-7: QEMU HARDDISK, 2.5+, max UDMA/100
[    0.596038] ata1.00: 41943040 sectors, multi 16: LBA48 
[    0.602344] scsi 0:0:0:0: Direct-Access     ATA      QEMU HARDDISK    2.5+ PQ: 0 ANSI: 5
[    0.608788] sd 0:0:0:0: Attached scsi generic sg0 type 0
[    0.608908] sd 0:0:0:0: [sda] 41943040 512-byte logical blocks: (21.5 GB/20.0 GiB)
[    0.617785] sd 0:0:0:0: [sda] Write Protect is off
[    0.617813] scsi 1:0:0:0: CD-ROM            QEMU     QEMU DVD-ROM     2.5+ PQ: 0 ANSI: 5
[    0.625422] sd 0:0:0:0: [sda] Write cache: enabled, read cache: enabled, doesn't support DPO or FUA
[    0.634996] sd 0:0:0:0: [sda] Attached SCSI disk
[    0.661669] sr 1:0:0:0: [sr0] scsi3-mmc drive: 4x/4x cd/rw xa/form2 tray
[    0.665775] cdrom: Uniform CD-ROM driver Revision: 3.20
[    0.670345] sr 1:0:0:0: Attached scsi generic sg1 type 5
[    0.673855] md: Waiting for all devices to be available before autodetect
[    0.678030] md: If you don't use raid, use raid=noautodetect
[    0.681941] md: Autodetecting RAID arrays.
[    0.684500] md: autorun ...
[    0.686232] md: ... autorun DONE.
[    0.796410] EXT4-fs (sda): recovery complete
[    0.813761] EXT4-fs (sda): mounted filesystem with ordered data mode. Opts: (null)
[    0.818381] VFS: Mounted root (ext4 filesystem) on device 8:0.
[    0.822751] devtmpfs: mounted
[    0.837504] Freeing unused kernel image memory: 2464K
[    0.856054] Write protecting the kernel read-only data: 22528k
[    0.864687] Freeing unused kernel image memory: 2008K
[    0.868806] Freeing unused kernel image memory: 1960K
[    0.899644] x86/mm: Checked W+X mappings: passed, no W+X pages found.
[    0.902243] x86/mm: Checking user space page tables
[    0.922498] x86/mm: Checked W+X mappings: passed, no W+X pages found.
[    1.247000] random: fast init done
[    8.332586] random: crng init done
[   12.027954] e1000: Intel(R) PRO/1000 Network Driver - version 7.3.21-k8-NAPI
[   12.031142] e1000: Copyright (c) 1999-2006 Intel Corporation.
[   12.085784] PCI Interrupt Link [LNKC] enabled at IRQ 11
[   12.473790] e1000 0000:00:03.0 eth0: (PCI:33MHz:32-bit) 52:54:00:12:34:56
[   12.475220] e1000 0000:00:03.0 eth0: Intel(R) PRO/1000 Network Connection
[   12.500704] IPv6: ADDRCONF(NETDEV_UP): eth0: link is not ready
[   14.524911] e1000: eth0 NIC Link is Up 1000 Mbps Full Duplex, Flow Control: RX
[   14.530878] IPv6: ADDRCONF(NETDEV_CHANGE): eth0: link becomes ready
haveged: haveged starting up
ptr: 0x333333333000
PHP Notice:  Undefined index: SERVER_NAME in /benchmark-scripts/phpbench.php on line 71
PHP Notice:  Undefined index: SERVER_ADDR in /benchmark-scripts/phpbench.php on line 71
<pre>--------------------------------------
|        PHP BENCHMARK SCRIPT        |
--------------------------------------
Start : 2024-01-15 12:21:18
Server : @
PHP version : 7.2.10-0ubuntu1
Platform : Linux
--------------------------------------
test_math                 : 0.647 sec.
test_stringmanipulation   : 0.796 sec.
test_loops                : 1.374 sec.
test_ifelse               : 0.997 sec.
--------------------------------------
Total time:               : 3.814 sec.</pre>
PHP Notice:  Undefined index: SERVER_NAME in /benchmark-scripts/phpbench.php on line 71
PHP Notice:  Undefined index: SERVER_ADDR in /benchmark-scripts/phpbench.php on line 71
<pre>--------------------------------------
|        PHP BENCHMARK SCRIPT        |
--------------------------------------
Start : 2024-01-15 12:21:22
Server : @
PHP version : 7.2.10-0ubuntu1
Platform : Linux
--------------------------------------
test_math                 : 0.636 sec.
test_stringmanipulation   : 0.798 sec.
test_loops                : 1.368 sec.
test_ifelse               : 0.999 sec.
--------------------------------------
Total time:               : 3.801 sec.</pre>
PHP Notice:  Undefined index: SERVER_NAME in /benchmark-scripts/phpbench.php on line 71
PHP Notice:  Undefined index: SERVER_ADDR in /benchmark-scripts/phpbench.php on line 71
<pre>--------------------------------------
|        PHP BENCHMARK SCRIPT        |
--------------------------------------
Start : 2024-01-15 12:21:26
Server : @
PHP version : 7.2.10-0ubuntu1
Platform : Linux
--------------------------------------
test_math                 : 0.633 sec.
test_stringmanipulation   : 0.805 sec.
test_loops                : 1.374 sec.
test_ifelse               : 1.001 sec.
--------------------------------------
Total time:               : 3.813 sec.</pre>
PHP Notice:  Undefined index: SERVER_NAME in /benchmark-scripts/phpbench.php on line 71
PHP Notice:  Undefined index: SERVER_ADDR in /benchmark-scripts/phpbench.php on line 71
<pre>--------------------------------------
|        PHP BENCHMARK SCRIPT        |
--------------------------------------
Start : 2024-01-15 12:21:30
Server : @
PHP version : 7.2.10-0ubuntu1
Platform : Linux
--------------------------------------
test_math                 : 0.656 sec.
test_stringmanipulation   : 0.807 sec.
test_loops                : 1.375 sec.
test_ifelse               : 0.996 sec.
--------------------------------------
Total time:               : 3.834 sec.</pre>
PHP Notice:  Undefined index: SERVER_NAME in /benchmark-scripts/phpbench.php on line 71
PHP Notice:  Undefined index: SERVER_ADDR in /benchmark-scripts/phpbench.php on line 71
<pre>--------------------------------------
|        PHP BENCHMARK SCRIPT        |
--------------------------------------
Start : 2024-01-15 12:21:34
Server : @
PHP version : 7.2.10-0ubuntu1
Platform : Linux
--------------------------------------
test_math                 : 0.629 sec.
test_stringmanipulation   : 0.799 sec.
test_loops                : 1.391 sec.
test_ifelse               : 1.001 sec.
--------------------------------------
Total time:               : 3.82 sec.</pre>
PHP Notice:  Undefined index: SERVER_NAME in /benchmark-scripts/phpbench.php on line 71
PHP Notice:  Undefined index: SERVER_ADDR in /benchmark-scripts/phpbench.php on line 71
<pre>--------------------------------------
|        PHP BENCHMARK SCRIPT        |
--------------------------------------
Start : 2024-01-15 12:21:38
Server : @
PHP version : 7.2.10-0ubuntu1
Platform : Linux
--------------------------------------
test_math                 : 0.634 sec.
test_stringmanipulation   : 0.791 sec.
test_loops                : 1.374 sec.
test_ifelse               : 0.996 sec.
--------------------------------------
Total time:               : 3.795 sec.</pre>
PHP Notice:  Undefined index: SERVER_NAME in /benchmark-scripts/phpbench.php on line 71
PHP Notice:  Undefined index: SERVER_ADDR in /benchmark-scripts/phpbench.php on line 71
<pre>--------------------------------------
|        PHP BENCHMARK SCRIPT        |
--------------------------------------
Start : 2024-01-15 12:21:42
Server : @
PHP version : 7.2.10-0ubuntu1
Platform : Linux
--------------------------------------
test_math                 : 0.629 sec.
test_stringmanipulation   : 0.799 sec.
test_loops                : 1.370 sec.
test_ifelse               : 0.997 sec.
--------------------------------------
Total time:               : 3.795 sec.</pre>
PHP Notice:  Undefined index: SERVER_NAME in /benchmark-scripts/phpbench.php on line 71
PHP Notice:  Undefined index: SERVER_ADDR in /benchmark-scripts/phpbench.php on line 71
<pre>--------------------------------------
|        PHP BENCHMARK SCRIPT        |
--------------------------------------
Start : 2024-01-15 12:21:45
Server : @
PHP version : 7.2.10-0ubuntu1
Platform : Linux
--------------------------------------
test_math                 : 0.639 sec.
test_stringmanipulation   : 0.795 sec.
test_loops                : 1.373 sec.
test_ifelse               : 0.999 sec.
--------------------------------------
Total time:               : 3.806 sec.</pre>
PHP Notice:  Undefined index: SERVER_NAME in /benchmark-scripts/phpbench.php on line 71
PHP Notice:  Undefined index: SERVER_ADDR in /benchmark-scripts/phpbench.php on line 71
<pre>--------------------------------------
|        PHP BENCHMARK SCRIPT        |
--------------------------------------
Start : 2024-01-15 12:21:49
Server : @
PHP version : 7.2.10-0ubuntu1
Platform : Linux
--------------------------------------
test_math                 : 0.644 sec.
test_stringmanipulation   : 0.807 sec.
test_loops                : 1.355 sec.
test_ifelse               : 1.002 sec.
--------------------------------------
Total time:               : 3.808 sec.</pre>
PHP Notice:  Undefined index: SERVER_NAME in /benchmark-scripts/phpbench.php on line 71
PHP Notice:  Undefined index: SERVER_ADDR in /benchmark-scripts/phpbench.php on line 71
<pre>--------------------------------------
|        PHP BENCHMARK SCRIPT        |
--------------------------------------
Start : 2024-01-15 12:21:53
Server : @
PHP version : 7.2.10-0ubuntu1
Platform : Linux
--------------------------------------
test_math                 : 0.629 sec.
test_stringmanipulation   : 0.796 sec.
test_loops                : 1.375 sec.
test_ifelse               : 0.998 sec.
--------------------------------------
Total time:               : 3.798 sec.</pre>
PHP Notice:  Undefined index: SERVER_NAME in /benchmark-scripts/phpbench.php on line 71
PHP Notice:  Undefined index: SERVER_ADDR in /benchmark-scripts/phpbench.php on line 71
<pre>--------------------------------------
|        PHP BENCHMARK SCRIPT        |
--------------------------------------
Start : 2024-01-15 12:21:57
Server : @
PHP version : 7.2.10-0ubuntu1
Platform : Linux
--------------------------------------
test_math                 : 0.645 sec.
test_stringmanipulation   : 0.792 sec.
test_loops                : 1.373 sec.
test_ifelse               : 0.999 sec.
--------------------------------------
Total time:               : 3.809 sec.</pre>
PHP Notice:  Undefined index: SERVER_NAME in /benchmark-scripts/phpbench.php on line 71
PHP Notice:  Undefined index: SERVER_ADDR in /benchmark-scripts/phpbench.php on line 71
<pre>--------------------------------------
|        PHP BENCHMARK SCRIPT        |
--------------------------------------
Start : 2024-01-15 12:22:01
Server : @
PHP version : 7.2.10-0ubuntu1
Platform : Linux
--------------------------------------
test_math                 : 0.631 sec.
test_stringmanipulation   : 0.792 sec.
test_loops                : 1.374 sec.
test_ifelse               : 0.996 sec.
--------------------------------------
Total time:               : 3.793 sec.</pre>
PHP Notice:  Undefined index: SERVER_NAME in /benchmark-scripts/phpbench.php on line 71
PHP Notice:  Undefined index: SERVER_ADDR in /benchmark-scripts/phpbench.php on line 71
<pre>--------------------------------------
|        PHP BENCHMARK SCRIPT        |
--------------------------------------
Start : 2024-01-15 12:22:05
Server : @
PHP version : 7.2.10-0ubuntu1
Platform : Linux
--------------------------------------
test_math                 : 0.637 sec.
test_stringmanipulation   : 0.790 sec.
test_loops                : 1.374 sec.
test_ifelse               : 0.998 sec.
--------------------------------------
Total time:               : 3.799 sec.</pre>
PHP Notice:  Undefined index: SERVER_NAME in /benchmark-scripts/phpbench.php on line 71
PHP Notice:  Undefined index: SERVER_ADDR in /benchmark-scripts/phpbench.php on line 71
<pre>--------------------------------------
|        PHP BENCHMARK SCRIPT        |
--------------------------------------
Start : 2024-01-15 12:22:09
Server : @
PHP version : 7.2.10-0ubuntu1
Platform : Linux
--------------------------------------
test_math                 : 0.641 sec.
test_stringmanipulation   : 0.797 sec.
test_loops                : 1.374 sec.
test_ifelse               : 1.002 sec.
--------------------------------------
Total time:               : 3.814 sec.</pre>
PHP Notice:  Undefined index: SERVER_NAME in /benchmark-scripts/phpbench.php on line 71
PHP Notice:  Undefined index: SERVER_ADDR in /benchmark-scripts/phpbench.php on line 71
<pre>--------------------------------------
|        PHP BENCHMARK SCRIPT        |
--------------------------------------
Start : 2024-01-15 12:22:12
Server : @
PHP version : 7.2.10-0ubuntu1
Platform : Linux
--------------------------------------
test_math                 : 0.635 sec.
test_stringmanipulation   : 0.791 sec.
test_loops                : 1.369 sec.
test_ifelse               : 0.996 sec.
--------------------------------------
Total time:               : 3.791 sec.</pre>
PHP Notice:  Undefined index: SERVER_NAME in /benchmark-scripts/phpbench.php on line 71
PHP Notice:  Undefined index: SERVER_ADDR in /benchmark-scripts/phpbench.php on line 71
<pre>--------------------------------------
|        PHP BENCHMARK SCRIPT        |
--------------------------------------
Start : 2024-01-15 12:22:16
Server : @
PHP version : 7.2.10-0ubuntu1
Platform : Linux
--------------------------------------
test_math                 : 0.638 sec.
test_stringmanipulation   : 0.800 sec.
test_loops                : 1.373 sec.
test_ifelse               : 1.051 sec.
--------------------------------------
Total time:               : 3.862 sec.</pre>
PHP Notice:  Undefined index: SERVER_NAME in /benchmark-scripts/phpbench.php on line 71
PHP Notice:  Undefined index: SERVER_ADDR in /benchmark-scripts/phpbench.php on line 71
<pre>--------------------------------------
|        PHP BENCHMARK SCRIPT        |
--------------------------------------
Start : 2024-01-15 12:22:20
Server : @
PHP version : 7.2.10-0ubuntu1
Platform : Linux
--------------------------------------
test_math                 : 0.644 sec.
test_stringmanipulation   : 0.792 sec.
test_loops                : 1.372 sec.
test_ifelse               : 1.001 sec.
--------------------------------------
Total time:               : 3.809 sec.</pre>
PHP Notice:  Undefined index: SERVER_NAME in /benchmark-scripts/phpbench.php on line 71
PHP Notice:  Undefined index: SERVER_ADDR in /benchmark-scripts/phpbench.php on line 71
<pre>--------------------------------------
|        PHP BENCHMARK SCRIPT        |
--------------------------------------
Start : 2024-01-15 12:22:24
Server : @
PHP version : 7.2.10-0ubuntu1
Platform : Linux
--------------------------------------
test_math                 : 0.654 sec.
test_stringmanipulation   : 0.798 sec.
test_loops                : 1.374 sec.
test_ifelse               : 0.998 sec.
--------------------------------------
Total time:               : 3.824 sec.</pre>
PHP Notice:  Undefined index: SERVER_NAME in /benchmark-scripts/phpbench.php on line 71
PHP Notice:  Undefined index: SERVER_ADDR in /benchmark-scripts/phpbench.php on line 71
<pre>--------------------------------------
|        PHP BENCHMARK SCRIPT        |
--------------------------------------
Start : 2024-01-15 12:22:28
Server : @
PHP version : 7.2.10-0ubuntu1
Platform : Linux
--------------------------------------
test_math                 : 0.635 sec.
test_stringmanipulation   : 0.801 sec.
test_loops                : 1.372 sec.
test_ifelse               : 0.998 sec.
--------------------------------------
Total time:               : 3.806 sec.</pre>
PHP Notice:  Undefined index: SERVER_NAME in /benchmark-scripts/phpbench.php on line 71
PHP Notice:  Undefined index: SERVER_ADDR in /benchmark-scripts/phpbench.php on line 71
<pre>--------------------------------------
|        PHP BENCHMARK SCRIPT        |
--------------------------------------
Start : 2024-01-15 12:22:32
Server : @
PHP version : 7.2.10-0ubuntu1
Platform : Linux
--------------------------------------
test_math                 : 0.655 sec.
test_stringmanipulation   : 0.794 sec.
test_loops                : 1.367 sec.
test_ifelse               : 0.997 sec.
--------------------------------------
Total time:               : 3.813 sec.</pre>
ptr: 0x222222222000
[   95.155922] Kernel panic - not syncing: Attempted to kill init! exitcode=0x00000000
[   95.155922] 
[   95.162979] CPU: 1 PID: 1 Comm: php.sh Not tainted 4.18.20-linux-cosmic-cosmic-base #1
[   95.169369] Hardware name: QEMU Standard PC (i440FX + PIIX, 1996), BIOS rel-1.11.1-0-g0551a4be2c-prebuilt.qemu-project.org 04/01/2014
[   95.178483] Call Trace:
[   95.180508]  dump_stack+0x63/0x85
[   95.183090]  panic+0xe4/0x244
[   95.185435]  do_exit+0xb30/0xb30
[   95.187968]  do_group_exit+0x43/0xb0
[   95.190742]  __x64_sys_exit_group+0x18/0x20
[   95.193996]  do_syscall_64+0x5a/0x120
[   95.196767]  entry_SYSCALL_64_after_hwframe+0x44/0xa9
[   95.200215] RIP: 0033:0x7f9b2324b946
[   95.202430] Code: Bad RIP value.
[   95.204440] RSP: 002b:00007ffe72839a38 EFLAGS: 00000246 ORIG_RAX: 00000000000000e7
[   95.208644] RAX: ffffffffffffffda RBX: 00007f9b2334d760 RCX: 00007f9b2324b946
[   95.212387] RDX: 0000000000000000 RSI: 000000000000003c RDI: 0000000000000000
[   95.215266] RBP: 0000000000000000 R08: 00000000000000e7 R09: ffffffffffffff80
[   95.218012] R10: 00007ffe728398ea R11: 0000000000000246 R12: 00007f9b2334d760
[   95.220635] R13: 0000000000000001 R14: 00007f9b23356428 R15: 0000000000000000
[   95.223336] Kernel Offset: 0x1000000 from 0xffffffff81000000 (relocation range: 0xffffffff80000000-0xffffffffbfffffff)
